Archive member included to satisfy reference by file (symbol)

c:/st/stm32cubeide_1.6.0/stm32cubeide/plugins/com.st.stm32cube.ide.mcu.externaltools.gnu-tools-for-stm32.9-2020-q2-update.win32_2.0.0.202105311346/tools/bin/../lib/gcc/arm-none-eabi/9.3.1/../../../../arm-none-eabi/lib/thumb/v7e-m+dp/hard\libc_nano.a(lib_a-errno.o)
                              ./Core/Src/syscalls.o (__errno)
c:/st/stm32cubeide_1.6.0/stm32cubeide/plugins/com.st.stm32cube.ide.mcu.externaltools.gnu-tools-for-stm32.9-2020-q2-update.win32_2.0.0.202105311346/tools/bin/../lib/gcc/arm-none-eabi/9.3.1/../../../../arm-none-eabi/lib/thumb/v7e-m+dp/hard\libc_nano.a(lib_a-exit.o)
                              c:/st/stm32cubeide_1.6.0/stm32cubeide/plugins/com.st.stm32cube.ide.mcu.externaltools.gnu-tools-for-stm32.9-2020-q2-update.win32_2.0.0.202105311346/tools/bin/../lib/gcc/arm-none-eabi/9.3.1/../../../../arm-none-eabi/lib/thumb/v7e-m+dp/hard/crt0.o (exit)
c:/st/stm32cubeide_1.6.0/stm32cubeide/plugins/com.st.stm32cube.ide.mcu.externaltools.gnu-tools-for-stm32.9-2020-q2-update.win32_2.0.0.202105311346/tools/bin/../lib/gcc/arm-none-eabi/9.3.1/../../../../arm-none-eabi/lib/thumb/v7e-m+dp/hard\libc_nano.a(lib_a-impure.o)
                              c:/st/stm32cubeide_1.6.0/stm32cubeide/plugins/com.st.stm32cube.ide.mcu.externaltools.gnu-tools-for-stm32.9-2020-q2-update.win32_2.0.0.202105311346/tools/bin/../lib/gcc/arm-none-eabi/9.3.1/../../../../arm-none-eabi/lib/thumb/v7e-m+dp/hard\libc_nano.a(lib_a-exit.o) (_global_impure_ptr)
c:/st/stm32cubeide_1.6.0/stm32cubeide/plugins/com.st.stm32cube.ide.mcu.externaltools.gnu-tools-for-stm32.9-2020-q2-update.win32_2.0.0.202105311346/tools/bin/../lib/gcc/arm-none-eabi/9.3.1/../../../../arm-none-eabi/lib/thumb/v7e-m+dp/hard\libc_nano.a(lib_a-init.o)
                              c:/st/stm32cubeide_1.6.0/stm32cubeide/plugins/com.st.stm32cube.ide.mcu.externaltools.gnu-tools-for-stm32.9-2020-q2-update.win32_2.0.0.202105311346/tools/bin/../lib/gcc/arm-none-eabi/9.3.1/../../../../arm-none-eabi/lib/thumb/v7e-m+dp/hard/crt0.o (__libc_init_array)
c:/st/stm32cubeide_1.6.0/stm32cubeide/plugins/com.st.stm32cube.ide.mcu.externaltools.gnu-tools-for-stm32.9-2020-q2-update.win32_2.0.0.202105311346/tools/bin/../lib/gcc/arm-none-eabi/9.3.1/../../../../arm-none-eabi/lib/thumb/v7e-m+dp/hard\libc_nano.a(lib_a-memcpy-stub.o)
                              ./Drivers/STM32H7xx_HAL_Driver/Src/stm32h7xx_hal_fdcan.o (memcpy)
c:/st/stm32cubeide_1.6.0/stm32cubeide/plugins/com.st.stm32cube.ide.mcu.externaltools.gnu-tools-for-stm32.9-2020-q2-update.win32_2.0.0.202105311346/tools/bin/../lib/gcc/arm-none-eabi/9.3.1/../../../../arm-none-eabi/lib/thumb/v7e-m+dp/hard\libc_nano.a(lib_a-memset.o)
                              c:/st/stm32cubeide_1.6.0/stm32cubeide/plugins/com.st.stm32cube.ide.mcu.externaltools.gnu-tools-for-stm32.9-2020-q2-update.win32_2.0.0.202105311346/tools/bin/../lib/gcc/arm-none-eabi/9.3.1/../../../../arm-none-eabi/lib/thumb/v7e-m+dp/hard/crt0.o (memset)
c:/st/stm32cubeide_1.6.0/stm32cubeide/plugins/com.st.stm32cube.ide.mcu.externaltools.gnu-tools-for-stm32.9-2020-q2-update.win32_2.0.0.202105311346/tools/bin/../lib/gcc/arm-none-eabi/9.3.1/../../../../arm-none-eabi/lib/thumb/v7e-m+dp/hard\libc_nano.a(lib_a-vsprintf.o)
                              ./Core/Src/main.o (vsprintf)
c:/st/stm32cubeide_1.6.0/stm32cubeide/plugins/com.st.stm32cube.ide.mcu.externaltools.gnu-tools-for-stm32.9-2020-q2-update.win32_2.0.0.202105311346/tools/bin/../lib/gcc/arm-none-eabi/9.3.1/../../../../arm-none-eabi/lib/thumb/v7e-m+dp/hard\libc_nano.a(lib_a-nano-svfprintf.o)
                              c:/st/stm32cubeide_1.6.0/stm32cubeide/plugins/com.st.stm32cube.ide.mcu.externaltools.gnu-tools-for-stm32.9-2020-q2-update.win32_2.0.0.202105311346/tools/bin/../lib/gcc/arm-none-eabi/9.3.1/../../../../arm-none-eabi/lib/thumb/v7e-m+dp/hard\libc_nano.a(lib_a-vsprintf.o) (_svfprintf_r)
c:/st/stm32cubeide_1.6.0/stm32cubeide/plugins/com.st.stm32cube.ide.mcu.externaltools.gnu-tools-for-stm32.9-2020-q2-update.win32_2.0.0.202105311346/tools/bin/../lib/gcc/arm-none-eabi/9.3.1/../../../../arm-none-eabi/lib/thumb/v7e-m+dp/hard\libc_nano.a(lib_a-nano-vfprintf_i.o)
                              c:/st/stm32cubeide_1.6.0/stm32cubeide/plugins/com.st.stm32cube.ide.mcu.externaltools.gnu-tools-for-stm32.9-2020-q2-update.win32_2.0.0.202105311346/tools/bin/../lib/gcc/arm-none-eabi/9.3.1/../../../../arm-none-eabi/lib/thumb/v7e-m+dp/hard\libc_nano.a(lib_a-nano-svfprintf.o) (_printf_i)
c:/st/stm32cubeide_1.6.0/stm32cubeide/plugins/com.st.stm32cube.ide.mcu.externaltools.gnu-tools-for-stm32.9-2020-q2-update.win32_2.0.0.202105311346/tools/bin/../lib/gcc/arm-none-eabi/9.3.1/../../../../arm-none-eabi/lib/thumb/v7e-m+dp/hard\libc_nano.a(lib_a-memchr.o)
[...]
Memory Configuration

Name             Origin             Length             Attributes
FLASH            0x0000000008000000 0x0000000000200000 xr
RAM              0x0000000020000000 0x0000000000020000 xrw
RAM_D1           0x0000000024000000 0x0000000000080000 xrw
RAM_D2           0x0000000030000000 0x0000000000048000 xrw
RAM_D3           0x0000000038000000 0x0000000000010000 xrw
ITCMRAM          0x0000000000000000 0x0000000000010000 xrw
*default*        0x0000000000000000 0xffffffffffffffff

Linker script and memory map

LOAD c:/st/stm32cubeide_1.6.0/stm32cubeide/plugins/com.st.stm32cube.ide.mcu.externaltools.gnu-tools-for-stm32.9-2020-q2-update.win32_2.0.0.202105311346/tools/bin/../lib/gcc/arm-none-eabi/9.3.1/thumb/v7e-m+dp/hard/crti.o
LOAD c:/st/stm32cubeide_1.6.0/stm32cubeide/plugins/com.st.stm32cube.ide.mcu.externaltools.gnu-tools-for-stm32.9-2020-q2-update.win32_2.0.0.202105311346/tools/bin/../lib/gcc/arm-none-eabi/9.3.1/thumb/v7e-m+dp/hard/crtbegin.o
LOAD c:/st/stm32cubeide_1.6.0/stm32cubeide/plugins/com.st.stm32cube.ide.mcu.externaltools.gnu-tools-for-stm32.9-2020-q2-update.win32_2.0.0.202105311346/tools/bin/../lib/gcc/arm-none-eabi/9.3.1/../../../../arm-none-eabi/lib/thumb/v7e-m+dp/hard/crt0.o
LOAD ./Core/Src/Initializers.o
LOAD ./Core/Src/adc.o
LOAD ./Core/Src/can_handler.o
LOAD ./Core/Src/general_can.o
LOAD ./Core/Src/gpio.o
LOAD ./Core/Src/i2c.o
LOAD ./Core/Src/main.o
LOAD ./Core/Src/stm32h7xx_hal_msp.o
LOAD ./Core/Src/stm32h7xx_it.o
LOAD ./Core/Src/syscalls.o
LOAD ./Core/Src/sysmem.o
LOAD ./Core/Src/system_stm32h7xx.o
LOAD ./Core/Src/usart.o
LOAD ./Core/Startup/startup_stm32h743vitx.o
LOAD ./Drivers/STM32H7xx_HAL_Driver/Src/stm32h7xx_hal.o
LOAD ./Drivers/STM32H7xx_HAL_Driver/Src/stm32h7xx_hal_adc.o
LOAD ./Drivers/STM32H7xx_HAL_Driver/Src/stm32h7xx_hal_adc_ex.o
LOAD ./Drivers/STM32H7xx_HAL_Driver/Src/stm32h7xx_hal_cortex.o
LOAD ./Drivers/STM32H7xx_HAL_Driver/Src/stm32h7xx_hal_dma.o
LOAD ./Drivers/STM32H7xx_HAL_Driver/Src/stm32h7xx_hal_dma_ex.o
LOAD ./Drivers/STM32H7xx_HAL_Driver/Src/stm32h7xx_hal_exti.o
LOAD ./Drivers/STM32H7xx_HAL_Driver/Src/stm32h7xx_hal_fdcan.o
LOAD ./Drivers/STM32H7xx_HAL_Driver/Src/stm32h7xx_hal_flash.o
LOAD ./Drivers/STM32H7xx_HAL_Driver/Src/stm32h7xx_hal_flash_ex.o
LOAD ./Drivers/STM32H7xx_HAL_Driver/Src/stm32h7xx_hal_gpio.o
LOAD ./Drivers/STM32H7xx_HAL_Driver/Src/stm32h7xx_hal_hsem.o
LOAD ./Drivers/STM32H7xx_HAL_Driver/Src/stm32h7xx_hal_i2c.o
LOAD ./Drivers/STM32H7xx_HAL_Driver/Src/stm32h7xx_hal_i2c_ex.o
LOAD ./Drivers/STM32H7xx_HAL_Driver/Src/stm32h7xx_hal_mdma.o
LOAD ./Drivers/STM32H7xx_HAL_Driver/Src/stm32h7xx_hal_pwr.o
LOAD ./Drivers/STM32H7xx_HAL_Driver/Src/stm32h7xx_hal_pwr_ex.o
LOAD ./Drivers/STM32H7xx_HAL_Driver/Src/stm32h7xx_hal_rcc.o
LOAD ./Drivers/STM32H7xx_HAL_Driver/Src/stm32h7xx_hal_rcc_ex.o
LOAD ./Drivers/STM32H7xx_HAL_Driver/Src/stm32h7xx_hal_tim.o
LOAD ./Drivers/STM32H7xx_HAL_Driver/Src/stm32h7xx_hal_tim_ex.o
LOAD ./Drivers/STM32H7xx_HAL_Driver/Src/stm32h7xx_hal_uart.o
LOAD ./Drivers/STM32H7xx_HAL_Driver/Src/stm32h7xx_hal_uart_ex.o
START GROUP
LOAD c:/st/stm32cubeide_1.6.0/stm32cubeide/plugins/com.st.stm32cube.ide.mcu.externaltools.gnu-tools-for-stm32.9-2020-q2-update.win32_2.0.0.202105311346/tools/bin/../lib/gcc/arm-none-eabi/9.3.1/../../../../arm-none-eabi/lib/thumb/v7e-m+dp/hard\libc_nano.a
LOAD c:/st/stm32cubeide_1.6.0/stm32cubeide/plugins/com.st.stm32cube.ide.mcu.externaltools.gnu-tools-for-stm32.9-2020-q2-update.win32_2.0.0.202105311346/tools/bin/../lib/gcc/arm-none-eabi/9.3.1/../../../../arm-none-eabi/lib/thumb/v7e-m+dp/hard\libm.a
END GROUP
START GROUP
LOAD c:/st/stm32cubeide_1.6.0/stm32cubeide/plugins/com.st.stm32cube.ide.mcu.externaltools.gnu-tools-for-stm32.9-2020-q2-update.win32_2.0.0.202105311346/tools/bin/../lib/gcc/arm-none-eabi/9.3.1/thumb/v7e-m+dp/hard\libgcc.a
LOAD c:/st/stm32cubeide_1.6.0/stm32cubeide/plugins/com.st.stm32cube.ide.mcu.externaltools.gnu-tools-for-stm32.9-2020-q2-update.win32_2.0.0.202105311346/tools/bin/../lib/gcc/arm-none-eabi/9.3.1/../../../../arm-none-eabi/lib/thumb/v7e-m+dp/hard\libc_nano.a
END GROUP
START GROUP
LOAD c:/st/stm32cubeide_1.6.0/stm32cubeide/plugins/com.st.stm32cube.ide.mcu.externaltools.gnu-tools-for-stm32.9-2020-q2-update.win32_2.0.0.202105311346/tools/bin/../lib/gcc/arm-none-eabi/9.3.1/thumb/v7e-m+dp/hard\libgcc.a
LOAD c:/st/stm32cubeide_1.6.0/stm32cubeide/plugins/com.st.stm32cube.ide.mcu.externaltools.gnu-tools-for-stm32.9-2020-q2-update.win32_2.0.0.202105311346/tools/bin/../lib/gcc/arm-none-eabi/9.3.1/../../../../arm-none-eabi/lib/thumb/v7e-m+dp/hard\libc_nano.a
LOAD c:/st/stm32cubeide_1.6.0/stm32cubeide/plugins/com.st.stm32cube.ide.mcu.externaltools.gnu-tools-for-stm32.9-2020-q2-update.win32_2.0.0.202105311346/tools/bin/../lib/gcc/arm-none-eabi/9.3.1/../../../../arm-none-eabi/lib/thumb/v7e-m+dp/hard\libnosys.a
END GROUP
START GROUP
LOAD c:/st/stm32cubeide_1.6.0/stm32cubeide/plugins/com.st.stm32cube.ide.mcu.externaltools.gnu-tools-for-stm32.9-2020-q2-update.win32_2.0.0.202105311346/tools/bin/../lib/gcc/arm-none-eabi/9.3.1/thumb/v7e-m+dp/hard\libgcc.a
LOAD c:/st/stm32cubeide_1.6.0/stm32cubeide/plugins/com.st.stm32cube.ide.mcu.externaltools.gnu-tools-for-stm32.9-2020-q2-update.win32_2.0.0.202105311346/tools/bin/../lib/gcc/arm-none-eabi/9.3.1/../../../../arm-none-eabi/lib/thumb/v7e-m+dp/hard\libc_nano.a
LOAD c:/st/stm32cubeide_1.6.0/stm32cubeide/plugins/com.st.stm32cube.ide.mcu.externaltools.gnu-tools-for-stm32.9-2020-q2-update.win32_2.0.0.202105311346/tools/bin/../lib/gcc/arm-none-eabi/9.3.1/../../../../arm-none-eabi/lib/thumb/v7e-m+dp/hard\libnosys.a
END GROUP
LOAD c:/st/stm32cubeide_1.6.0/stm32cubeide/plugins/com.st.stm32cube.ide.mcu.externaltools.gnu-tools-for-stm32.9-2020-q2-update.win32_2.0.0.202105311346/tools/bin/../lib/gcc/arm-none-eabi/9.3.1/thumb/v7e-m+dp/hard/crtend.o
LOAD c:/st/stm32cubeide_1.6.0/stm32cubeide/plugins/com.st.stm32cube.ide.mcu.externaltools.gnu-tools-for-stm32.9-2020-q2-update.win32_2.0.0.202105311346/tools/bin/../lib/gcc/arm-none-eabi/9.3.1/thumb/v7e-m+dp/hard/crtn.o
                0x0000000020020000                _estack = 0x20020000
                0x0000000000000200                _Min_Heap_Size = 0x200
                0x0000000000000400                _Min_Stack_Size = 0x400

.isr_vector     0x0000000008000000      0x298
                0x0000000008000000                . = ALIGN (0x4)
 *(.isr_vector)
 .isr_vector    0x0000000008000000      0x298 ./Core/Startup/startup_stm32h743vitx.o
                0x0000000008000000                g_pfnVectors
                0x0000000008000298                . = ALIGN (0x4)

.text           0x0000000008000298     0x84d0
                0x0000000008000298                . = ALIGN (0x4)
 *(.text)
 .text          0x0000000008000298       0x40 c:/st/stm32cubeide_1.6.0/stm32cubeide/plugins/com.st.stm32cube.ide.mcu.externaltools.gnu-tools-for-stm32.9-2020-q2-update.win32_2.0.0.202105311346/tools/bin/../lib/gcc/arm-none-eabi/9.3.1/thumb/v7e-m+dp/hard/crtbegin.o
 .text          0x00000000080002d8       0x30 c:/st/stm32cubeide_1.6.0/stm32cubeide/plugins/com.st.stm32cube.ide.mcu.externaltools.gnu-tools-for-stm32.9-2020-q2-update.win32_2.0.0.202105311346/tools/bin/../lib/gcc/arm-none-eabi/9.3.1/thumb/v7e-m+dp/hard\libgcc.a(_aeabi_uldivmod.o)
                0x00000000080002d8                __aeabi_uldivmod
 .text          0x0000000008000308      0x2c4 c:/st/stm32cubeide_1.6.0/stm32cubeide/plugins/com.st.stm32cube.ide.mcu.externaltools.gnu-tools-for-stm32.9-2020-q2-update.win32_2.0.0.202105311346/tools/bin/../lib/gcc/arm-none-eabi/9.3.1/thumb/v7e-m+dp/hard\libgcc.a(_udivmoddi4.o)
                0x0000000008000308                __udivmoddi4
 .text          0x00000000080005cc        0x4 c:/st/stm32cubeide_1.6.0/stm32cubeide/plugins/com.st.stm32cube.ide.mcu.externaltools.gnu-tools-for-stm32.9-2020-q2-update.win32_2.0.0.202105311346/tools/bin/../lib/gcc/arm-none-eabi/9.3.1/thumb/v7e-m+dp/hard\libgcc.a(_dvmd_tls.o)
                0x00000000080005cc                __aeabi_idiv0
                0x00000000080005cc                __aeabi_ldiv0
 *(.text*)
 .text.init_CAN
                0x00000000080005d0       0x14 ./Core/Src/Initializers.o
                0x00000000080005d0                init_CAN
 .text.MX_ADC1_Init
                0x00000000080005e4       0xa8 ./Core/Src/adc.o
                0x00000000080005e4                MX_ADC1_Init
 .text.MX_ADC2_Init
                0x000000000800068c       0xcc ./Core/Src/adc.o
                0x000000000800068c                MX_ADC2_Init
 .text.initialize_CAN
                0x0000000008000758       0x7c ./Core/Src/can_handler.o
                0x0000000008000758                initialize_CAN
 .text.can_transmit
                0x00000000080007d4       0x26 ./Core/Src/can_handler.o
                0x00000000080007d4                can_transmit
 *fill*         0x00000000080007fa        0x2 
 .text.initialize_general_CAN
                0x00000000080007fc       0x30 ./Core/Src/general_can.o
                0x00000000080007fc                initialize_general_CAN
 .text.general_can_transmit
                0x000000000800082c       0x28 ./Core/Src/general_can.o
                0x000000000800082c                general_can_transmit
 .text.CAN_general_receive_callback
                0x0000000008000854       0xac ./Core/Src/general_can.o
                0x0000000008000854                CAN_general_receive_callback
 .text.main     0x0000000008000900       0x5c ./Core/Src/main.o
                0x0000000008000900                main
 .text.SystemClock_Config
                0x000000000800095c      0x10c ./Core/Src/main.o
                0x000000000800095c                SystemClock_Config
 .text.PeriphCommonClock_Config
                0x0000000008000a68       0x5a ./Core/Src/main.o
                0x0000000008000a68                PeriphCommonClock_Config
 *fill*         0x0000000008000ac2        0x2 
 .text.MX_FDCAN1_Init
                0x0000000008000ac4       0xc8 ./Core/Src/main.o
 .text.MX_I2C2_Init
                0x0000000008000b8c       0x80 ./Core/Src/main.o
 .text.MX_I2C4_Init
                0x0000000008000c0c       0x80 ./Core/Src/main.o
 .text.MX_USART1_UART_Init
                0x0000000008000c8c       0x98 ./Core/Src/main.o
 .text.MX_GPIO_Init
                0x0000000008000d24      0x100 ./Core/Src/main.o
 .text.Error_Handler
                0x0000000008000e24        0xa ./Core/Src/main.o
                0x0000000008000e24                Error_Handler
 *fill*         0x0000000008000e2e        0x2 
 .text.HAL_MspInit
                0x0000000008000e30       0x34 ./Core/Src/stm32h7xx_hal_msp.o
                0x0000000008000e30                HAL_MspInit
 .text.HAL_ADC_MspInit
                0x0000000008000e64      0x150 ./Core/Src/stm32h7xx_hal_msp.o
                0x0000000008000e64                HAL_ADC_MspInit
 .text.HAL_FDCAN_MspInit
                0x0000000008000fb4       0xec ./Core/Src/stm32h7xx_hal_msp.o
                0x0000000008000fb4                HAL_FDCAN_MspInit
 .text.HAL_I2C_MspInit
                0x00000000080010a0      0x164 ./Core/Src/stm32h7xx_hal_msp.o
                0x00000000080010a0                HAL_I2C_MspInit
 .text.HAL_UART_MspInit
                0x0000000008001204       0xcc ./Core/Src/stm32h7xx_hal_msp.o
                0x0000000008001204                HAL_UART_MspInit
 .text.NMI_Handler
                0x00000000080012d0        0x6 ./Core/Src/stm32h7xx_it.o
                0x00000000080012d0                NMI_Handler
 .text.HardFault_Handler
                0x00000000080012d6        0x6 ./Core/Src/stm32h7xx_it.o
                0x00000000080012d6                HardFault_Handler
 .text.MemManage_Handler
                0x00000000080012dc        0x6 ./Core/Src/stm32h7xx_it.o
                0x00000000080012dc                MemManage_Handler
 .text.BusFault_Handler
                0x00000000080012e2        0x6 ./Core/Src/stm32h7xx_it.o
                0x00000000080012e2                BusFault_Handler
 .text.UsageFault_Handler
                0x00000000080012e8        0x6 ./Core/Src/stm32h7xx_it.o
                0x00000000080012e8                UsageFault_Handler
 .text.SVC_Handler
                0x00000000080012ee        0xe ./Core/Src/stm32h7xx_it.o
                0x00000000080012ee                SVC_Handler
 .text.DebugMon_Handler
                0x00000000080012fc        0xe ./Core/Src/stm32h7xx_it.o
                0x00000000080012fc                DebugMon_Handler
 .text.PendSV_Handler
                0x000000000800130a        0xe ./Core/Src/stm32h7xx_it.o
                0x000000000800130a                PendSV_Handler
 .text.SysTick_Handler
                0x0000000008001318        0xc ./Core/Src/stm32h7xx_it.o
                0x0000000008001318                SysTick_Handler
 .text.FDCAN1_IT0_IRQHandler
                0x0000000008001324       0x14 ./Core/Src/stm32h7xx_it.o
                0x0000000008001324                FDCAN1_IT0_IRQHandler
 .text.FDCAN1_IT1_IRQHandler
                0x0000000008001338       0x14 ./Core/Src/stm32h7xx_it.o
                0x0000000008001338                FDCAN1_IT1_IRQHandler
 .text.SystemInit
                0x000000000800134c      0x118 ./Core/Src/system_stm32h7xx.o
                0x000000000800134c                SystemInit
 .text.Reset_Handler
                0x0000000008001464       0x50 ./Core/Startup/startup_stm32h743vitx.o
                0x0000000008001464                Reset_Handler
 .text.Default_Handler
                0x00000000080014b4        0x2 ./Core/Startup/startup_stm32h743vitx.o
                0x00000000080014b4                RTC_Alarm_IRQHandler
                0x00000000080014b4                EXTI2_IRQHandler
                0x00000000080014b4                TIM8_CC_IRQHandler
                0x00000000080014b4                HRTIM1_Master_IRQHandler
                0x00000000080014b4                UART8_IRQHandler
                0x00000000080014b4                SPI4_IRQHandler
                0x00000000080014b4                TIM1_CC_IRQHandler
                0x00000000080014b4                BDMA_Channel6_IRQHandler
                0x00000000080014b4                DMA2_Stream5_IRQHandler
                0x00000000080014b4                HRTIM1_FLT_IRQHandler
                0x00000000080014b4                JPEG_IRQHandler
                0x00000000080014b4                DMA1_Stream5_IRQHandler
                0x00000000080014b4                BDMA_Channel1_IRQHandler
                0x00000000080014b4                HRTIM1_TIMD_IRQHandler
                0x00000000080014b4                TAMP_STAMP_IRQHandler
                0x00000000080014b4                EXTI3_IRQHandler
                0x00000000080014b4                LPTIM4_IRQHandler
                0x00000000080014b4                TIM8_TRG_COM_TIM14_IRQHandler
                0x00000000080014b4                LPTIM2_IRQHandler
                0x00000000080014b4                DFSDM1_FLT1_IRQHandler
                0x00000000080014b4                DMAMUX2_OVR_IRQHandler
                0x00000000080014b4                TIM8_UP_TIM13_IRQHandler
                0x00000000080014b4                I2C3_ER_IRQHandler
                0x00000000080014b4                DFSDM1_FLT2_IRQHandler
                0x00000000080014b4                MDMA_IRQHandler
                0x00000000080014b4                LPTIM3_IRQHandler
                0x00000000080014b4                HSEM1_IRQHandler
                0x00000000080014b4                EXTI0_IRQHandler
                0x00000000080014b4                I2C2_EV_IRQHandler
                0x00000000080014b4                DMA1_Stream2_IRQHandler
                0x00000000080014b4                FPU_IRQHandler
                0x00000000080014b4                OTG_HS_WKUP_IRQHandler
                0x00000000080014b4                LTDC_ER_IRQHandler
                0x00000000080014b4                DMA2_Stream2_IRQHandler
                0x00000000080014b4                HRTIM1_TIME_IRQHandler
                0x00000000080014b4                SPI1_IRQHandler
                0x00000000080014b4                TIM6_DAC_IRQHandler
                0x00000000080014b4                DCMI_IRQHandler
                0x00000000080014b4                HRTIM1_TIMC_IRQHandler
                0x00000000080014b4                DMA2_Stream3_IRQHandler
                0x00000000080014b4                SAI2_IRQHandler
                0x00000000080014b4                DFSDM1_FLT3_IRQHandler
                0x00000000080014b4                USART6_IRQHandler
                0x00000000080014b4                TIM17_IRQHandler
                0x00000000080014b4                USART3_IRQHandler
                0x00000000080014b4                BDMA_Channel7_IRQHandler
                0x00000000080014b4                LPTIM5_IRQHandler
                0x00000000080014b4                UART5_IRQHandler
                0x00000000080014b4                ADC3_IRQHandler
                0x00000000080014b4                DMA2_Stream0_IRQHandler
                0x00000000080014b4                TIM4_IRQHandler
                0x00000000080014b4                BDMA_Channel2_IRQHandler
                0x00000000080014b4                QUADSPI_IRQHandler
                0x00000000080014b4                I2C1_EV_IRQHandler
                0x00000000080014b4                DMA1_Stream6_IRQHandler
                0x00000000080014b4                DMAMUX1_OVR_IRQHandler
                0x00000000080014b4                DMA1_Stream1_IRQHandler
                0x00000000080014b4                TIM16_IRQHandler
                0x00000000080014b4                UART4_IRQHandler
                0x00000000080014b4                BDMA_Channel5_IRQHandler
                0x00000000080014b4                TIM3_IRQHandler
                0x00000000080014b4                RCC_IRQHandler
                0x00000000080014b4                TIM8_BRK_TIM12_IRQHandler
                0x00000000080014b4                TIM1_TRG_COM_IRQHandler
                0x00000000080014b4                Default_Handler
                0x00000000080014b4                ECC_IRQHandler
                0x00000000080014b4                CEC_IRQHandler
                0x00000000080014b4                EXTI15_10_IRQHandler
                0x00000000080014b4                BDMA_Channel0_IRQHandler
                0x00000000080014b4                ADC_IRQHandler
                0x00000000080014b4                DMA1_Stream7_IRQHandler
                0x00000000080014b4                HRTIM1_TIMA_IRQHandler
                0x00000000080014b4                SPI5_IRQHandler
                0x00000000080014b4                TIM7_IRQHandler
                0x00000000080014b4                SDMMC1_IRQHandler
                0x00000000080014b4                TIM5_IRQHandler
                0x00000000080014b4                DMA2_Stream7_IRQHandler
                0x00000000080014b4                TIM15_IRQHandler
                0x00000000080014b4                PVD_AVD_IRQHandler
                0x00000000080014b4                I2C3_EV_IRQHandler
                0x00000000080014b4                EXTI9_5_IRQHandler
                0x00000000080014b4                RTC_WKUP_IRQHandler
                0x00000000080014b4                LTDC_IRQHandler
                0x00000000080014b4                SAI3_IRQHandler
                0x00000000080014b4                ETH_WKUP_IRQHandler
                0x00000000080014b4                SPDIF_RX_IRQHandler
                0x00000000080014b4                SPI2_IRQHandler
                0x00000000080014b4                OTG_HS_EP1_IN_IRQHandler
                0x00000000080014b4                DMA1_Stream0_IRQHandler
                0x00000000080014b4                CRS_IRQHandler
                0x00000000080014b4                EXTI4_IRQHandler
                0x00000000080014b4                RNG_IRQHandler
                0x00000000080014b4                HRTIM1_TIMB_IRQHandler
                0x00000000080014b4                FDCAN2_IT1_IRQHandler
                0x00000000080014b4                ETH_IRQHandler
                0x00000000080014b4                TIM1_UP_IRQHandler
                0x00000000080014b4                BDMA_Channel4_IRQHandler
                0x00000000080014b4                OTG_HS_EP1_OUT_IRQHandler
                0x00000000080014b4                WWDG_IRQHandler
                0x00000000080014b4                SPI6_IRQHandler
                0x00000000080014b4                MDIOS_IRQHandler
                0x00000000080014b4                I2C4_EV_IRQHandler
                0x00000000080014b4                FDCAN2_IT0_IRQHandler
                0x00000000080014b4                LPUART1_IRQHandler
                0x00000000080014b4                TIM2_IRQHandler
                0x00000000080014b4                OTG_FS_WKUP_IRQHandler
                0x00000000080014b4                OTG_HS_IRQHandler
                0x00000000080014b4                DMA2D_IRQHandler
                0x00000000080014b4                TIM1_BRK_IRQHandler
                0x00000000080014b4                EXTI1_IRQHandler
                0x00000000080014b4                SDMMC2_IRQHandler
                0x00000000080014b4                OTG_FS_EP1_OUT_IRQHandler
                0x00000000080014b4                BDMA_Channel3_IRQHandler
                0x00000000080014b4                UART7_IRQHandler
                0x00000000080014b4                MDIOS_WKUP_IRQHandler
                0x00000000080014b4                USART2_IRQHandler
                0x00000000080014b4                DFSDM1_FLT0_IRQHandler
                0x00000000080014b4                SAI4_IRQHandler
                0x00000000080014b4                I2C2_ER_IRQHandler
                0x00000000080014b4                DMA2_Stream1_IRQHandler
                0x00000000080014b4                FLASH_IRQHandler
                0x00000000080014b4                DMA2_Stream4_IRQHandler
                0x00000000080014b4                USART1_IRQHandler
                0x00000000080014b4                OTG_FS_IRQHandler
                0x00000000080014b4                SPI3_IRQHandler
                0x00000000080014b4                WAKEUP_PIN_IRQHandler
                0x00000000080014b4                DMA1_Stream4_IRQHandler
                0x00000000080014b4                OTG_FS_EP1_IN_IRQHandler
                0x00000000080014b4                I2C1_ER_IRQHandler
                0x00000000080014b4                FMC_IRQHandler
                0x00000000080014b4                FDCAN_CAL_IRQHandler
                0x00000000080014b4                SWPMI1_IRQHandler
                0x00000000080014b4                COMP1_IRQHandler
                0x00000000080014b4                LPTIM1_IRQHandler
                0x00000000080014b4                I2C4_ER_IRQHandler
                0x00000000080014b4                DMA2_Stream6_IRQHandler
                0x00000000080014b4                SAI1_IRQHandler
                0x00000000080014b4                DMA1_Stream3_IRQHandler
 *fill*         0x00000000080014b6        0x2 
 .text.HAL_Init
                0x00000000080014b8       0x78 ./Drivers/STM32H7xx_HAL_Driver/Src/stm32h7xx_hal.o
                0x00000000080014b8                HAL_Init
 .text.HAL_InitTick
                0x0000000008001530       0x6c ./Drivers/STM32H7xx_HAL_Driver/Src/stm32h7xx_hal.o
                0x0000000008001530                HAL_InitTick
 .text.HAL_IncTick
                0x000000000800159c       0x28 ./Drivers/STM32H7xx_HAL_Driver/Src/stm32h7xx_hal.o
                0x000000000800159c                HAL_IncTick
 .text.HAL_GetTick
                0x00000000080015c4       0x18 ./Drivers/STM32H7xx_HAL_Driver/Src/stm32h7xx_hal.o
                0x00000000080015c4                HAL_GetTick
 .text.HAL_Delay
                0x00000000080015dc       0x48 ./Drivers/STM32H7xx_HAL_Driver/Src/stm32h7xx_hal.o
                0x00000000080015dc                HAL_Delay
 .text.HAL_GetREVID
                0x0000000008001624       0x18 ./Drivers/STM32H7xx_HAL_Driver/Src/stm32h7xx_hal.o
                0x0000000008001624                HAL_GetREVID
 .text.LL_ADC_SetCommonClock
                0x000000000800163c       0x26 ./Drivers/STM32H7xx_HAL_Driver/Src/stm32h7xx_hal_adc.o
 .text.LL_ADC_SetCommonPathInternalCh
                0x0000000008001662       0x26 ./Drivers/STM32H7xx_HAL_Driver/Src/stm32h7xx_hal_adc.o
 .text.LL_ADC_GetCommonPathInternalCh
                0x0000000008001688       0x1c ./Drivers/STM32H7xx_HAL_Driver/Src/stm32h7xx_hal_adc.o
 .text.LL_ADC_SetOffset
                0x00000000080016a4       0x40 ./Drivers/STM32H7xx_HAL_Driver/Src/stm32h7xx_hal_adc.o
 .text.LL_ADC_SetDataRightShift
                0x00000000080016e4       0x32 ./Drivers/STM32H7xx_HAL_Driver/Src/stm32h7xx_hal_adc.o
 .text.LL_ADC_SetOffsetSignedSaturation
                0x0000000008001716       0x36 ./Drivers/STM32H7xx_HAL_Driver/Src/stm32h7xx_hal_adc.o
 .text.LL_ADC_REG_SetSequencerRanks
                0x000000000800174c       0x58 ./Drivers/STM32H7xx_HAL_Driver/Src/stm32h7xx_hal_adc.o
 .text.LL_ADC_SetChannelSamplingTime
                0x00000000080017a4       0x56 ./Drivers/STM32H7xx_HAL_Driver/Src/stm32h7xx_hal_adc.o
 *fill*         0x00000000080017fa        0x2 
 .text.LL_ADC_SetChannelSingleDiff
                0x00000000080017fc       0x48 ./Drivers/STM32H7xx_HAL_Driver/Src/stm32h7xx_hal_adc.o
 .text.LL_ADC_DisableDeepPowerDown
                0x0000000008001844       0x24 ./Drivers/STM32H7xx_HAL_Driver/Src/stm32h7xx_hal_adc.o
 .text.LL_ADC_IsDeepPowerDownEnabled
                0x0000000008001868       0x28 ./Drivers/STM32H7xx_HAL_Driver/Src/stm32h7xx_hal_adc.o
 .text.LL_ADC_EnableInternalRegulator
                0x0000000008001890       0x28 ./Drivers/STM32H7xx_HAL_Driver/Src/stm32h7xx_hal_adc.o
 .text.LL_ADC_IsInternalRegulatorEnabled
                0x00000000080018b8       0x28 ./Drivers/STM32H7xx_HAL_Driver/Src/stm32h7xx_hal_adc.o
 .text.LL_ADC_IsEnabled
                0x00000000080018e0       0x26 ./Drivers/STM32H7xx_HAL_Driver/Src/stm32h7xx_hal_adc.o
 .text.LL_ADC_REG_IsConversionOngoing
                0x0000000008001906       0x26 ./Drivers/STM32H7xx_HAL_Driver/Src/stm32h7xx_hal_adc.o
 .text.LL_ADC_INJ_IsConversionOngoing
                0x000000000800192c       0x26 ./Drivers/STM32H7xx_HAL_Driver/Src/stm32h7xx_hal_adc.o
 *fill*         0x0000000008001952        0x2 
 .text.HAL_ADC_Init
                0x0000000008001954      0x340 ./Drivers/STM32H7xx_HAL_Driver/Src/stm32h7xx_hal_adc.o
                0x0000000008001954                HAL_ADC_Init
 .text.HAL_ADC_ConfigChannel
                0x0000000008001c94      0x6a0 ./Drivers/STM32H7xx_HAL_Driver/Src/stm32h7xx_hal_adc.o
                0x0000000008001c94                HAL_ADC_ConfigChannel
 .text.ADC_ConfigureBoostMode
                0x0000000008002334      0x214 ./Drivers/STM32H7xx_HAL_Driver/Src/stm32h7xx_hal_adc.o
                0x0000000008002334                ADC_ConfigureBoostMode
 .text.LL_ADC_IsEnabled
                0x0000000008002548       0x26 ./Drivers/STM32H7xx_HAL_Driver/Src/stm32h7xx_hal_adc_ex.o
 .text.LL_ADC_REG_IsConversionOngoing
                0x000000000800256e       0x26 ./Drivers/STM32H7xx_HAL_Driver/Src/stm32h7xx_hal_adc_ex.o
 .text.HAL_ADCEx_MultiModeConfigChannel
                0x0000000008002594      0x1bc ./Drivers/STM32H7xx_HAL_Driver/Src/stm32h7xx_hal_adc_ex.o
                0x0000000008002594                HAL_ADCEx_MultiModeConfigChannel
 .text.__NVIC_SetPriorityGrouping
                0x0000000008002750       0x48 ./Drivers/STM32H7xx_HAL_Driver/Src/stm32h7xx_hal_cortex.o
 .text.__NVIC_GetPriorityGrouping
                0x0000000008002798       0x1c ./Drivers/STM32H7xx_HAL_Driver/Src/stm32h7xx_hal_cortex.o
 .text.__NVIC_EnableIRQ
                0x00000000080027b4       0x3c ./Drivers/STM32H7xx_HAL_Driver/Src/stm32h7xx_hal_cortex.o
 .text.__NVIC_SetPriority
                0x00000000080027f0       0x54 ./Drivers/STM32H7xx_HAL_Driver/Src/stm32h7xx_hal_cortex.o
 .text.NVIC_EncodePriority
                0x0000000008002844       0x66 ./Drivers/STM32H7xx_HAL_Driver/Src/stm32h7xx_hal_cortex.o
 *fill*         0x00000000080028aa        0x2 
 .text.SysTick_Config
                0x00000000080028ac       0x44 ./Drivers/STM32H7xx_HAL_Driver/Src/stm32h7xx_hal_cortex.o
 .text.HAL_NVIC_SetPriorityGrouping
                0x00000000080028f0       0x16 ./Drivers/STM32H7xx_HAL_Driver/Src/stm32h7xx_hal_cortex.o
                0x00000000080028f0                HAL_NVIC_SetPriorityGrouping
 .text.HAL_NVIC_SetPriority
                0x0000000008002906       0x34 ./Drivers/STM32H7xx_HAL_Driver/Src/stm32h7xx_hal_cortex.o
                0x0000000008002906                HAL_NVIC_SetPriority
 .text.HAL_NVIC_EnableIRQ
                0x000000000800293a       0x1c ./Drivers/STM32H7xx_HAL_Driver/Src/stm32h7xx_hal_cortex.o
                0x000000000800293a                HAL_NVIC_EnableIRQ
 .text.HAL_SYSTICK_Config
                0x0000000008002956       0x18 ./Drivers/STM32H7xx_HAL_Driver/Src/stm32h7xx_hal_cortex.o
                0x0000000008002956                HAL_SYSTICK_Config
 *fill*         0x000000000800296e        0x2 
 .text.HAL_FDCAN_Init
                0x0000000008002970      0x4ac ./Drivers/STM32H7xx_HAL_Driver/Src/stm32h7xx_hal_fdcan.o
                0x0000000008002970                HAL_FDCAN_Init
 .text.HAL_FDCAN_RegisterRxFifo0Callback
                0x0000000008002e1c       0x60 ./Drivers/STM32H7xx_HAL_Driver/Src/stm32h7xx_hal_fdcan.o
                0x0000000008002e1c                HAL_FDCAN_RegisterRxFifo0Callback
 .text.HAL_FDCAN_Start
                0x0000000008002e7c       0x56 ./Drivers/STM32H7xx_HAL_Driver/Src/stm32h7xx_hal_fdcan.o
                0x0000000008002e7c                HAL_FDCAN_Start
 .text.HAL_FDCAN_AddMessageToTxFifoQ
                0x0000000008002ed2       0xb6 ./Drivers/STM32H7xx_HAL_Driver/Src/stm32h7xx_hal_fdcan.o
                0x0000000008002ed2                HAL_FDCAN_AddMessageToTxFifoQ
 .text.HAL_FDCAN_GetRxMessage
                0x0000000008002f88      0x2dc ./Drivers/STM32H7xx_HAL_Driver/Src/stm32h7xx_hal_fdcan.o
                0x0000000008002f88                HAL_FDCAN_GetRxMessage
 .text.HAL_FDCAN_ActivateNotification
                0x0000000008003264       0xf4 ./Drivers/STM32H7xx_HAL_Driver/Src/stm32h7xx_hal_fdcan.o
                0x0000000008003264                HAL_FDCAN_ActivateNotification
 .text.HAL_FDCAN_IRQHandler
                0x0000000008003358      0x500 ./Drivers/STM32H7xx_HAL_Driver/Src/stm32h7xx_hal_fdcan.o
                0x0000000008003358                HAL_FDCAN_IRQHandler
 .text.HAL_FDCAN_ClockCalibrationCallback
                0x0000000008003858       0x16 ./Drivers/STM32H7xx_HAL_Driver/Src/stm32h7xx_hal_fdcan.o
                0x0000000008003858                HAL_FDCAN_ClockCalibrationCallback
 .text.HAL_FDCAN_TxEventFifoCallback
                0x000000000800386e       0x16 ./Drivers/STM32H7xx_HAL_Driver/Src/stm32h7xx_hal_fdcan.o
                0x000000000800386e                HAL_FDCAN_TxEventFifoCallback
 .text.HAL_FDCAN_RxFifo0Callback
                0x0000000008003884       0x16 ./Drivers/STM32H7xx_HAL_Driver/Src/stm32h7xx_hal_fdcan.o
                0x0000000008003884                HAL_FDCAN_RxFifo0Callback
 .text.HAL_FDCAN_RxFifo1Callback
                0x000000000800389a       0x16 ./Drivers/STM32H7xx_HAL_Driver/Src/stm32h7xx_hal_fdcan.o
                0x000000000800389a                HAL_FDCAN_RxFifo1Callback
 .text.HAL_FDCAN_TxFifoEmptyCallback
                0x00000000080038b0       0x14 ./Drivers/STM32H7xx_HAL_Driver/Src/stm32h7xx_hal_fdcan.o
                0x00000000080038b0                HAL_FDCAN_TxFifoEmptyCallback
 .text.HAL_FDCAN_TxBufferCompleteCallback
                0x00000000080038c4       0x16 ./Drivers/STM32H7xx_HAL_Driver/Src/stm32h7xx_hal_fdcan.o
                0x00000000080038c4                HAL_FDCAN_TxBufferCompleteCallback
 .text.HAL_FDCAN_TxBufferAbortCallback
                0x00000000080038da       0x16 ./Drivers/STM32H7xx_HAL_Driver/Src/stm32h7xx_hal_fdcan.o
                0x00000000080038da                HAL_FDCAN_TxBufferAbortCallback
 .text.HAL_FDCAN_RxBufferNewMessageCallback
                0x00000000080038f0       0x14 ./Drivers/STM32H7xx_HAL_Driver/Src/stm32h7xx_hal_fdcan.o
                0x00000000080038f0                HAL_FDCAN_RxBufferNewMessageCallback
 .text.HAL_FDCAN_TimestampWraparoundCallback
                0x0000000008003904       0x14 ./Drivers/STM32H7xx_HAL_Driver/Src/stm32h7xx_hal_fdcan.o
                0x0000000008003904                HAL_FDCAN_TimestampWraparoundCallback
 .text.HAL_FDCAN_TimeoutOccurredCallback
                0x0000000008003918       0x14 ./Drivers/STM32H7xx_HAL_Driver/Src/stm32h7xx_hal_fdcan.o
                0x0000000008003918                HAL_FDCAN_TimeoutOccurredCallback
 .text.HAL_FDCAN_HighPriorityMessageCallback
                0x000000000800392c       0x14 ./Drivers/STM32H7xx_HAL_Driver/Src/stm32h7xx_hal_fdcan.o
                0x000000000800392c                HAL_FDCAN_HighPriorityMessageCallback
 .text.HAL_FDCAN_ErrorCallback
                0x0000000008003940       0x14 ./Drivers/STM32H7xx_HAL_Driver/Src/stm32h7xx_hal_fdcan.o
                0x0000000008003940                HAL_FDCAN_ErrorCallback
 .text.HAL_FDCAN_ErrorStatusCallback
                0x0000000008003954       0x16 ./Drivers/STM32H7xx_HAL_Driver/Src/stm32h7xx_hal_fdcan.o
                0x0000000008003954                HAL_FDCAN_ErrorStatusCallback
 .text.HAL_FDCAN_TT_ScheduleSyncCallback
                0x000000000800396a       0x16 ./Drivers/STM32H7xx_HAL_Driver/Src/stm32h7xx_hal_fdcan.o
                0x000000000800396a                HAL_FDCAN_TT_ScheduleSyncCallback
 .text.HAL_FDCAN_TT_TimeMarkCallback
                0x0000000008003980       0x16 ./Drivers/STM32H7xx_HAL_Driver/Src/stm32h7xx_hal_fdcan.o
                0x0000000008003980                HAL_FDCAN_TT_TimeMarkCallback
 .text.HAL_FDCAN_TT_StopWatchCallback
                0x0000000008003996       0x18 ./Drivers/STM32H7xx_HAL_Driver/Src/stm32h7xx_hal_fdcan.o
                0x0000000008003996                HAL_FDCAN_TT_StopWatchCallback
 .text.HAL_FDCAN_TT_GlobalTimeCallback
                0x00000000080039ae       0x16 ./Drivers/STM32H7xx_HAL_Driver/Src/stm32h7xx_hal_fdcan.o
                0x00000000080039ae                HAL_FDCAN_TT_GlobalTimeCallback
 .text.FDCAN_CalcultateRamBlockAddresses
                0x00000000080039c4      0x30c ./Drivers/STM32H7xx_HAL_Driver/Src/stm32h7xx_hal_fdcan.o
 .text.FDCAN_CopyMessageToRAM
                0x0000000008003cd0       0xfc ./Drivers/STM32H7xx_HAL_Driver/Src/stm32h7xx_hal_fdcan.o
 .text.HAL_GPIO_Init
                0x0000000008003dcc      0x360 ./Drivers/STM32H7xx_HAL_Driver/Src/stm32h7xx_hal_gpio.o
                0x0000000008003dcc                HAL_GPIO_Init
 .text.HAL_GPIO_WritePin
                0x000000000800412c       0x32 ./Drivers/STM32H7xx_HAL_Driver/Src/stm32h7xx_hal_gpio.o
                0x000000000800412c                HAL_GPIO_WritePin
 .text.HAL_GPIO_TogglePin
                0x000000000800415e       0x34 ./Drivers/STM32H7xx_HAL_Driver/Src/stm32h7xx_hal_gpio.o
                0x000000000800415e                HAL_GPIO_TogglePin
 *fill*         0x0000000008004192        0x2 
 .text.HAL_I2C_Init
                0x0000000008004194      0x120 ./Drivers/STM32H7xx_HAL_Driver/Src/stm32h7xx_hal_i2c.o
                0x0000000008004194                HAL_I2C_Init
 .text.HAL_I2CEx_ConfigAnalogFilter
                0x00000000080042b4       0x96 ./Drivers/STM32H7xx_HAL_Driver/Src/stm32h7xx_hal_i2c_ex.o
                0x00000000080042b4                HAL_I2CEx_ConfigAnalogFilter
 .text.HAL_I2CEx_ConfigDigitalFilter
                0x000000000800434a       0x98 ./Drivers/STM32H7xx_HAL_Driver/Src/stm32h7xx_hal_i2c_ex.o
                0x000000000800434a                HAL_I2CEx_ConfigDigitalFilter
 *fill*         0x00000000080043e2        0x2 
 .text.HAL_PWREx_ConfigSupply
                0x00000000080043e4       0x74 ./Drivers/STM32H7xx_HAL_Driver/Src/stm32h7xx_hal_pwr_ex.o
                0x00000000080043e4                HAL_PWREx_ConfigSupply
 .text.HAL_RCC_OscConfig
                0x0000000008004458      0x820 ./Drivers/STM32H7xx_HAL_Driver/Src/stm32h7xx_hal_rcc.o
                0x0000000008004458                HAL_RCC_OscConfig
 .text.HAL_RCC_ClockConfig
                0x0000000008004c78      0x36c ./Drivers/STM32H7xx_HAL_Driver/Src/stm32h7xx_hal_rcc.o
                0x0000000008004c78                HAL_RCC_ClockConfig
 .text.HAL_RCC_GetSysClockFreq
                0x0000000008004fe4      0x2f4 ./Drivers/STM32H7xx_HAL_Driver/Src/stm32h7xx_hal_rcc.o
                0x0000000008004fe4                HAL_RCC_GetSysClockFreq
 .text.HAL_RCC_GetHCLKFreq
                0x00000000080052d8       0x60 ./Drivers/STM32H7xx_HAL_Driver/Src/stm32h7xx_hal_rcc.o
                0x00000000080052d8                HAL_RCC_GetHCLKFreq
 .text.HAL_RCC_GetPCLK1Freq
                0x0000000008005338       0x2c ./Drivers/STM32H7xx_HAL_Driver/Src/stm32h7xx_hal_rcc.o
                0x0000000008005338                HAL_RCC_GetPCLK1Freq
 .text.HAL_RCC_GetPCLK2Freq
                0x0000000008005364       0x2c ./Drivers/STM32H7xx_HAL_Driver/Src/stm32h7xx_hal_rcc.o
                0x0000000008005364                HAL_RCC_GetPCLK2Freq
 .text.HAL_RCCEx_PeriphCLKConfig
                0x0000000008005390      0xe80 ./Drivers/STM32H7xx_HAL_Driver/Src/stm32h7xx_hal_rcc_ex.o
                0x0000000008005390                HAL_RCCEx_PeriphCLKConfig
 .text.HAL_RCCEx_GetPeriphCLKFreq
                0x0000000008006210      0x9a4 ./Drivers/STM32H7xx_HAL_Driver/Src/stm32h7xx_hal_rcc_ex.o
                0x0000000008006210                HAL_RCCEx_GetPeriphCLKFreq
 .text.HAL_RCCEx_GetD3PCLK1Freq
                0x0000000008006bb4       0x2c ./Drivers/STM32H7xx_HAL_Driver/Src/stm32h7xx_hal_rcc_ex.o
                0x0000000008006bb4                HAL_RCCEx_GetD3PCLK1Freq
 .text.HAL_RCCEx_GetPLL2ClockFreq
                0x0000000008006be0      0x2a8 ./Drivers/STM32H7xx_HAL_Driver/Src/stm32h7xx_hal_rcc_ex.o
                0x0000000008006be0                HAL_RCCEx_GetPLL2ClockFreq
 .text.HAL_RCCEx_GetPLL3ClockFreq
                0x0000000008006e88      0x2a8 ./Drivers/STM32H7xx_HAL_Driver/Src/stm32h7xx_hal_rcc_ex.o
                0x0000000008006e88                HAL_RCCEx_GetPLL3ClockFreq
 .text.HAL_RCCEx_GetPLL1ClockFreq
                0x0000000008007130      0x2a4 ./Drivers/STM32H7xx_HAL_Driver/Src/stm32h7xx_hal_rcc_ex.o
                0x0000000008007130                HAL_RCCEx_GetPLL1ClockFreq
 .text.RCCEx_PLL2_Config
                0x00000000080073d4      0x164 ./Drivers/STM32H7xx_HAL_Driver/Src/stm32h7xx_hal_rcc_ex.o
 .text.RCCEx_PLL3_Config
                0x0000000008007538      0x164 ./Drivers/STM32H7xx_HAL_Driver/Src/stm32h7xx_hal_rcc_ex.o
 .text.HAL_UART_Init
                0x000000000800769c       0xa0 ./Drivers/STM32H7xx_HAL_Driver/Src/stm32h7xx_hal_uart.o
                0x000000000800769c                HAL_UART_Init
 .text.UART_SetConfig
                0x000000000800773c      0xac0 ./Drivers/STM32H7xx_HAL_Driver/Src/stm32h7xx_hal_uart.o
                0x000000000800773c                UART_SetConfig
 .text.UART_AdvFeatureConfig
                0x00000000080081fc      0x144 ./Drivers/STM32H7xx_HAL_Driver/Src/stm32h7xx_hal_uart.o
                0x00000000080081fc                UART_AdvFeatureConfig
 .text.UART_CheckIdleState
                0x0000000008008340       0x96 ./Drivers/STM32H7xx_HAL_Driver/Src/stm32h7xx_hal_uart.o
                0x0000000008008340                UART_CheckIdleState
 .text.UART_WaitOnFlagUntilTimeout
                0x00000000080083d6      0x100 ./Drivers/STM32H7xx_HAL_Driver/Src/stm32h7xx_hal_uart.o
                0x00000000080083d6                UART_WaitOnFlagUntilTimeout
 .text.HAL_UARTEx_DisableFifoMode
                0x00000000080084d6       0x72 ./Drivers/STM32H7xx_HAL_Driver/Src/stm32h7xx_hal_uart_ex.o
                0x00000000080084d6                HAL_UARTEx_DisableFifoMode
 .text.HAL_UARTEx_SetTxFifoThreshold
                0x0000000008008548       0x7c ./Drivers/STM32H7xx_HAL_Driver/Src/stm32h7xx_hal_uart_ex.o
                0x0000000008008548                HAL_UARTEx_SetTxFifoThreshold
 .text.HAL_UARTEx_SetRxFifoThreshold
                0x00000000080085c4       0x7c ./Drivers/STM32H7xx_HAL_Driver/Src/stm32h7xx_hal_uart_ex.o
                0x00000000080085c4                HAL_UARTEx_SetRxFifoThreshold
 .text.UARTEx_SetNbDataToProcess
                0x0000000008008640       0x9c ./Drivers/STM32H7xx_HAL_Driver/Src/stm32h7xx_hal_uart_ex.o
 .text.__libc_init_array
                0x00000000080086dc       0x48 c:/st/stm32cubeide_1.6.0/stm32cubeide/plugins/com.st.stm32cube.ide.mcu.externaltools.gnu-tools-for-stm32.9-2020-q2-update.win32_2.0.0.202105311346/tools/bin/../lib/gcc/arm-none-eabi/9.3.1/../../../../arm-none-eabi/lib/thumb/v7e-m+dp/hard\libc_nano.a(lib_a-init.o)
                0x00000000080086dc                __libc_init_array
 .text.memcpy   0x0000000008008724       0x1c c:/st/stm32cubeide_1.6.0/stm32cubeide/plugins/com.st.stm32cube.ide.mcu.externaltools.gnu-tools-for-stm32.9-2020-q2-update.win32_2.0.0.202105311346/tools/bin/../lib/gcc/arm-none-eabi/9.3.1/../../../../arm-none-eabi/lib/thumb/v7e-m+dp/hard\libc_nano.a(lib_a-memcpy-stub.o)
                0x0000000008008724                memcpy
 .text.memset   0x0000000008008740       0x10 c:/st/stm32cubeide_1.6.0/stm32cubeide/plugins/com.st.stm32cube.ide.mcu.externaltools.gnu-tools-for-stm32.9-2020-q2-update.win32_2.0.0.202105311346/tools/bin/../lib/gcc/arm-none-eabi/9.3.1/../../../../arm-none-eabi/lib/thumb/v7e-m+dp/hard\libc_nano.a(lib_a-memset.o)
                0x0000000008008740                memset
 *(.glue_7)
 .glue_7        0x0000000008008750        0x0 linker stubs
 *(.glue_7t)
 .glue_7t       0x0000000008008750        0x0 linker stubs
 *(.eh_frame)
 .eh_frame      0x0000000008008750        0x0 c:/st/stm32cubeide_1.6.0/stm32cubeide/plugins/com.st.stm32cube.ide.mcu.externaltools.gnu-tools-for-stm32.9-2020-q2-update.win32_2.0.0.202105311346/tools/bin/../lib/gcc/arm-none-eabi/9.3.1/thumb/v7e-m+dp/hard/crtbegin.o
 *(.init)
 .init          0x0000000008008750        0x4 c:/st/stm32cubeide_1.6.0/stm32cubeide/plugins/com.st.stm32cube.ide.mcu.externaltools.gnu-tools-for-stm32.9-2020-q2-update.win32_2.0.0.202105311346/tools/bin/../lib/gcc/arm-none-eabi/9.3.1/thumb/v7e-m+dp/hard/crti.o
                0x0000000008008750                _init
 .init          0x0000000008008754        0x8 c:/st/stm32cubeide_1.6.0/stm32cubeide/plugins/com.st.stm32cube.ide.mcu.externaltools.gnu-tools-for-stm32.9-2020-q2-update.win32_2.0.0.202105311346/tools/bin/../lib/gcc/arm-none-eabi/9.3.1/thumb/v7e-m+dp/hard/crtn.o
 *(.fini)
 .fini          0x000000000800875c        0x4 c:/st/stm32cubeide_1.6.0/stm32cubeide/plugins/com.st.stm32cube.ide.mcu.externaltools.gnu-tools-for-stm32.9-2020-q2-update.win32_2.0.0.202105311346/tools/bin/../lib/gcc/arm-none-eabi/9.3.1/thumb/v7e-m+dp/hard/crti.o
                0x000000000800875c                _fini
 .fini          0x0000000008008760        0x8 c:/st/stm32cubeide_1.6.0/stm32cubeide/plugins/com.st.stm32cube.ide.mcu.externaltools.gnu-tools-for-stm32.9-2020-q2-update.win32_2.0.0.202105311346/tools/bin/../lib/gcc/arm-none-eabi/9.3.1/thumb/v7e-m+dp/hard/crtn.o
                0x0000000008008768                . = ALIGN (0x4)
                0x0000000008008768                _etext = .

.vfp11_veneer   0x0000000008008768        0x0
 .vfp11_veneer  0x0000000008008768        0x0 linker stubs

.v4_bx          0x0000000008008768        0x0
 .v4_bx         0x0000000008008768        0x0 linker stubs

.iplt           0x0000000008008768        0x0
 .iplt          0x0000000008008768        0x0 c:/st/stm32cubeide_1.6.0/stm32cubeide/plugins/com.st.stm32cube.ide.mcu.externaltools.gnu-tools-for-stm32.9-2020-q2-update.win32_2.0.0.202105311346/tools/bin/../lib/gcc/arm-none-eabi/9.3.1/thumb/v7e-m+dp/hard/crtbegin.o

.rodata         0x0000000008008768       0x94
                0x0000000008008768                . = ALIGN (0x4)
 *(.rodata)
 .rodata        0x0000000008008768       0x4c ./Drivers/STM32H7xx_HAL_Driver/Src/stm32h7xx_hal_fdcan.o
 *(.rodata*)
 .rodata.D1CorePrescTable
                0x00000000080087b4       0x10 ./Core/Src/system_stm32h7xx.o
                0x00000000080087b4                D1CorePrescTable
 .rodata.DLCtoBytes
                0x00000000080087c4       0x10 ./Drivers/STM32H7xx_HAL_Driver/Src/stm32h7xx_hal_fdcan.o
 .rodata.UARTPrescTable
                0x00000000080087d4       0x18 ./Drivers/STM32H7xx_HAL_Driver/Src/stm32h7xx_hal_uart.o
                0x00000000080087d4                UARTPrescTable
 .rodata.numerator.11925
                0x00000000080087ec        0x8 ./Drivers/STM32H7xx_HAL_Driver/Src/stm32h7xx_hal_uart_ex.o
 .rodata.denominator.11926
                0x00000000080087f4        0x8 ./Drivers/STM32H7xx_HAL_Driver/Src/stm32h7xx_hal_uart_ex.o
                0x00000000080087fc                . = ALIGN (0x4)

.ARM.extab
 *(.ARM.extab* .gnu.linkonce.armextab.*)

.ARM            0x00000000080087fc        0x8
                0x00000000080087fc                __exidx_start = .
 *(.ARM.exidx*)
 .ARM.exidx     0x00000000080087fc        0x8 c:/st/stm32cubeide_1.6.0/stm32cubeide/plugins/com.st.stm32cube.ide.mcu.externaltools.gnu-tools-for-stm32.9-2020-q2-update.win32_2.0.0.202105311346/tools/bin/../lib/gcc/arm-none-eabi/9.3.1/thumb/v7e-m+dp/hard\libgcc.a(_udivmoddi4.o)
                0x0000000008008804                __exidx_end = .

.rel.dyn        0x0000000008008804        0x0
 .rel.iplt      0x0000000008008804        0x0 c:/st/stm32cubeide_1.6.0/stm32cubeide/plugins/com.st.stm32cube.ide.mcu.externaltools.gnu-tools-for-stm32.9-2020-q2-update.win32_2.0.0.202105311346/tools/bin/../lib/gcc/arm-none-eabi/9.3.1/thumb/v7e-m+dp/hard/crtbegin.o

.preinit_array  0x0000000008008804        0x0
                0x0000000008008804                PROVIDE (__preinit_array_start = .)
 *(.preinit_array*)
                0x0000000008008804                PROVIDE (__preinit_array_end = .)

.init_array     0x0000000008008804        0x4
                0x0000000008008804                PROVIDE (__init_array_start = .)
 *(SORT_BY_NAME(.init_array.*))
 *(.init_array*)
 .init_array    0x0000000008008804        0x4 c:/st/stm32cubeide_1.6.0/stm32cubeide/plugins/com.st.stm32cube.ide.mcu.externaltools.gnu-tools-for-stm32.9-2020-q2-update.win32_2.0.0.202105311346/tools/bin/../lib/gcc/arm-none-eabi/9.3.1/thumb/v7e-m+dp/hard/crtbegin.o
                0x0000000008008808                PROVIDE (__init_array_end = .)

.fini_array     0x0000000008008808        0x4
                [!provide]                        PROVIDE (__fini_array_start = .)
 *(SORT_BY_NAME(.fini_array.*))
 *(.fini_array*)
 .fini_array    0x0000000008008808        0x4 c:/st/stm32cubeide_1.6.0/stm32cubeide/plugins/com.st.stm32cube.ide.mcu.externaltools.gnu-tools-for-stm32.9-2020-q2-update.win32_2.0.0.202105311346/tools/bin/../lib/gcc/arm-none-eabi/9.3.1/thumb/v7e-m+dp/hard/crtbegin.o
                [!provide]                        PROVIDE (__fini_array_end = .)
                0x000000000800880c                _sidata = LOADADDR (.data)

.data           0x0000000020000000       0x10 load address 0x000000000800880c
                0x0000000020000000                . = ALIGN (0x4)
                0x0000000020000000                _sdata = .
 *(.data)
 *(.data*)
 .data.SystemCoreClock
                0x0000000020000000        0x4 ./Core/Src/system_stm32h7xx.o
                0x0000000020000000                SystemCoreClock
 .data.SystemD2Clock
                0x0000000020000004        0x4 ./Core/Src/system_stm32h7xx.o
                0x0000000020000004                SystemD2Clock
 .data.uwTickPrio
                0x0000000020000008        0x4 ./Drivers/STM32H7xx_HAL_Driver/Src/stm32h7xx_hal.o
                0x0000000020000008                uwTickPrio
 .data.uwTickFreq
                0x000000002000000c        0x1 ./Drivers/STM32H7xx_HAL_Driver/Src/stm32h7xx_hal.o
                0x000000002000000c                uwTickFreq
 *(.RamFunc)
 *(.RamFunc*)
                0x0000000020000010                . = ALIGN (0x4)
 *fill*         0x000000002000000d        0x3 
                0x0000000020000010                _edata = .

.igot.plt       0x0000000020000010        0x0 load address 0x000000000800881c
 .igot.plt      0x0000000020000010        0x0 c:/st/stm32cubeide_1.6.0/stm32cubeide/plugins/com.st.stm32cube.ide.mcu.externaltools.gnu-tools-for-stm32.9-2020-q2-update.win32_2.0.0.202105311346/tools/bin/../lib/gcc/arm-none-eabi/9.3.1/thumb/v7e-m+dp/hard/crtbegin.o
                0x0000000020000010                . = ALIGN (0x4)

.bss            0x0000000020000010      0x36c load address 0x000000000800881c
                0x0000000020000010                _sbss = .
                0x0000000020000010                __bss_start__ = _sbss
 *(.bss)
 .bss           0x0000000020000010       0x1c c:/st/stm32cubeide_1.6.0/stm32cubeide/plugins/com.st.stm32cube.ide.mcu.externaltools.gnu-tools-for-stm32.9-2020-q2-update.win32_2.0.0.202105311346/tools/bin/../lib/gcc/arm-none-eabi/9.3.1/thumb/v7e-m+dp/hard/crtbegin.o
 *(.bss*)
 .bss.can1      0x000000002000002c        0x4 ./Core/Src/general_can.o
 .bss.TxHeader  0x0000000020000030       0x24 ./Core/Src/general_can.o
 .bss.RxData    0x0000000020000054        0x8 ./Core/Src/general_can.o
 .bss.RxHeader  0x000000002000005c       0x28 ./Core/Src/general_can.o
 .bss.idgeneral
                0x0000000020000084        0x4 ./Core/Src/general_can.o
                0x0000000020000084                idgeneral
 .bss.HAL_RCC_ADC12_CLK_ENABLED
                0x0000000020000088        0x4 ./Core/Src/stm32h7xx_hal_msp.o
 *(COMMON)
 COMMON         0x000000002000008c       0xc8 ./Core/Src/adc.o
                0x000000002000008c                hadc2
                0x00000000200000f0                hadc1
 COMMON         0x0000000020000154       0x10 ./Core/Src/general_can.o
                0x0000000020000154                datageneral
 COMMON         0x0000000020000164       0x98 ./Core/Src/i2c.o
                0x0000000020000164                hi2c4
                0x00000000200001b0                hi2c2
 COMMON         0x00000000200001fc      0x17c ./Core/Src/main.o
                0x00000000200001fc                huart1
                0x000000002000028c                hfdcan1
 COMMON         0x0000000020000378        0x4 ./Drivers/STM32H7xx_HAL_Driver/Src/stm32h7xx_hal.o
                0x0000000020000378                uwTick
                0x000000002000037c                . = ALIGN (0x4)
                0x000000002000037c                _ebss = .
                0x000000002000037c                __bss_end__ = _ebss

._user_heap_stack
                0x000000002000037c      0x604 load address 0x000000000800881c
                0x0000000020000380                . = ALIGN (0x8)
 *fill*         0x000000002000037c        0x4 
                [!provide]                        PROVIDE (end = .)
                0x0000000020000380                PROVIDE (_end = .)
                0x0000000020000580                . = (. + _Min_Heap_Size)
 *fill*         0x0000000020000380      0x200 
                0x0000000020000980                . = (. + _Min_Stack_Size)
 *fill*         0x0000000020000580      0x400 
                0x0000000020000980                . = ALIGN (0x8)

/DISCARD/
 libc.a(*)
 libm.a(*)
 libgcc.a(*)

.ARM.attributes
                0x0000000000000000       0x2e
 *(.ARM.attributes)
 .ARM.attributes
                0x0000000000000000       0x1e c:/st/stm32cubeide_1.6.0/stm32cubeide/plugins/com.st.stm32cube.ide.mcu.externaltools.gnu-tools-for-stm32.9-2020-q2-update.win32_2.0.0.202105311346/tools/bin/../lib/gcc/arm-none-eabi/9.3.1/thumb/v7e-m+dp/hard/crti.o
 .ARM.attributes
                0x000000000000001e       0x32 c:/st/stm32cubeide_1.6.0/stm32cubeide/plugins/com.st.stm32cube.ide.mcu.externaltools.gnu-tools-for-stm32.9-2020-q2-update.win32_2.0.0.202105311346/tools/bin/../lib/gcc/arm-none-eabi/9.3.1/thumb/v7e-m+dp/hard/crtbegin.o
 .ARM.attributes
                0x0000000000000050       0x32 ./Core/Src/Initializers.o
 .ARM.attributes
                0x0000000000000082       0x32 ./Core/Src/adc.o
 .ARM.attributes
                0x00000000000000b4       0x32 ./Core/Src/can_handler.o
 .ARM.attributes
                0x00000000000000e6       0x32 ./Core/Src/general_can.o
 .ARM.attributes
                0x0000000000000118       0x32 ./Core/Src/i2c.o
 .ARM.attributes
                0x000000000000014a       0x32 ./Core/Src/main.o
 .ARM.attributes
                0x000000000000017c       0x32 ./Core/Src/stm32h7xx_hal_msp.o
 .ARM.attributes
                0x00000000000001ae       0x32 ./Core/Src/stm32h7xx_it.o
 .ARM.attributes
                0x00000000000001e0       0x32 ./Core/Src/system_stm32h7xx.o
 .ARM.attributes
                0x0000000000000212       0x21 ./Core/Startup/startup_stm32h743vitx.o
 .ARM.attributes
                0x0000000000000233       0x32 ./Drivers/STM32H7xx_HAL_Driver/Src/stm32h7xx_hal.o
 .ARM.attributes
                0x0000000000000265       0x32 ./Drivers/STM32H7xx_HAL_Driver/Src/stm32h7xx_hal_adc.o
 .ARM.attributes
                0x0000000000000297       0x32 ./Drivers/STM32H7xx_HAL_Driver/Src/stm32h7xx_hal_adc_ex.o
 .ARM.attributes
                0x00000000000002c9       0x32 ./Drivers/STM32H7xx_HAL_Driver/Src/stm32h7xx_hal_cortex.o
 .ARM.attributes
                0x00000000000002fb       0x32 ./Drivers/STM32H7xx_HAL_Driver/Src/stm32h7xx_hal_fdcan.o
 .ARM.attributes
                0x000000000000032d       0x32 ./Drivers/STM32H7xx_HAL_Driver/Src/stm32h7xx_hal_gpio.o
 .ARM.attributes
                0x000000000000035f       0x32 ./Drivers/STM32H7xx_HAL_Driver/Src/stm32h7xx_hal_i2c.o
 .ARM.attributes
                0x0000000000000391       0x32 ./Drivers/STM32H7xx_HAL_Driver/Src/stm32h7xx_hal_i2c_ex.o
 .ARM.attributes
                0x00000000000003c3       0x32 ./Drivers/STM32H7xx_HAL_Driver/Src/stm32h7xx_hal_pwr_ex.o
 .ARM.attributes
                0x00000000000003f5       0x32 ./Drivers/STM32H7xx_HAL_Driver/Src/stm32h7xx_hal_rcc.o
 .ARM.attributes
                0x0000000000000427       0x32 ./Drivers/STM32H7xx_HAL_Driver/Src/stm32h7xx_hal_rcc_ex.o
 .ARM.attributes
                0x0000000000000459       0x32 ./Drivers/STM32H7xx_HAL_Driver/Src/stm32h7xx_hal_uart.o
 .ARM.attributes
                0x000000000000048b       0x32 ./Drivers/STM32H7xx_HAL_Driver/Src/stm32h7xx_hal_uart_ex.o
 .ARM.attributes
                0x00000000000004bd       0x32 c:/st/stm32cubeide_1.6.0/stm32cubeide/plugins/com.st.stm32cube.ide.mcu.externaltools.gnu-tools-for-stm32.9-2020-q2-update.win32_2.0.0.202105311346/tools/bin/../lib/gcc/arm-none-eabi/9.3.1/../../../../arm-none-eabi/lib/thumb/v7e-m+dp/hard\libc_nano.a(lib_a-init.o)
 .ARM.attributes
                0x00000000000004ef       0x32 c:/st/stm32cubeide_1.6.0/stm32cubeide/plugins/com.st.stm32cube.ide.mcu.externaltools.gnu-tools-for-stm32.9-2020-q2-update.win32_2.0.0.202105311346/tools/bin/../lib/gcc/arm-none-eabi/9.3.1/../../../../arm-none-eabi/lib/thumb/v7e-m+dp/hard\libc_nano.a(lib_a-memcpy-stub.o)
 .ARM.attributes
                0x0000000000000521       0x32 c:/st/stm32cubeide_1.6.0/stm32cubeide/plugins/com.st.stm32cube.ide.mcu.externaltools.gnu-tools-for-stm32.9-2020-q2-update.win32_2.0.0.202105311346/tools/bin/../lib/gcc/arm-none-eabi/9.3.1/../../../../arm-none-eabi/lib/thumb/v7e-m+dp/hard\libc_nano.a(lib_a-memset.o)
 .ARM.attributes
                0x0000000000000553       0x1e c:/st/stm32cubeide_1.6.0/stm32cubeide/plugins/com.st.stm32cube.ide.mcu.externaltools.gnu-tools-for-stm32.9-2020-q2-update.win32_2.0.0.202105311346/tools/bin/../lib/gcc/arm-none-eabi/9.3.1/thumb/v7e-m+dp/hard\libgcc.a(_aeabi_uldivmod.o)
 .ARM.attributes
                0x0000000000000571       0x32 c:/st/stm32cubeide_1.6.0/stm32cubeide/plugins/com.st.stm32cube.ide.mcu.externaltools.gnu-tools-for-stm32.9-2020-q2-update.win32_2.0.0.202105311346/tools/bin/../lib/gcc/arm-none-eabi/9.3.1/thumb/v7e-m+dp/hard\libgcc.a(_udivmoddi4.o)
 .ARM.attributes
                0x00000000000005a3       0x1e c:/st/stm32cubeide_1.6.0/stm32cubeide/plugins/com.st.stm32cube.ide.mcu.externaltools.gnu-tools-for-stm32.9-2020-q2-update.win32_2.0.0.202105311346/tools/bin/../lib/gcc/arm-none-eabi/9.3.1/thumb/v7e-m+dp/hard\libgcc.a(_dvmd_tls.o)
 .ARM.attributes
                0x00000000000005c1       0x1e c:/st/stm32cubeide_1.6.0/stm32cubeide/plugins/com.st.stm32cube.ide.mcu.externaltools.gnu-tools-for-stm32.9-2020-q2-update.win32_2.0.0.202105311346/tools/bin/../lib/gcc/arm-none-eabi/9.3.1/thumb/v7e-m+dp/hard/crtn.o
OUTPUT(Coletora2.0.elf elf32-littlearm)
LOAD linker stubs
LOAD c:/st/stm32cubeide_1.6.0/stm32cubeide/plugins/com.st.stm32cube.ide.mcu.externaltools.gnu-tools-for-stm32.9-2020-q2-update.win32_2.0.0.202105311346/tools/bin/../lib/gcc/arm-none-eabi/9.3.1/../../../../arm-none-eabi/lib/thumb/v7e-m+dp/hard\libc.a
LOAD c:/st/stm32cubeide_1.6.0/stm32cubeide/plugins/com.st.stm32cube.ide.mcu.externaltools.gnu-tools-for-stm32.9-2020-q2-update.win32_2.0.0.202105311346/tools/bin/../lib/gcc/arm-none-eabi/9.3.1/../../../../arm-none-eabi/lib/thumb/v7e-m+dp/hard\libm.a
LOAD c:/st/stm32cubeide_1.6.0/stm32cubeide/plugins/com.st.stm32cube.ide.mcu.externaltools.gnu-tools-for-stm32.9-2020-q2-update.win32_2.0.0.202105311346/tools/bin/../lib/gcc/arm-none-eabi/9.3.1/thumb/v7e-m+dp/hard\libgcc.a

.debug_info     0x0000000000000000    0x2b790
 .debug_info    0x0000000000000000     0x1474 ./Core/Src/Initializers.o
 .debug_info    0x0000000000001474     0x1496 ./Core/Src/adc.o
 .debug_info    0x000000000000290a     0x1616 ./Core/Src/can_handler.o
 .debug_info    0x0000000000003f20     0x17c6 ./Core/Src/general_can.o
 .debug_info    0x00000000000056e6     0x11d6 ./Core/Src/i2c.o
 .debug_info    0x00000000000068bc     0x3126 ./Core/Src/main.o
 .debug_info    0x00000000000099e2     0x307a ./Core/Src/stm32h7xx_hal_msp.o
 .debug_info    0x000000000000ca5c     0x1528 ./Core/Src/stm32h7xx_it.o
 .debug_info    0x000000000000df84     0x1787 ./Core/Src/system_stm32h7xx.o
 .debug_info    0x000000000000f70b       0x22 ./Core/Startup/startup_stm32h743vitx.o
 .debug_info    0x000000000000f72d     0x1f9d ./Drivers/STM32H7xx_HAL_Driver/Src/stm32h7xx_hal.o
 .debug_info    0x00000000000116ca     0x294c ./Drivers/STM32H7xx_HAL_Driver/Src/stm32h7xx_hal_adc.o
 .debug_info    0x0000000000014016     0x2a8c ./Drivers/STM32H7xx_HAL_Driver/Src/stm32h7xx_hal_adc_ex.o
 .debug_info    0x0000000000016aa2     0x1c13 ./Drivers/STM32H7xx_HAL_Driver/Src/stm32h7xx_hal_cortex.o
 .debug_info    0x00000000000186b5     0x409b ./Drivers/STM32H7xx_HAL_Driver/Src/stm32h7xx_hal_fdcan.o
 .debug_info    0x000000000001c750     0x17e6 ./Drivers/STM32H7xx_HAL_Driver/Src/stm32h7xx_hal_gpio.o
 .debug_info    0x000000000001df36     0x2d48 ./Drivers/STM32H7xx_HAL_Driver/Src/stm32h7xx_hal_i2c.o
 .debug_info    0x0000000000020c7e     0x18b6 ./Drivers/STM32H7xx_HAL_Driver/Src/stm32h7xx_hal_i2c_ex.o
 .debug_info    0x0000000000022534     0x1b45 ./Drivers/STM32H7xx_HAL_Driver/Src/stm32h7xx_hal_pwr_ex.o
 .debug_info    0x0000000000024079     0x1951 ./Drivers/STM32H7xx_HAL_Driver/Src/stm32h7xx_hal_rcc.o
 .debug_info    0x00000000000259ca     0x1d01 ./Drivers/STM32H7xx_HAL_Driver/Src/stm32h7xx_hal_rcc_ex.o
 .debug_info    0x00000000000276cb     0x2937 ./Drivers/STM32H7xx_HAL_Driver/Src/stm32h7xx_hal_uart.o
 .debug_info    0x000000000002a002     0x178e ./Drivers/STM32H7xx_HAL_Driver/Src/stm32h7xx_hal_uart_ex.o

.debug_abbrev   0x0000000000000000     0x3e49
 .debug_abbrev  0x0000000000000000      0x202 ./Core/Src/Initializers.o
 .debug_abbrev  0x0000000000000202      0x220 ./Core/Src/adc.o
 .debug_abbrev  0x0000000000000422      0x26e ./Core/Src/can_handler.o
 .debug_abbrev  0x0000000000000690      0x29c ./Core/Src/general_can.o
 .debug_abbrev  0x000000000000092c      0x206 ./Core/Src/i2c.o
 .debug_abbrev  0x0000000000000b32      0x36f ./Core/Src/main.o
 .debug_abbrev  0x0000000000000ea1      0x294 ./Core/Src/stm32h7xx_hal_msp.o
 .debug_abbrev  0x0000000000001135      0x21e ./Core/Src/stm32h7xx_it.o
 .debug_abbrev  0x0000000000001353      0x262 ./Core/Src/system_stm32h7xx.o
 .debug_abbrev  0x00000000000015b5       0x12 ./Core/Startup/startup_stm32h743vitx.o
 .debug_abbrev  0x00000000000015c7      0x31b ./Drivers/STM32H7xx_HAL_Driver/Src/stm32h7xx_hal.o
 .debug_abbrev  0x00000000000018e2      0x31b ./Drivers/STM32H7xx_HAL_Driver/Src/stm32h7xx_hal_adc.o
 .debug_abbrev  0x0000000000001bfd      0x361 ./Drivers/STM32H7xx_HAL_Driver/Src/stm32h7xx_hal_adc_ex.o
 .debug_abbrev  0x0000000000001f5e      0x409 ./Drivers/STM32H7xx_HAL_Driver/Src/stm32h7xx_hal_cortex.o
 .debug_abbrev  0x0000000000002367      0x356 ./Drivers/STM32H7xx_HAL_Driver/Src/stm32h7xx_hal_fdcan.o
 .debug_abbrev  0x00000000000026bd      0x2cb ./Drivers/STM32H7xx_HAL_Driver/Src/stm32h7xx_hal_gpio.o
 .debug_abbrev  0x0000000000002988      0x2e6 ./Drivers/STM32H7xx_HAL_Driver/Src/stm32h7xx_hal_i2c.o
 .debug_abbrev  0x0000000000002c6e      0x29e ./Drivers/STM32H7xx_HAL_Driver/Src/stm32h7xx_hal_i2c_ex.o
 .debug_abbrev  0x0000000000002f0c      0x350 ./Drivers/STM32H7xx_HAL_Driver/Src/stm32h7xx_hal_pwr_ex.o
 .debug_abbrev  0x000000000000325c      0x322 ./Drivers/STM32H7xx_HAL_Driver/Src/stm32h7xx_hal_rcc.o
 .debug_abbrev  0x000000000000357e      0x31d ./Drivers/STM32H7xx_HAL_Driver/Src/stm32h7xx_hal_rcc_ex.o
 .debug_abbrev  0x000000000000389b      0x309 ./Drivers/STM32H7xx_HAL_Driver/Src/stm32h7xx_hal_uart.o
 .debug_abbrev  0x0000000000003ba4      0x2a5 ./Drivers/STM32H7xx_HAL_Driver/Src/stm32h7xx_hal_uart_ex.o

.debug_aranges  0x0000000000000000     0x1600
 .debug_aranges
                0x0000000000000000       0x20 ./Core/Src/Initializers.o
 .debug_aranges
                0x0000000000000020       0x38 ./Core/Src/adc.o
 .debug_aranges
                0x0000000000000058       0x28 ./Core/Src/can_handler.o
 .debug_aranges
                0x0000000000000080       0x30 ./Core/Src/general_can.o
 .debug_aranges
                0x00000000000000b0       0x28 ./Core/Src/i2c.o
 .debug_aranges
                0x00000000000000d8       0x68 ./Core/Src/main.o
 .debug_aranges
                0x0000000000000140       0x60 ./Core/Src/stm32h7xx_hal_msp.o
 .debug_aranges
                0x00000000000001a0       0x70 ./Core/Src/stm32h7xx_it.o
 .debug_aranges
                0x0000000000000210       0x28 ./Core/Src/system_stm32h7xx.o
 .debug_aranges
                0x0000000000000238       0x28 ./Core/Startup/startup_stm32h743vitx.o
 .debug_aranges
                0x0000000000000260      0x198 ./Drivers/STM32H7xx_HAL_Driver/Src/stm32h7xx_hal.o
 .debug_aranges
                0x00000000000003f8      0x228 ./Drivers/STM32H7xx_HAL_Driver/Src/stm32h7xx_hal_adc.o
 .debug_aranges
                0x0000000000000620      0x1d8 ./Drivers/STM32H7xx_HAL_Driver/Src/stm32h7xx_hal_adc_ex.o
 .debug_aranges
                0x00000000000007f8      0x120 ./Drivers/STM32H7xx_HAL_Driver/Src/stm32h7xx_hal_cortex.o
 .debug_aranges
                0x0000000000000918      0x3f8 ./Drivers/STM32H7xx_HAL_Driver/Src/stm32h7xx_hal_fdcan.o
 .debug_aranges
                0x0000000000000d10       0x58 ./Drivers/STM32H7xx_HAL_Driver/Src/stm32h7xx_hal_gpio.o
 .debug_aranges
                0x0000000000000d68      0x290 ./Drivers/STM32H7xx_HAL_Driver/Src/stm32h7xx_hal_i2c.o
 .debug_aranges
                0x0000000000000ff8       0x48 ./Drivers/STM32H7xx_HAL_Driver/Src/stm32h7xx_hal_i2c_ex.o
 .debug_aranges
                0x0000000000001040      0x158 ./Drivers/STM32H7xx_HAL_Driver/Src/stm32h7xx_hal_pwr_ex.o
 .debug_aranges
                0x0000000000001198       0x88 ./Drivers/STM32H7xx_HAL_Driver/Src/stm32h7xx_hal_rcc.o
 .debug_aranges
                0x0000000000001220       0xf8 ./Drivers/STM32H7xx_HAL_Driver/Src/stm32h7xx_hal_rcc_ex.o
 .debug_aranges
                0x0000000000001318      0x248 ./Drivers/STM32H7xx_HAL_Driver/Src/stm32h7xx_hal_uart.o
 .debug_aranges
                0x0000000000001560       0xa0 ./Drivers/STM32H7xx_HAL_Driver/Src/stm32h7xx_hal_uart_ex.o

.debug_ranges   0x0000000000000000     0x14c8
 .debug_ranges  0x0000000000000000       0x10 ./Core/Src/Initializers.o
 .debug_ranges  0x0000000000000010       0x28 ./Core/Src/adc.o
 .debug_ranges  0x0000000000000038       0x18 ./Core/Src/can_handler.o
 .debug_ranges  0x0000000000000050       0x20 ./Core/Src/general_can.o
 .debug_ranges  0x0000000000000070       0x18 ./Core/Src/i2c.o
 .debug_ranges  0x0000000000000088       0x58 ./Core/Src/main.o
 .debug_ranges  0x00000000000000e0       0x50 ./Core/Src/stm32h7xx_hal_msp.o
 .debug_ranges  0x0000000000000130       0x60 ./Core/Src/stm32h7xx_it.o
 .debug_ranges  0x0000000000000190       0x18 ./Core/Src/system_stm32h7xx.o
 .debug_ranges  0x00000000000001a8       0x20 ./Core/Startup/startup_stm32h743vitx.o
 .debug_ranges  0x00000000000001c8      0x188 ./Drivers/STM32H7xx_HAL_Driver/Src/stm32h7xx_hal.o
 .debug_ranges  0x0000000000000350      0x218 ./Drivers/STM32H7xx_HAL_Driver/Src/stm32h7xx_hal_adc.o
 .debug_ranges  0x0000000000000568      0x1c8 ./Drivers/STM32H7xx_HAL_Driver/Src/stm32h7xx_hal_adc_ex.o
 .debug_ranges  0x0000000000000730      0x110 ./Drivers/STM32H7xx_HAL_Driver/Src/stm32h7xx_hal_cortex.o
 .debug_ranges  0x0000000000000840      0x3e8 ./Drivers/STM32H7xx_HAL_Driver/Src/stm32h7xx_hal_fdcan.o
 .debug_ranges  0x0000000000000c28       0x48 ./Drivers/STM32H7xx_HAL_Driver/Src/stm32h7xx_hal_gpio.o
 .debug_ranges  0x0000000000000c70      0x280 ./Drivers/STM32H7xx_HAL_Driver/Src/stm32h7xx_hal_i2c.o
 .debug_ranges  0x0000000000000ef0       0x38 ./Drivers/STM32H7xx_HAL_Driver/Src/stm32h7xx_hal_i2c_ex.o
 .debug_ranges  0x0000000000000f28      0x148 ./Drivers/STM32H7xx_HAL_Driver/Src/stm32h7xx_hal_pwr_ex.o
 .debug_ranges  0x0000000000001070       0x78 ./Drivers/STM32H7xx_HAL_Driver/Src/stm32h7xx_hal_rcc.o
 .debug_ranges  0x00000000000010e8       0xe8 ./Drivers/STM32H7xx_HAL_Driver/Src/stm32h7xx_hal_rcc_ex.o
 .debug_ranges  0x00000000000011d0      0x268 ./Drivers/STM32H7xx_HAL_Driver/Src/stm32h7xx_hal_uart.o
 .debug_ranges  0x0000000000001438       0x90 ./Drivers/STM32H7xx_HAL_Driver/Src/stm32h7xx_hal_uart_ex.o

.debug_macro    0x0000000000000000    0x39650
 .debug_macro   0x0000000000000000      0x2dd ./Core/Src/Initializers.o
 .debug_macro   0x00000000000002dd      0xac0 ./Core/Src/Initializers.o
 .debug_macro   0x0000000000000d9d       0x2e ./Core/Src/Initializers.o
 .debug_macro   0x0000000000000dcb       0x3b ./Core/Src/Initializers.o
 .debug_macro   0x0000000000000e06       0x22 ./Core/Src/Initializers.o
 .debug_macro   0x0000000000000e28       0x8e ./Core/Src/Initializers.o
 .debug_macro   0x0000000000000eb6       0x51 ./Core/Src/Initializers.o
 .debug_macro   0x0000000000000f07      0x103 ./Core/Src/Initializers.o
 .debug_macro   0x000000000000100a       0x6a ./Core/Src/Initializers.o
 .debug_macro   0x0000000000001074      0x1df ./Core/Src/Initializers.o
 .debug_macro   0x0000000000001253       0x1c ./Core/Src/Initializers.o
 .debug_macro   0x000000000000126f       0x22 ./Core/Src/Initializers.o
 .debug_macro   0x0000000000001291      0x101 ./Core/Src/Initializers.o
 .debug_macro   0x0000000000001392     0x1305 ./Core/Src/Initializers.o
 .debug_macro   0x0000000000002697      0x11f ./Core/Src/Initializers.o
 .debug_macro   0x00000000000027b6       0x27 ./Core/Src/Initializers.o
 .debug_macro   0x00000000000027dd    0x253d1 ./Core/Src/Initializers.o
 .debug_macro   0x0000000000027bae       0x43 ./Core/Src/Initializers.o
 .debug_macro   0x0000000000027bf1      0x23e ./Core/Src/Initializers.o
 .debug_macro   0x0000000000027e2f     0x3cd3 ./Core/Src/Initializers.o
 .debug_macro   0x000000000002bb02      0x174 ./Core/Src/Initializers.o
 .debug_macro   0x000000000002bc76       0x52 ./Core/Src/Initializers.o
 .debug_macro   0x000000000002bcc8       0x17 ./Core/Src/Initializers.o
 .debug_macro   0x000000000002bcdf       0x3c ./Core/Src/Initializers.o
 .debug_macro   0x000000000002bd1b       0x34 ./Core/Src/Initializers.o
 .debug_macro   0x000000000002bd4f       0x16 ./Core/Src/Initializers.o
 .debug_macro   0x000000000002bd65       0x43 ./Core/Src/Initializers.o
 .debug_macro   0x000000000002bda8       0x34 ./Core/Src/Initializers.o
 .debug_macro   0x000000000002bddc       0x10 ./Core/Src/Initializers.o
 .debug_macro   0x000000000002bdec       0x58 ./Core/Src/Initializers.o
 .debug_macro   0x000000000002be44       0x71 ./Core/Src/Initializers.o
 .debug_macro   0x000000000002beb5       0x1c ./Core/Src/Initializers.o
 .debug_macro   0x000000000002bed1      0x12a ./Core/Src/Initializers.o
 .debug_macro   0x000000000002bffb      0x333 ./Core/Src/Initializers.o
 .debug_macro   0x000000000002c32e      0x1a9 ./Core/Src/Initializers.o
 .debug_macro   0x000000000002c4d7       0x5d ./Core/Src/Initializers.o
 .debug_macro   0x000000000002c534     0x2382 ./Core/Src/Initializers.o
 .debug_macro   0x000000000002e8b6     0x1002 ./Core/Src/Initializers.o
 .debug_macro   0x000000000002f8b8      0x14d ./Core/Src/Initializers.o
 .debug_macro   0x000000000002fa05      0x117 ./Core/Src/Initializers.o
 .debug_macro   0x000000000002fb1c      0x3b2 ./Core/Src/Initializers.o
 .debug_macro   0x000000000002fece       0x27 ./Core/Src/Initializers.o
 .debug_macro   0x000000000002fef5      0x72d ./Core/Src/Initializers.o
 .debug_macro   0x0000000000030622      0x229 ./Core/Src/Initializers.o
 .debug_macro   0x000000000003084b       0x66 ./Core/Src/Initializers.o
 .debug_macro   0x00000000000308b1      0x3bb ./Core/Src/Initializers.o
 .debug_macro   0x0000000000030c6c      0x3e5 ./Core/Src/Initializers.o
 .debug_macro   0x0000000000031051      0x275 ./Core/Src/Initializers.o
 .debug_macro   0x00000000000312c6     0x1036 ./Core/Src/Initializers.o
 .debug_macro   0x00000000000322fc      0x6c5 ./Core/Src/Initializers.o
 .debug_macro   0x00000000000329c1      0x36e ./Core/Src/Initializers.o
 .debug_macro   0x0000000000032d2f      0xe3b ./Core/Src/Initializers.o
 .debug_macro   0x0000000000033b6a      0x3cb ./Core/Src/Initializers.o
 .debug_macro   0x0000000000033f35      0x408 ./Core/Src/Initializers.o
 .debug_macro   0x000000000003433d       0x51 ./Core/Src/Initializers.o
 .debug_macro   0x000000000003438e       0x4a ./Core/Src/Initializers.o
 .debug_macro   0x00000000000343d8      0x22c ./Core/Src/Initializers.o
 .debug_macro   0x0000000000034604       0x67 ./Core/Src/Initializers.o
 .debug_macro   0x000000000003466b       0xa5 ./Core/Src/Initializers.o
 .debug_macro   0x0000000000034710      0x1c5 ./Core/Src/Initializers.o
 .debug_macro   0x00000000000348d5      0x25f ./Core/Src/Initializers.o
 .debug_macro   0x0000000000034b34       0x35 ./Core/Src/Initializers.o
 .debug_macro   0x0000000000034b69      0x67e ./Core/Src/Initializers.o
 .debug_macro   0x00000000000351e7       0xa6 ./Core/Src/Initializers.o
 .debug_macro   0x000000000003528d      0x5a0 ./Core/Src/Initializers.o
 .debug_macro   0x000000000003582d       0x3a ./Core/Src/Initializers.o
 .debug_macro   0x0000000000035867      0x2d9 ./Core/Src/adc.o
 .debug_macro   0x0000000000035b40       0x34 ./Core/Src/adc.o
 .debug_macro   0x0000000000035b74      0x2ca ./Core/Src/can_handler.o
 .debug_macro   0x0000000000035e3e      0x2dd ./Core/Src/general_can.o
 .debug_macro   0x000000000003611b      0x2e3 ./Core/Src/i2c.o
 .debug_macro   0x00000000000363fe      0x2fa ./Core/Src/main.o
 .debug_macro   0x00000000000366f8       0x58 ./Core/Src/main.o
 .debug_macro   0x0000000000036750      0x2cf ./Core/Src/stm32h7xx_hal_msp.o
 .debug_macro   0x0000000000036a1f      0x2d9 ./Core/Src/stm32h7xx_it.o
 .debug_macro   0x0000000000036cf8      0x2c6 ./Core/Src/system_stm32h7xx.o
 .debug_macro   0x0000000000036fbe      0x2ea ./Drivers/STM32H7xx_HAL_Driver/Src/stm32h7xx_hal.o
 .debug_macro   0x00000000000372a8      0x2e4 ./Drivers/STM32H7xx_HAL_Driver/Src/stm32h7xx_hal_adc.o
 .debug_macro   0x000000000003758c      0x2cc ./Drivers/STM32H7xx_HAL_Driver/Src/stm32h7xx_hal_adc_ex.o
 .debug_macro   0x0000000000037858      0x2c0 ./Drivers/STM32H7xx_HAL_Driver/Src/stm32h7xx_hal_cortex.o
 .debug_macro   0x0000000000037b18      0x385 ./Drivers/STM32H7xx_HAL_Driver/Src/stm32h7xx_hal_fdcan.o
 .debug_macro   0x0000000000037e9d      0x2fc ./Drivers/STM32H7xx_HAL_Driver/Src/stm32h7xx_hal_gpio.o
 .debug_macro   0x0000000000038199      0x385 ./Drivers/STM32H7xx_HAL_Driver/Src/stm32h7xx_hal_i2c.o
 .debug_macro   0x000000000003851e      0x2c0 ./Drivers/STM32H7xx_HAL_Driver/Src/stm32h7xx_hal_i2c_ex.o
 .debug_macro   0x00000000000387de      0x2f9 ./Drivers/STM32H7xx_HAL_Driver/Src/stm32h7xx_hal_pwr_ex.o
 .debug_macro   0x0000000000038ad7      0x2e4 ./Drivers/STM32H7xx_HAL_Driver/Src/stm32h7xx_hal_rcc.o
 .debug_macro   0x0000000000038dbb      0x2de ./Drivers/STM32H7xx_HAL_Driver/Src/stm32h7xx_hal_rcc_ex.o
 .debug_macro   0x0000000000039099      0x2eb ./Drivers/STM32H7xx_HAL_Driver/Src/stm32h7xx_hal_uart.o
 .debug_macro   0x0000000000039384      0x2cc ./Drivers/STM32H7xx_HAL_Driver/Src/stm32h7xx_hal_uart_ex.o

.debug_line     0x0000000000000000    0x1a3ec
 .debug_line    0x0000000000000000      0x8a5 ./Core/Src/Initializers.o
 .debug_line    0x00000000000008a5      0x997 ./Core/Src/adc.o
 .debug_line    0x000000000000123c      0x8d3 ./Core/Src/can_handler.o
 .debug_line    0x0000000000001b0f      0x939 ./Core/Src/general_can.o
 .debug_line    0x0000000000002448      0x90e ./Core/Src/i2c.o
 .debug_line    0x0000000000002d56      0xb64 ./Core/Src/main.o
 .debug_line    0x00000000000038ba      0xa98 ./Core/Src/stm32h7xx_hal_msp.o
 .debug_line    0x0000000000004352      0x97b ./Core/Src/stm32h7xx_it.o
 .debug_line    0x0000000000004ccd      0xa3f ./Core/Src/system_stm32h7xx.o
 .debug_line    0x000000000000570c       0x88 ./Core/Startup/startup_stm32h743vitx.o
 .debug_line    0x0000000000005794      0xe36 ./Drivers/STM32H7xx_HAL_Driver/Src/stm32h7xx_hal.o
 .debug_line    0x00000000000065ca     0x2391 ./Drivers/STM32H7xx_HAL_Driver/Src/stm32h7xx_hal_adc.o
 .debug_line    0x000000000000895b     0x1f54 ./Drivers/STM32H7xx_HAL_Driver/Src/stm32h7xx_hal_adc_ex.o
 .debug_line    0x000000000000a8af      0xe3c ./Drivers/STM32H7xx_HAL_Driver/Src/stm32h7xx_hal_cortex.o
 .debug_line    0x000000000000b6eb     0x2d1c ./Drivers/STM32H7xx_HAL_Driver/Src/stm32h7xx_hal_fdcan.o
 .debug_line    0x000000000000e407      0xd01 ./Drivers/STM32H7xx_HAL_Driver/Src/stm32h7xx_hal_gpio.o
 .debug_line    0x000000000000f108     0x3785 ./Drivers/STM32H7xx_HAL_Driver/Src/stm32h7xx_hal_i2c.o
 .debug_line    0x000000000001288d      0xaa6 ./Drivers/STM32H7xx_HAL_Driver/Src/stm32h7xx_hal_i2c_ex.o
 .debug_line    0x0000000000013333      0xf50 ./Drivers/STM32H7xx_HAL_Driver/Src/stm32h7xx_hal_pwr_ex.o
 .debug_line    0x0000000000014283     0x1382 ./Drivers/STM32H7xx_HAL_Driver/Src/stm32h7xx_hal_rcc.o
 .debug_line    0x0000000000015605     0x1b4f ./Drivers/STM32H7xx_HAL_Driver/Src/stm32h7xx_hal_rcc_ex.o
 .debug_line    0x0000000000017154     0x2474 ./Drivers/STM32H7xx_HAL_Driver/Src/stm32h7xx_hal_uart.o
 .debug_line    0x00000000000195c8      0xe24 ./Drivers/STM32H7xx_HAL_Driver/Src/stm32h7xx_hal_uart_ex.o

.debug_str      0x0000000000000000   0x173b17
 .debug_str     0x0000000000000000   0x16ae9a ./Core/Src/Initializers.o
                                     0x16b76b (size before relaxing)
 .debug_str     0x000000000016ae9a      0x583 ./Core/Src/adc.o
                                     0x16b7be (size before relaxing)
 .debug_str     0x000000000016b41d       0xf2 ./Core/Src/can_handler.o
                                     0x16b79f (size before relaxing)
 .debug_str     0x000000000016b50f      0x118 ./Core/Src/general_can.o
                                     0x16b943 (size before relaxing)
 .debug_str     0x000000000016b627      0x2c6 ./Core/Src/i2c.o
                                     0x16b6ae (size before relaxing)
 .debug_str     0x000000000016b8ed      0xaf6 ./Core/Src/main.o
                                     0x16cb97 (size before relaxing)
 .debug_str     0x000000000016c3e3      0x896 ./Core/Src/stm32h7xx_hal_msp.o
                                     0x16cfee (size before relaxing)
 .debug_str     0x000000000016cc79       0xe9 ./Core/Src/stm32h7xx_it.o
                                     0x16b80b (size before relaxing)
 .debug_str     0x000000000016cd62      0x328 ./Core/Src/system_stm32h7xx.o
                                     0x16b575 (size before relaxing)
 .debug_str     0x000000000016d08a       0x36 ./Core/Startup/startup_stm32h743vitx.o
                                         0x65 (size before relaxing)
 .debug_str     0x000000000016d0c0      0x745 ./Drivers/STM32H7xx_HAL_Driver/Src/stm32h7xx_hal.o
                                     0x16c386 (size before relaxing)
 .debug_str     0x000000000016d805      0xa4a ./Drivers/STM32H7xx_HAL_Driver/Src/stm32h7xx_hal_adc.o
                                     0x16c1b1 (size before relaxing)
 .debug_str     0x000000000016e24f      0x898 ./Drivers/STM32H7xx_HAL_Driver/Src/stm32h7xx_hal_adc_ex.o
                                     0x16c298 (size before relaxing)
 .debug_str     0x000000000016eae7      0x398 ./Drivers/STM32H7xx_HAL_Driver/Src/stm32h7xx_hal_cortex.o
                                     0x16be8e (size before relaxing)
 .debug_str     0x000000000016ee7f     0x20f3 ./Drivers/STM32H7xx_HAL_Driver/Src/stm32h7xx_hal_fdcan.o
                                     0x16d9e3 (size before relaxing)
 .debug_str     0x0000000000170f72      0x1ff ./Drivers/STM32H7xx_HAL_Driver/Src/stm32h7xx_hal_gpio.o
                                     0x16b611 (size before relaxing)
 .debug_str     0x0000000000171171      0xd86 ./Drivers/STM32H7xx_HAL_Driver/Src/stm32h7xx_hal_i2c.o
                                     0x16c4ab (size before relaxing)
 .debug_str     0x0000000000171ef7       0xb8 ./Drivers/STM32H7xx_HAL_Driver/Src/stm32h7xx_hal_i2c_ex.o
                                     0x16b94c (size before relaxing)
 .debug_str     0x0000000000171faf      0x627 ./Drivers/STM32H7xx_HAL_Driver/Src/stm32h7xx_hal_pwr_ex.o
                                     0x16b9df (size before relaxing)
 .debug_str     0x00000000001725d6      0x26c ./Drivers/STM32H7xx_HAL_Driver/Src/stm32h7xx_hal_rcc.o
                                     0x16b8a0 (size before relaxing)
 .debug_str     0x0000000000172842      0x653 ./Drivers/STM32H7xx_HAL_Driver/Src/stm32h7xx_hal_rcc_ex.o
                                     0x16bd66 (size before relaxing)
 .debug_str     0x0000000000172e95      0x99b ./Drivers/STM32H7xx_HAL_Driver/Src/stm32h7xx_hal_uart.o
                                     0x16c298 (size before relaxing)
 .debug_str     0x0000000000173830      0x2e7 ./Drivers/STM32H7xx_HAL_Driver/Src/stm32h7xx_hal_uart_ex.o
                                     0x16b8c0 (size before relaxing)

.comment        0x0000000000000000       0x53
 .comment       0x0000000000000000       0x53 ./Core/Src/Initializers.o
                                         0x54 (size before relaxing)
 .comment       0x0000000000000053       0x54 ./Core/Src/adc.o
 .comment       0x0000000000000053       0x54 ./Core/Src/can_handler.o
 .comment       0x0000000000000053       0x54 ./Core/Src/general_can.o
 .comment       0x0000000000000053       0x54 ./Core/Src/i2c.o
 .comment       0x0000000000000053       0x54 ./Core/Src/main.o
 .comment       0x0000000000000053       0x54 ./Core/Src/stm32h7xx_hal_msp.o
 .comment       0x0000000000000053       0x54 ./Core/Src/stm32h7xx_it.o
 .comment       0x0000000000000053       0x54 ./Core/Src/system_stm32h7xx.o
 .comment       0x0000000000000053       0x54 ./Drivers/STM32H7xx_HAL_Driver/Src/stm32h7xx_hal.o
 .comment       0x0000000000000053       0x54 ./Drivers/STM32H7xx_HAL_Driver/Src/stm32h7xx_hal_adc.o
 .comment       0x0000000000000053       0x54 ./Drivers/STM32H7xx_HAL_Driver/Src/stm32h7xx_hal_adc_ex.o
 .comment       0x0000000000000053       0x54 ./Drivers/STM32H7xx_HAL_Driver/Src/stm32h7xx_hal_cortex.o
 .comment       0x0000000000000053       0x54 ./Drivers/STM32H7xx_HAL_Driver/Src/stm32h7xx_hal_fdcan.o
 .comment       0x0000000000000053       0x54 ./Drivers/STM32H7xx_HAL_Driver/Src/stm32h7xx_hal_gpio.o
 .comment       0x0000000000000053       0x54 ./Drivers/STM32H7xx_HAL_Driver/Src/stm32h7xx_hal_i2c.o
 .comment       0x0000000000000053       0x54 ./Drivers/STM32H7xx_HAL_Driver/Src/stm32h7xx_hal_i2c_ex.o
 .comment       0x0000000000000053       0x54 ./Drivers/STM32H7xx_HAL_Driver/Src/stm32h7xx_hal_pwr_ex.o
 .comment       0x0000000000000053       0x54 ./Drivers/STM32H7xx_HAL_Driver/Src/stm32h7xx_hal_rcc.o
 .comment       0x0000000000000053       0x54 ./Drivers/STM32H7xx_HAL_Driver/Src/stm32h7xx_hal_rcc_ex.o
 .comment       0x0000000000000053       0x54 ./Drivers/STM32H7xx_HAL_Driver/Src/stm32h7xx_hal_uart.o
 .comment       0x0000000000000053       0x54 ./Drivers/STM32H7xx_HAL_Driver/Src/stm32h7xx_hal_uart_ex.o

.debug_frame    0x0000000000000000     0x5f2c
 .debug_frame   0x0000000000000000       0x2c ./Core/Src/Initializers.o
 .debug_frame   0x000000000000002c       0xa0 ./Core/Src/adc.o
 .debug_frame   0x00000000000000cc       0x58 ./Core/Src/can_handler.o
 .debug_frame   0x0000000000000124       0x7c ./Core/Src/general_can.o
 .debug_frame   0x00000000000001a0       0x48 ./Core/Src/i2c.o
 .debug_frame   0x00000000000001e8      0x160 ./Core/Src/main.o
 .debug_frame   0x0000000000000348      0x164 ./Core/Src/stm32h7xx_hal_msp.o
 .debug_frame   0x00000000000004ac      0x13c ./Core/Src/stm32h7xx_it.o
 .debug_frame   0x00000000000005e8       0x58 ./Core/Src/system_stm32h7xx.o
 .debug_frame   0x0000000000000640      0x690 ./Drivers/STM32H7xx_HAL_Driver/Src/stm32h7xx_hal.o
 .debug_frame   0x0000000000000cd0      0xa28 ./Drivers/STM32H7xx_HAL_Driver/Src/stm32h7xx_hal_adc.o
 .debug_frame   0x00000000000016f8      0x88c ./Drivers/STM32H7xx_HAL_Driver/Src/stm32h7xx_hal_adc_ex.o
 .debug_frame   0x0000000000001f84      0x4b8 ./Drivers/STM32H7xx_HAL_Driver/Src/stm32h7xx_hal_cortex.o
 .debug_frame   0x000000000000243c     0x135c ./Drivers/STM32H7xx_HAL_Driver/Src/stm32h7xx_hal_fdcan.o
 .debug_frame   0x0000000000003798      0x14c ./Drivers/STM32H7xx_HAL_Driver/Src/stm32h7xx_hal_gpio.o
 .debug_frame   0x00000000000038e4      0xbf0 ./Drivers/STM32H7xx_HAL_Driver/Src/stm32h7xx_hal_i2c.o
 .debug_frame   0x00000000000044d4      0x100 ./Drivers/STM32H7xx_HAL_Driver/Src/stm32h7xx_hal_i2c_ex.o
 .debug_frame   0x00000000000045d4      0x580 ./Drivers/STM32H7xx_HAL_Driver/Src/stm32h7xx_hal_pwr_ex.o
 .debug_frame   0x0000000000004b54      0x1f8 ./Drivers/STM32H7xx_HAL_Driver/Src/stm32h7xx_hal_rcc.o
 .debug_frame   0x0000000000004d4c      0x3f4 ./Drivers/STM32H7xx_HAL_Driver/Src/stm32h7xx_hal_rcc_ex.o
 .debug_frame   0x0000000000005140      0xa7c ./Drivers/STM32H7xx_HAL_Driver/Src/stm32h7xx_hal_uart.o
 .debug_frame   0x0000000000005bbc      0x29c ./Drivers/STM32H7xx_HAL_Driver/Src/stm32h7xx_hal_uart_ex.o
 .debug_frame   0x0000000000005e58       0x2c c:/st/stm32cubeide_1.6.0/stm32cubeide/plugins/com.st.stm32cube.ide.mcu.externaltools.gnu-tools-for-stm32.9-2020-q2-update.win32_2.0.0.202105311346/tools/bin/../lib/gcc/arm-none-eabi/9.3.1/../../../../arm-none-eabi/lib/thumb/v7e-m+dp/hard\libc_nano.a(lib_a-init.o)
 .debug_frame   0x0000000000005e84       0x28 c:/st/stm32cubeide_1.6.0/stm32cubeide/plugins/com.st.stm32cube.ide.mcu.externaltools.gnu-tools-for-stm32.9-2020-q2-update.win32_2.0.0.202105311346/tools/bin/../lib/gcc/arm-none-eabi/9.3.1/../../../../arm-none-eabi/lib/thumb/v7e-m+dp/hard\libc_nano.a(lib_a-memcpy-stub.o)
 .debug_frame   0x0000000000005eac       0x20 c:/st/stm32cubeide_1.6.0/stm32cubeide/plugins/com.st.stm32cube.ide.mcu.externaltools.gnu-tools-for-stm32.9-2020-q2-update.win32_2.0.0.202105311346/tools/bin/../lib/gcc/arm-none-eabi/9.3.1/../../../../arm-none-eabi/lib/thumb/v7e-m+dp/hard\libc_nano.a(lib_a-memset.o)
 .debug_frame   0x0000000000005ecc       0x2c c:/st/stm32cubeide_1.6.0/stm32cubeide/plugins/com.st.stm32cube.ide.mcu.externaltools.gnu-tools-for-stm32.9-2020-q2-update.win32_2.0.0.202105311346/tools/bin/../lib/gcc/arm-none-eabi/9.3.1/thumb/v7e-m+dp/hard\libgcc.a(_aeabi_uldivmod.o)
 .debug_frame   0x0000000000005ef8       0x34 c:/st/stm32cubeide_1.6.0/stm32cubeide/plugins/com.st.stm32cube.ide.mcu.externaltools.gnu-tools-for-stm32.9-2020-q2-update.win32_2.0.0.202105311346/tools/bin/../lib/gcc/arm-none-eabi/9.3.1/thumb/v7e-m+dp/hard\libgcc.a(_udivmoddi4.o)
