Archive member included to satisfy reference by file (symbol)

c:/ac6/systemworkbench/plugins/fr.ac6.mcu.externaltools.arm-none.win32_1.15.0.201708311556/tools/compiler/bin/../lib/gcc/arm-none-eabi/6.3.1/../../../../arm-none-eabi/lib/thumb/v7-m\libc_nano.a(lib_a-errno.o)
                              Src/syscalls.o (__errno)
c:/ac6/systemworkbench/plugins/fr.ac6.mcu.externaltools.arm-none.win32_1.15.0.201708311556/tools/compiler/bin/../lib/gcc/arm-none-eabi/6.3.1/../../../../arm-none-eabi/lib/thumb/v7-m\libc_nano.a(lib_a-exit.o)
                              c:/ac6/systemworkbench/plugins/fr.ac6.mcu.externaltools.arm-none.win32_1.15.0.201708311556/tools/compiler/bin/../lib/gcc/arm-none-eabi/6.3.1/../../../../arm-none-eabi/lib/thumb/v7-m/crt0.o (exit)
c:/ac6/systemworkbench/plugins/fr.ac6.mcu.externaltools.arm-none.win32_1.15.0.201708311556/tools/compiler/bin/../lib/gcc/arm-none-eabi/6.3.1/../../../../arm-none-eabi/lib/thumb/v7-m\libc_nano.a(lib_a-impure.o)
                              c:/ac6/systemworkbench/plugins/fr.ac6.mcu.externaltools.arm-none.win32_1.15.0.201708311556/tools/compiler/bin/../lib/gcc/arm-none-eabi/6.3.1/../../../../arm-none-eabi/lib/thumb/v7-m\libc_nano.a(lib_a-exit.o) (_global_impure_ptr)
c:/ac6/systemworkbench/plugins/fr.ac6.mcu.externaltools.arm-none.win32_1.15.0.201708311556/tools/compiler/bin/../lib/gcc/arm-none-eabi/6.3.1/../../../../arm-none-eabi/lib/thumb/v7-m\libc_nano.a(lib_a-init.o)
                              c:/ac6/systemworkbench/plugins/fr.ac6.mcu.externaltools.arm-none.win32_1.15.0.201708311556/tools/compiler/bin/../lib/gcc/arm-none-eabi/6.3.1/../../../../arm-none-eabi/lib/thumb/v7-m/crt0.o (__libc_init_array)
c:/ac6/systemworkbench/plugins/fr.ac6.mcu.externaltools.arm-none.win32_1.15.0.201708311556/tools/compiler/bin/../lib/gcc/arm-none-eabi/6.3.1/../../../../arm-none-eabi/lib/thumb/v7-m\libc_nano.a(lib_a-memset.o)
                              c:/ac6/systemworkbench/plugins/fr.ac6.mcu.externaltools.arm-none.win32_1.15.0.201708311556/tools/compiler/bin/../lib/gcc/arm-none-eabi/6.3.1/../../../../arm-none-eabi/lib/thumb/v7-m/crt0.o (memset)
c:/ac6/systemworkbench/plugins/fr.ac6.mcu.externaltools.arm-none.win32_1.15.0.201708311556/tools/compiler/bin/../lib/gcc/arm-none-eabi/6.3.1/../../../../arm-none-eabi/lib/thumb/v7-m\libc_nano.a(lib_a-vsprintf.o)
                              Src/main.o (vsprintf)
c:/ac6/systemworkbench/plugins/fr.ac6.mcu.externaltools.arm-none.win32_1.15.0.201708311556/tools/compiler/bin/../lib/gcc/arm-none-eabi/6.3.1/../../../../arm-none-eabi/lib/thumb/v7-m\libc_nano.a(lib_a-nano-svfprintf.o)
                              c:/ac6/systemworkbench/plugins/fr.ac6.mcu.externaltools.arm-none.win32_1.15.0.201708311556/tools/compiler/bin/../lib/gcc/arm-none-eabi/6.3.1/../../../../arm-none-eabi/lib/thumb/v7-m\libc_nano.a(lib_a-vsprintf.o) (_svfprintf_r)
c:/ac6/systemworkbench/plugins/fr.ac6.mcu.externaltools.arm-none.win32_1.15.0.201708311556/tools/compiler/bin/../lib/gcc/arm-none-eabi/6.3.1/../../../../arm-none-eabi/lib/thumb/v7-m\libc_nano.a(lib_a-nano-vfprintf_i.o)
                              c:/ac6/systemworkbench/plugins/fr.ac6.mcu.externaltools.arm-none.win32_1.15.0.201708311556/tools/compiler/bin/../lib/gcc/arm-none-eabi/6.3.1/../../../../arm-none-eabi/lib/thumb/v7-m\libc_nano.a(lib_a-nano-svfprintf.o) (_printf_i)
c:/ac6/systemworkbench/plugins/fr.ac6.mcu.externaltools.arm-none.win32_1.15.0.201708311556/tools/compiler/bin/../lib/gcc/arm-none-eabi/6.3.1/../../../../arm-none-eabi/lib/thumb/v7-m\libc_nano.a(lib_a-memchr-stub.o)
                              c:/ac6/systemworkbench/plugins/fr.ac6.mcu.externaltools.arm-none.win32_1.15.0.201708311556/tools/compiler/bin/../lib/gcc/arm-none-eabi/6.3.1/../../../../arm-none-eabi/lib/thumb/v7-m\libc_nano.a(lib_a-nano-svfprintf.o) (memchr)
c:/ac6/systemworkbench/plugins/fr.ac6.mcu.externaltools.arm-none.win32_1.15.0.201708311556/tools/compiler/bin/../lib/gcc/arm-none-eabi/6.3.1/../../../../arm-none-eabi/lib/thumb/v7-m\libc_nano.a(lib_a-memcpy-stub.o)
                              c:/ac6/systemworkbench/plugins/fr.ac6.mcu.externaltools.arm-none.win32_1.15.0.201708311556/tools/compiler/bin/../lib/gcc/arm-none-eabi/6.3.1/../../../../arm-none-eabi/lib/thumb/v7-m\libc_nano.a(lib_a-nano-svfprintf.o) (memcpy)
c:/ac6/systemworkbench/plugins/fr.ac6.mcu.externaltools.arm-none.win32_1.15.0.201708311556/tools/compiler/bin/../lib/gcc/arm-none-eabi/6.3.1/../../../../arm-none-eabi/lib/thumb/v7-m\libc_nano.a(lib_a-memmove.o)
                              c:/ac6/systemworkbench/plugins/fr.ac6.mcu.externaltools.arm-none.win32_1.15.0.201708311556/tools/compiler/bin/../lib/gcc/arm-none-eabi/6.3.1/../../../../arm-none-eabi/lib/thumb/v7-m\libc_nano.a(lib_a-nano-svfprintf.o) (memmove)
c:/ac6/systemworkbench/plugins/fr.ac6.mcu.externaltools.arm-none.win32_1.15.0.201708311556/tools/compiler/bin/../lib/gcc/arm-none-eabi/6.3.1/../../../../arm-none-eabi/lib/thumb/v7-m\libc_nano.a(lib_a-nano-freer.o)
[...]
Memory Configuration

Name             Origin             Length             Attributes
RAM              0x20000000         0x00005000         xrw
FLASH            0x08000000         0x00010000         xr
*default*        0x00000000         0xffffffff

Linker script and memory map

LOAD c:/ac6/systemworkbench/plugins/fr.ac6.mcu.externaltools.arm-none.win32_1.15.0.201708311556/tools/compiler/bin/../lib/gcc/arm-none-eabi/6.3.1/thumb/v7-m/crti.o
LOAD c:/ac6/systemworkbench/plugins/fr.ac6.mcu.externaltools.arm-none.win32_1.15.0.201708311556/tools/compiler/bin/../lib/gcc/arm-none-eabi/6.3.1/thumb/v7-m/crtbegin.o
LOAD c:/ac6/systemworkbench/plugins/fr.ac6.mcu.externaltools.arm-none.win32_1.15.0.201708311556/tools/compiler/bin/../lib/gcc/arm-none-eabi/6.3.1/../../../../arm-none-eabi/lib/thumb/v7-m/crt0.o
LOAD Drivers/STM32F1xx_HAL_Driver/Src/stm32f1xx_hal.o
LOAD Drivers/STM32F1xx_HAL_Driver/Src/stm32f1xx_hal_adc.o
LOAD Drivers/STM32F1xx_HAL_Driver/Src/stm32f1xx_hal_adc_ex.o
LOAD Drivers/STM32F1xx_HAL_Driver/Src/stm32f1xx_hal_can.o
LOAD Drivers/STM32F1xx_HAL_Driver/Src/stm32f1xx_hal_cortex.o
LOAD Drivers/STM32F1xx_HAL_Driver/Src/stm32f1xx_hal_dma.o
LOAD Drivers/STM32F1xx_HAL_Driver/Src/stm32f1xx_hal_exti.o
LOAD Drivers/STM32F1xx_HAL_Driver/Src/stm32f1xx_hal_flash.o
LOAD Drivers/STM32F1xx_HAL_Driver/Src/stm32f1xx_hal_flash_ex.o
LOAD Drivers/STM32F1xx_HAL_Driver/Src/stm32f1xx_hal_gpio.o
LOAD Drivers/STM32F1xx_HAL_Driver/Src/stm32f1xx_hal_gpio_ex.o
LOAD Drivers/STM32F1xx_HAL_Driver/Src/stm32f1xx_hal_i2c.o
LOAD Drivers/STM32F1xx_HAL_Driver/Src/stm32f1xx_hal_pwr.o
LOAD Drivers/STM32F1xx_HAL_Driver/Src/stm32f1xx_hal_rcc.o
LOAD Drivers/STM32F1xx_HAL_Driver/Src/stm32f1xx_hal_rcc_ex.o
LOAD Drivers/STM32F1xx_HAL_Driver/Src/stm32f1xx_hal_tim.o
LOAD Drivers/STM32F1xx_HAL_Driver/Src/stm32f1xx_hal_tim_ex.o
LOAD Drivers/STM32F1xx_HAL_Driver/Src/stm32f1xx_hal_uart.o
LOAD Src/DaqSlave.o
LOAD Src/main.o
LOAD Src/stm32f1xx_hal_msp.o
LOAD Src/stm32f1xx_it.o
LOAD Src/syscalls.o
LOAD Src/system_stm32f1xx.o
LOAD startup/startup_stm32f103xb.o
LOAD c:/ac6/systemworkbench/plugins/fr.ac6.mcu.externaltools.arm-none.win32_1.15.0.201708311556/tools/compiler/bin/../lib/gcc/arm-none-eabi/6.3.1/../../../../arm-none-eabi/lib/thumb/v7-m\libm.a
START GROUP
LOAD c:/ac6/systemworkbench/plugins/fr.ac6.mcu.externaltools.arm-none.win32_1.15.0.201708311556/tools/compiler/bin/../lib/gcc/arm-none-eabi/6.3.1/thumb/v7-m\libgcc.a
LOAD c:/ac6/systemworkbench/plugins/fr.ac6.mcu.externaltools.arm-none.win32_1.15.0.201708311556/tools/compiler/bin/../lib/gcc/arm-none-eabi/6.3.1/../../../../arm-none-eabi/lib/thumb/v7-m\libc_nano.a
END GROUP
START GROUP
LOAD c:/ac6/systemworkbench/plugins/fr.ac6.mcu.externaltools.arm-none.win32_1.15.0.201708311556/tools/compiler/bin/../lib/gcc/arm-none-eabi/6.3.1/thumb/v7-m\libgcc.a
LOAD c:/ac6/systemworkbench/plugins/fr.ac6.mcu.externaltools.arm-none.win32_1.15.0.201708311556/tools/compiler/bin/../lib/gcc/arm-none-eabi/6.3.1/../../../../arm-none-eabi/lib/thumb/v7-m\libc_nano.a
LOAD c:/ac6/systemworkbench/plugins/fr.ac6.mcu.externaltools.arm-none.win32_1.15.0.201708311556/tools/compiler/bin/../lib/gcc/arm-none-eabi/6.3.1/../../../../arm-none-eabi/lib/thumb/v7-m\libnosys.a
END GROUP
START GROUP
LOAD c:/ac6/systemworkbench/plugins/fr.ac6.mcu.externaltools.arm-none.win32_1.15.0.201708311556/tools/compiler/bin/../lib/gcc/arm-none-eabi/6.3.1/thumb/v7-m\libgcc.a
LOAD c:/ac6/systemworkbench/plugins/fr.ac6.mcu.externaltools.arm-none.win32_1.15.0.201708311556/tools/compiler/bin/../lib/gcc/arm-none-eabi/6.3.1/../../../../arm-none-eabi/lib/thumb/v7-m\libc_nano.a
LOAD c:/ac6/systemworkbench/plugins/fr.ac6.mcu.externaltools.arm-none.win32_1.15.0.201708311556/tools/compiler/bin/../lib/gcc/arm-none-eabi/6.3.1/../../../../arm-none-eabi/lib/thumb/v7-m\libnosys.a
END GROUP
LOAD c:/ac6/systemworkbench/plugins/fr.ac6.mcu.externaltools.arm-none.win32_1.15.0.201708311556/tools/compiler/bin/../lib/gcc/arm-none-eabi/6.3.1/thumb/v7-m/crtend.o
LOAD c:/ac6/systemworkbench/plugins/fr.ac6.mcu.externaltools.arm-none.win32_1.15.0.201708311556/tools/compiler/bin/../lib/gcc/arm-none-eabi/6.3.1/thumb/v7-m/crtn.o
                0x20005000                _estack = 0x20005000
                0x00000200                _Min_Heap_Size = 0x200
                0x00000400                _Min_Stack_Size = 0x400

.isr_vector     0x08000000      0x10c
                0x08000000                . = ALIGN (0x4)
 *(.isr_vector)
 .isr_vector    0x08000000      0x10c startup/startup_stm32f103xb.o
                0x08000000                g_pfnVectors
                0x0800010c                . = ALIGN (0x4)

.text           0x0800010c     0x452c
                0x0800010c                . = ALIGN (0x4)
 *(.text)
 .text          0x0800010c       0x6c c:/ac6/systemworkbench/plugins/fr.ac6.mcu.externaltools.arm-none.win32_1.15.0.201708311556/tools/compiler/bin/../lib/gcc/arm-none-eabi/6.3.1/thumb/v7-m/crtbegin.o
 *(.text*)
 .text.HAL_InitTick
                0x08000178       0x48 Drivers/STM32F1xx_HAL_Driver/Src/stm32f1xx_hal.o
                0x08000178                HAL_InitTick
 .text.HAL_Init
                0x080001c0       0x24 Drivers/STM32F1xx_HAL_Driver/Src/stm32f1xx_hal.o
                0x080001c0                HAL_Init
 .text.HAL_IncTick
                0x080001e4       0x18 Drivers/STM32F1xx_HAL_Driver/Src/stm32f1xx_hal.o
                0x080001e4                HAL_IncTick
 .text.HAL_GetTick
                0x080001fc        0xc Drivers/STM32F1xx_HAL_Driver/Src/stm32f1xx_hal.o
                0x080001fc                HAL_GetTick
 .text.HAL_Delay
                0x08000208       0x28 Drivers/STM32F1xx_HAL_Driver/Src/stm32f1xx_hal.o
                0x08000208                HAL_Delay
 .text.HAL_ADC_PollForConversion
                0x08000230      0x170 Drivers/STM32F1xx_HAL_Driver/Src/stm32f1xx_hal_adc.o
                0x08000230                HAL_ADC_PollForConversion
 .text.HAL_ADC_GetValue
                0x080003a0        0x6 Drivers/STM32F1xx_HAL_Driver/Src/stm32f1xx_hal_adc.o
                0x080003a0                HAL_ADC_GetValue
 *fill*         0x080003a6        0x2 
 .text.HAL_ADC_ConfigChannel
                0x080003a8      0x138 Drivers/STM32F1xx_HAL_Driver/Src/stm32f1xx_hal_adc.o
                0x080003a8                HAL_ADC_ConfigChannel
 .text.ADC_Enable
                0x080004e0       0x80 Drivers/STM32F1xx_HAL_Driver/Src/stm32f1xx_hal_adc.o
                0x080004e0                ADC_Enable
 .text.HAL_ADC_Start
                0x08000560       0xec Drivers/STM32F1xx_HAL_Driver/Src/stm32f1xx_hal_adc.o
                0x08000560                HAL_ADC_Start
 .text.ADC_ConversionStop_Disable
                0x0800064c       0x4c Drivers/STM32F1xx_HAL_Driver/Src/stm32f1xx_hal_adc.o
                0x0800064c                ADC_ConversionStop_Disable
 .text.HAL_ADC_Init
                0x08000698      0x110 Drivers/STM32F1xx_HAL_Driver/Src/stm32f1xx_hal_adc.o
                0x08000698                HAL_ADC_Init
 .text.HAL_CAN_Init
                0x080007a8      0x14c Drivers/STM32F1xx_HAL_Driver/Src/stm32f1xx_hal_can.o
                0x080007a8                HAL_CAN_Init
 .text.HAL_CAN_ConfigFilter
                0x080008f4       0xfc Drivers/STM32F1xx_HAL_Driver/Src/stm32f1xx_hal_can.o
                0x080008f4                HAL_CAN_ConfigFilter
 .text.HAL_CAN_Start
                0x080009f0       0x5c Drivers/STM32F1xx_HAL_Driver/Src/stm32f1xx_hal_can.o
                0x080009f0                HAL_CAN_Start
 .text.HAL_CAN_AddTxMessage
                0x08000a4c       0xea Drivers/STM32F1xx_HAL_Driver/Src/stm32f1xx_hal_can.o
                0x08000a4c                HAL_CAN_AddTxMessage
 .text.HAL_CAN_GetRxMessage
                0x08000b36      0x134 Drivers/STM32F1xx_HAL_Driver/Src/stm32f1xx_hal_can.o
                0x08000b36                HAL_CAN_GetRxMessage
 .text.HAL_CAN_ActivateNotification
                0x08000c6a       0x24 Drivers/STM32F1xx_HAL_Driver/Src/stm32f1xx_hal_can.o
                0x08000c6a                HAL_CAN_ActivateNotification
 .text.HAL_CAN_TxMailbox1CompleteCallback
                0x08000c8e        0x2 Drivers/STM32F1xx_HAL_Driver/Src/stm32f1xx_hal_can.o
                0x08000c8e                HAL_CAN_TxMailbox1CompleteCallback
 .text.HAL_CAN_TxMailbox2CompleteCallback
                0x08000c90        0x2 Drivers/STM32F1xx_HAL_Driver/Src/stm32f1xx_hal_can.o
                0x08000c90                HAL_CAN_TxMailbox2CompleteCallback
 .text.HAL_CAN_TxMailbox0AbortCallback
                0x08000c92        0x2 Drivers/STM32F1xx_HAL_Driver/Src/stm32f1xx_hal_can.o
                0x08000c92                HAL_CAN_TxMailbox0AbortCallback
 .text.HAL_CAN_TxMailbox1AbortCallback
                0x08000c94        0x2 Drivers/STM32F1xx_HAL_Driver/Src/stm32f1xx_hal_can.o
                0x08000c94                HAL_CAN_TxMailbox1AbortCallback
 .text.HAL_CAN_TxMailbox2AbortCallback
                0x08000c96        0x2 Drivers/STM32F1xx_HAL_Driver/Src/stm32f1xx_hal_can.o
                0x08000c96                HAL_CAN_TxMailbox2AbortCallback
 .text.HAL_CAN_RxFifo0FullCallback
                0x08000c98        0x2 Drivers/STM32F1xx_HAL_Driver/Src/stm32f1xx_hal_can.o
                0x08000c98                HAL_CAN_RxFifo0FullCallback
 .text.HAL_CAN_RxFifo1MsgPendingCallback
                0x08000c9a        0x2 Drivers/STM32F1xx_HAL_Driver/Src/stm32f1xx_hal_can.o
                0x08000c9a                HAL_CAN_RxFifo1MsgPendingCallback
 .text.HAL_CAN_RxFifo1FullCallback
                0x08000c9c        0x2 Drivers/STM32F1xx_HAL_Driver/Src/stm32f1xx_hal_can.o
                0x08000c9c                HAL_CAN_RxFifo1FullCallback
 .text.HAL_CAN_SleepCallback
                0x08000c9e        0x2 Drivers/STM32F1xx_HAL_Driver/Src/stm32f1xx_hal_can.o
                0x08000c9e                HAL_CAN_SleepCallback
 .text.HAL_CAN_WakeUpFromRxMsgCallback
                0x08000ca0        0x2 Drivers/STM32F1xx_HAL_Driver/Src/stm32f1xx_hal_can.o
                0x08000ca0                HAL_CAN_WakeUpFromRxMsgCallback
 .text.HAL_CAN_ErrorCallback
                0x08000ca2        0x2 Drivers/STM32F1xx_HAL_Driver/Src/stm32f1xx_hal_can.o
                0x08000ca2                HAL_CAN_ErrorCallback
 .text.HAL_CAN_IRQHandler
                0x08000ca4      0x258 Drivers/STM32F1xx_HAL_Driver/Src/stm32f1xx_hal_can.o
                0x08000ca4                HAL_CAN_IRQHandler
 .text.HAL_NVIC_SetPriorityGrouping
                0x08000efc       0x24 Drivers/STM32F1xx_HAL_Driver/Src/stm32f1xx_hal_cortex.o
                0x08000efc                HAL_NVIC_SetPriorityGrouping
 .text.HAL_NVIC_SetPriority
                0x08000f20       0x64 Drivers/STM32F1xx_HAL_Driver/Src/stm32f1xx_hal_cortex.o
                0x08000f20                HAL_NVIC_SetPriority
 .text.HAL_NVIC_EnableIRQ
                0x08000f84       0x1c Drivers/STM32F1xx_HAL_Driver/Src/stm32f1xx_hal_cortex.o
                0x08000f84                HAL_NVIC_EnableIRQ
 .text.HAL_SYSTICK_Config
                0x08000fa0       0x2c Drivers/STM32F1xx_HAL_Driver/Src/stm32f1xx_hal_cortex.o
                0x08000fa0                HAL_SYSTICK_Config
 .text.HAL_GPIO_Init
                0x08000fcc      0x1f0 Drivers/STM32F1xx_HAL_Driver/Src/stm32f1xx_hal_gpio.o
                0x08000fcc                HAL_GPIO_Init
 .text.HAL_GPIO_WritePin
                0x080011bc        0xc Drivers/STM32F1xx_HAL_Driver/Src/stm32f1xx_hal_gpio.o
                0x080011bc                HAL_GPIO_WritePin
 .text.HAL_GPIO_TogglePin
                0x080011c8        0xe Drivers/STM32F1xx_HAL_Driver/Src/stm32f1xx_hal_gpio.o
                0x080011c8                HAL_GPIO_TogglePin
 .text.I2C_IsAcknowledgeFailed
                0x080011d6       0x32 Drivers/STM32F1xx_HAL_Driver/Src/stm32f1xx_hal_i2c.o
 .text.I2C_WaitOnFlagUntilTimeout
                0x08001208       0x70 Drivers/STM32F1xx_HAL_Driver/Src/stm32f1xx_hal_i2c.o
 .text.I2C_WaitOnMasterAddressFlagUntilTimeout
                0x08001278       0xa4 Drivers/STM32F1xx_HAL_Driver/Src/stm32f1xx_hal_i2c.o
 .text.I2C_MasterRequestWrite
                0x0800131c       0xa8 Drivers/STM32F1xx_HAL_Driver/Src/stm32f1xx_hal_i2c.o
 .text.I2C_WaitOnTXEFlagUntilTimeout
                0x080013c4       0x54 Drivers/STM32F1xx_HAL_Driver/Src/stm32f1xx_hal_i2c.o
 .text.I2C_RequestMemoryRead2
                0x08001418      0x250 Drivers/STM32F1xx_HAL_Driver/Src/stm32f1xx_hal_i2c.o
 .text.I2C_RequestMemoryRead
                0x08001668      0x134 Drivers/STM32F1xx_HAL_Driver/Src/stm32f1xx_hal_i2c.o
 .text.I2C_WaitOnBTFFlagUntilTimeout
                0x0800179c       0x54 Drivers/STM32F1xx_HAL_Driver/Src/stm32f1xx_hal_i2c.o
 .text.I2C_WaitOnRXNEFlagUntilTimeout
                0x080017f0       0x6a Drivers/STM32F1xx_HAL_Driver/Src/stm32f1xx_hal_i2c.o
 *fill*         0x0800185a        0x2 
 .text.HAL_I2C_Init
                0x0800185c      0x1a0 Drivers/STM32F1xx_HAL_Driver/Src/stm32f1xx_hal_i2c.o
                0x0800185c                HAL_I2C_Init
 .text.HAL_I2C_Master_Transmit
                0x080019fc      0x174 Drivers/STM32F1xx_HAL_Driver/Src/stm32f1xx_hal_i2c.o
                0x080019fc                HAL_I2C_Master_Transmit
 .text.HAL_I2C_Mem_Read2
                0x08001b70      0x310 Drivers/STM32F1xx_HAL_Driver/Src/stm32f1xx_hal_i2c.o
                0x08001b70                HAL_I2C_Mem_Read2
 .text.HAL_I2C_Mem_Read
                0x08001e80      0x2fc Drivers/STM32F1xx_HAL_Driver/Src/stm32f1xx_hal_i2c.o
                0x08001e80                HAL_I2C_Mem_Read
 .text.RCC_Delay
                0x0800217c       0x2c Drivers/STM32F1xx_HAL_Driver/Src/stm32f1xx_hal_rcc.o
 .text.HAL_RCC_OscConfig
                0x080021a8      0x410 Drivers/STM32F1xx_HAL_Driver/Src/stm32f1xx_hal_rcc.o
                0x080021a8                HAL_RCC_OscConfig
 .text.HAL_RCC_GetSysClockFreq
                0x080025b8       0x6c Drivers/STM32F1xx_HAL_Driver/Src/stm32f1xx_hal_rcc.o
                0x080025b8                HAL_RCC_GetSysClockFreq
 .text.HAL_RCC_ClockConfig
                0x08002624      0x168 Drivers/STM32F1xx_HAL_Driver/Src/stm32f1xx_hal_rcc.o
                0x08002624                HAL_RCC_ClockConfig
 .text.HAL_RCC_GetHCLKFreq
                0x0800278c        0xc Drivers/STM32F1xx_HAL_Driver/Src/stm32f1xx_hal_rcc.o
                0x0800278c                HAL_RCC_GetHCLKFreq
 .text.HAL_RCC_GetPCLK1Freq
                0x08002798       0x20 Drivers/STM32F1xx_HAL_Driver/Src/stm32f1xx_hal_rcc.o
                0x08002798                HAL_RCC_GetPCLK1Freq
 .text.HAL_RCC_GetPCLK2Freq
                0x080027b8       0x20 Drivers/STM32F1xx_HAL_Driver/Src/stm32f1xx_hal_rcc.o
                0x080027b8                HAL_RCC_GetPCLK2Freq
 .text.HAL_RCCEx_PeriphCLKConfig
                0x080027d8      0x114 Drivers/STM32F1xx_HAL_Driver/Src/stm32f1xx_hal_rcc_ex.o
                0x080027d8                HAL_RCCEx_PeriphCLKConfig
 .text.HAL_RCCEx_GetPeriphCLKFreq
                0x080028ec       0xfc Drivers/STM32F1xx_HAL_Driver/Src/stm32f1xx_hal_rcc_ex.o
                0x080028ec                HAL_RCCEx_GetPeriphCLKFreq
 .text.TIM_TI1_ConfigInputStage
                0x080029e8       0x24 Drivers/STM32F1xx_HAL_Driver/Src/stm32f1xx_hal_tim.o
 .text.TIM_TI2_ConfigInputStage
                0x08002a0c       0x26 Drivers/STM32F1xx_HAL_Driver/Src/stm32f1xx_hal_tim.o
 .text.TIM_ITRx_SetConfig
                0x08002a32       0x10 Drivers/STM32F1xx_HAL_Driver/Src/stm32f1xx_hal_tim.o
 .text.HAL_TIM_Base_Start_IT
                0x08002a42       0x22 Drivers/STM32F1xx_HAL_Driver/Src/stm32f1xx_hal_tim.o
                0x08002a42                HAL_TIM_Base_Start_IT
 .text.HAL_TIM_OC_DelayElapsedCallback
                0x08002a64        0x2 Drivers/STM32F1xx_HAL_Driver/Src/stm32f1xx_hal_tim.o
                0x08002a64                HAL_TIM_OC_DelayElapsedCallback
 .text.HAL_TIM_IC_CaptureCallback
                0x08002a66        0x2 Drivers/STM32F1xx_HAL_Driver/Src/stm32f1xx_hal_tim.o
                0x08002a66                HAL_TIM_IC_CaptureCallback
 .text.HAL_TIM_PWM_PulseFinishedCallback
                0x08002a68        0x2 Drivers/STM32F1xx_HAL_Driver/Src/stm32f1xx_hal_tim.o
                0x08002a68                HAL_TIM_PWM_PulseFinishedCallback
 .text.HAL_TIM_TriggerCallback
                0x08002a6a        0x2 Drivers/STM32F1xx_HAL_Driver/Src/stm32f1xx_hal_tim.o
                0x08002a6a                HAL_TIM_TriggerCallback
 .text.HAL_TIM_IRQHandler
                0x08002a6c      0x17a Drivers/STM32F1xx_HAL_Driver/Src/stm32f1xx_hal_tim.o
                0x08002a6c                HAL_TIM_IRQHandler
 *fill*         0x08002be6        0x2 
 .text.TIM_Base_SetConfig
                0x08002be8       0x78 Drivers/STM32F1xx_HAL_Driver/Src/stm32f1xx_hal_tim.o
                0x08002be8                TIM_Base_SetConfig
 .text.HAL_TIM_Base_Init
                0x08002c60       0x32 Drivers/STM32F1xx_HAL_Driver/Src/stm32f1xx_hal_tim.o
                0x08002c60                HAL_TIM_Base_Init
 .text.TIM_ETR_SetConfig
                0x08002c92       0x16 Drivers/STM32F1xx_HAL_Driver/Src/stm32f1xx_hal_tim.o
                0x08002c92                TIM_ETR_SetConfig
 .text.HAL_TIM_ConfigClockSource
                0x08002ca8       0xda Drivers/STM32F1xx_HAL_Driver/Src/stm32f1xx_hal_tim.o
                0x08002ca8                HAL_TIM_ConfigClockSource
 .text.HAL_TIMEx_MasterConfigSynchronization
                0x08002d82       0x46 Drivers/STM32F1xx_HAL_Driver/Src/stm32f1xx_hal_tim_ex.o
                0x08002d82                HAL_TIMEx_MasterConfigSynchronization
 .text.HAL_TIMEx_CommutCallback
                0x08002dc8        0x2 Drivers/STM32F1xx_HAL_Driver/Src/stm32f1xx_hal_tim_ex.o
                0x08002dc8                HAL_TIMEx_CommutCallback
 .text.HAL_TIMEx_BreakCallback
                0x08002dca        0x2 Drivers/STM32F1xx_HAL_Driver/Src/stm32f1xx_hal_tim_ex.o
                0x08002dca                HAL_TIMEx_BreakCallback
 .text.UART_SetConfig
                0x08002dcc       0xcc Drivers/STM32F1xx_HAL_Driver/Src/stm32f1xx_hal_uart.o
 .text.UART_WaitOnFlagUntilTimeout
                0x08002e98       0x64 Drivers/STM32F1xx_HAL_Driver/Src/stm32f1xx_hal_uart.o
 .text.HAL_UART_Init
                0x08002efc       0x5e Drivers/STM32F1xx_HAL_Driver/Src/stm32f1xx_hal_uart.o
                0x08002efc                HAL_UART_Init
 .text.HAL_UART_Transmit
                0x08002f5a       0xe2 Drivers/STM32F1xx_HAL_Driver/Src/stm32f1xx_hal_uart.o
                0x08002f5a                HAL_UART_Transmit
 .text.CAN_Transmit
                0x0800303c       0x34 Src/DaqSlave.o
                0x0800303c                CAN_Transmit
 .text.transmit_dados
                0x08003070      0x144 Src/DaqSlave.o
                0x08003070                transmit_dados
 .text.readConfig
                0x080031b4       0x44 Src/DaqSlave.o
                0x080031b4                readConfig
 .text.checkConfig
                0x080031f8       0x14 Src/DaqSlave.o
                0x080031f8                checkConfig
 .text.lerEEPROM
                0x0800320c       0x50 Src/DaqSlave.o
                0x0800320c                lerEEPROM
 .text.writeTrimmingValue
                0x0800325c       0x4c Src/DaqSlave.o
                0x0800325c                writeTrimmingValue
 .text.setConfiguration
                0x080032a8       0x54 Src/DaqSlave.o
                0x080032a8                setConfiguration
 .text.readIR   0x080032fc       0xc8 Src/DaqSlave.o
                0x080032fc                readIR
 .text.MLX_config
                0x080033c4       0x10 Src/DaqSlave.o
                0x080033c4                MLX_config
 .text.MLX_loopread
                0x080033d4       0x38 Src/DaqSlave.o
                0x080033d4                MLX_loopread
 .text.ADC_read
                0x0800340c       0x30 Src/DaqSlave.o
                0x0800340c                ADC_read
 .text.MX_GPIO_Init
                0x0800343c       0xc8 Src/main.o
 .text.MX_CAN_Init
                0x08003504       0x80 Src/main.o
 .text.MX_ADC1_Init
                0x08003584       0x48 Src/main.o
 .text.MX_ADC2_Init
                0x080035cc       0x48 Src/main.o
 .text.MX_I2C2_Init
                0x08003614       0x34 Src/main.o
 .text.MX_TIM2_Init
                0x08003648       0x54 Src/main.o
 .text.MX_TIM3_Init
                0x0800369c       0x58 Src/main.o
 .text.MX_USART1_UART_Init
                0x080036f4       0x2c Src/main.o
 .text.UART_print
                0x08003720       0x34 Src/main.o
                0x08003720                UART_print
 .text.SystemClock_Config
                0x08003754       0x6c Src/main.o
                0x08003754                SystemClock_Config
 .text.main     0x080037c0       0x7c Src/main.o
                0x080037c0                main
 .text.HAL_CAN_TxMailbox0CompleteCallback
                0x0800383c        0x2 Src/main.o
                0x0800383c                HAL_CAN_TxMailbox0CompleteCallback
 *fill*         0x0800383e        0x2 
 .text.HAL_CAN_RxFifo0MsgPendingCallback
                0x08003840       0x24 Src/main.o
                0x08003840                HAL_CAN_RxFifo0MsgPendingCallback
 .text.TIM3_IRQHandler
                0x08003864      0x110 Src/main.o
                0x08003864                TIM3_IRQHandler
 .text.HAL_TIM_PeriodElapsedCallback
                0x08003974        0x2 Src/main.o
                0x08003974                HAL_TIM_PeriodElapsedCallback
 *fill*         0x08003976        0x2 
 .text.HAL_MspInit
                0x08003978       0x44 Src/stm32f1xx_hal_msp.o
                0x08003978                HAL_MspInit
 .text.HAL_ADC_MspInit
                0x080039bc       0xa8 Src/stm32f1xx_hal_msp.o
                0x080039bc                HAL_ADC_MspInit
 .text.HAL_CAN_MspInit
                0x08003a64       0xac Src/stm32f1xx_hal_msp.o
                0x08003a64                HAL_CAN_MspInit
 .text.HAL_I2C_MspInit
                0x08003b10       0x64 Src/stm32f1xx_hal_msp.o
                0x08003b10                HAL_I2C_MspInit
 .text.HAL_TIM_Base_MspInit
                0x08003b74       0x60 Src/stm32f1xx_hal_msp.o
                0x08003b74                HAL_TIM_Base_MspInit
 .text.HAL_UART_MspInit
                0x08003bd4       0x78 Src/stm32f1xx_hal_msp.o
                0x08003bd4                HAL_UART_MspInit
 .text.NMI_Handler
                0x08003c4c        0x2 Src/stm32f1xx_it.o
                0x08003c4c                NMI_Handler
 .text.HardFault_Handler
                0x08003c4e        0x2 Src/stm32f1xx_it.o
                0x08003c4e                HardFault_Handler
 .text.MemManage_Handler
                0x08003c50        0x2 Src/stm32f1xx_it.o
                0x08003c50                MemManage_Handler
 .text.BusFault_Handler
                0x08003c52        0x2 Src/stm32f1xx_it.o
                0x08003c52                BusFault_Handler
 .text.UsageFault_Handler
                0x08003c54        0x2 Src/stm32f1xx_it.o
                0x08003c54                UsageFault_Handler
 .text.SVC_Handler
                0x08003c56        0x2 Src/stm32f1xx_it.o
                0x08003c56                SVC_Handler
 .text.DebugMon_Handler
                0x08003c58        0x2 Src/stm32f1xx_it.o
                0x08003c58                DebugMon_Handler
 .text.PendSV_Handler
                0x08003c5a        0x2 Src/stm32f1xx_it.o
                0x08003c5a                PendSV_Handler
 .text.SysTick_Handler
                0x08003c5c        0x8 Src/stm32f1xx_it.o
                0x08003c5c                SysTick_Handler
 .text.USB_HP_CAN1_TX_IRQHandler
                0x08003c64       0x10 Src/stm32f1xx_it.o
                0x08003c64                USB_HP_CAN1_TX_IRQHandler
 .text.USB_LP_CAN1_RX0_IRQHandler
                0x08003c74       0x10 Src/stm32f1xx_it.o
                0x08003c74                USB_LP_CAN1_RX0_IRQHandler
 .text.TIM2_IRQHandler
                0x08003c84       0x10 Src/stm32f1xx_it.o
                0x08003c84                TIM2_IRQHandler
 .text._sbrk    0x08003c94       0x3c Src/syscalls.o
                0x08003c94                _sbrk
 .text.SystemInit
                0x08003cd0       0x4c Src/system_stm32f1xx.o
                0x08003cd0                SystemInit
 .text.Reset_Handler
                0x08003d1c       0x48 startup/startup_stm32f103xb.o
                0x08003d1c                Reset_Handler
 .text.Default_Handler
                0x08003d64        0x2 startup/startup_stm32f103xb.o
                0x08003d64                RTC_Alarm_IRQHandler
                0x08003d64                EXTI2_IRQHandler
                0x08003d64                TIM1_CC_IRQHandler
                0x08003d64                PVD_IRQHandler
                0x08003d64                EXTI3_IRQHandler
                0x08003d64                EXTI0_IRQHandler
                0x08003d64                I2C2_EV_IRQHandler
                0x08003d64                ADC1_2_IRQHandler
                0x08003d64                SPI1_IRQHandler
                0x08003d64                TAMPER_IRQHandler
                0x08003d64                DMA1_Channel4_IRQHandler
                0x08003d64                USART3_IRQHandler
                0x08003d64                RTC_IRQHandler
                0x08003d64                DMA1_Channel7_IRQHandler
                0x08003d64                CAN1_RX1_IRQHandler
                0x08003d64                TIM4_IRQHandler
                0x08003d64                I2C1_EV_IRQHandler
                0x08003d64                DMA1_Channel6_IRQHandler
                0x08003d64                RCC_IRQHandler
                0x08003d64                TIM1_TRG_COM_IRQHandler
                0x08003d64                DMA1_Channel1_IRQHandler
                0x08003d64                Default_Handler
                0x08003d64                EXTI15_10_IRQHandler
                0x08003d64                EXTI9_5_IRQHandler
                0x08003d64                SPI2_IRQHandler
                0x08003d64                DMA1_Channel5_IRQHandler
                0x08003d64                EXTI4_IRQHandler
                0x08003d64                DMA1_Channel3_IRQHandler
                0x08003d64                TIM1_UP_IRQHandler
                0x08003d64                WWDG_IRQHandler
                0x08003d64                TIM1_BRK_IRQHandler
                0x08003d64                EXTI1_IRQHandler
                0x08003d64                USART2_IRQHandler
                0x08003d64                I2C2_ER_IRQHandler
                0x08003d64                DMA1_Channel2_IRQHandler
                0x08003d64                CAN1_SCE_IRQHandler
                0x08003d64                FLASH_IRQHandler
                0x08003d64                USART1_IRQHandler
                0x08003d64                I2C1_ER_IRQHandler
                0x08003d64                USBWakeUp_IRQHandler
 *fill*         0x08003d66        0x2 
 .text.__errno  0x08003d68        0xc c:/ac6/systemworkbench/plugins/fr.ac6.mcu.externaltools.arm-none.win32_1.15.0.201708311556/tools/compiler/bin/../lib/gcc/arm-none-eabi/6.3.1/../../../../arm-none-eabi/lib/thumb/v7-m\libc_nano.a(lib_a-errno.o)
                0x08003d68                __errno
 .text.__libc_init_array
                0x08003d74       0x48 c:/ac6/systemworkbench/plugins/fr.ac6.mcu.externaltools.arm-none.win32_1.15.0.201708311556/tools/compiler/bin/../lib/gcc/arm-none-eabi/6.3.1/../../../../arm-none-eabi/lib/thumb/v7-m\libc_nano.a(lib_a-init.o)
                0x08003d74                __libc_init_array
 .text.memset   0x08003dbc       0x10 c:/ac6/systemworkbench/plugins/fr.ac6.mcu.externaltools.arm-none.win32_1.15.0.201708311556/tools/compiler/bin/../lib/gcc/arm-none-eabi/6.3.1/../../../../arm-none-eabi/lib/thumb/v7-m\libc_nano.a(lib_a-memset.o)
                0x08003dbc                memset
 .text._vsprintf_r
                0x08003dcc       0x30 c:/ac6/systemworkbench/plugins/fr.ac6.mcu.externaltools.arm-none.win32_1.15.0.201708311556/tools/compiler/bin/../lib/gcc/arm-none-eabi/6.3.1/../../../../arm-none-eabi/lib/thumb/v7-m\libc_nano.a(lib_a-vsprintf.o)
                0x08003dcc                _vsprintf_r
                0x08003dcc                _vsiprintf_r
 .text.vsprintf
                0x08003dfc       0x14 c:/ac6/systemworkbench/plugins/fr.ac6.mcu.externaltools.arm-none.win32_1.15.0.201708311556/tools/compiler/bin/../lib/gcc/arm-none-eabi/6.3.1/../../../../arm-none-eabi/lib/thumb/v7-m\libc_nano.a(lib_a-vsprintf.o)
                0x08003dfc                vsiprintf
                0x08003dfc                vsprintf
 .text.__ssputs_r
                0x08003e10       0xb6 c:/ac6/systemworkbench/plugins/fr.ac6.mcu.externaltools.arm-none.win32_1.15.0.201708311556/tools/compiler/bin/../lib/gcc/arm-none-eabi/6.3.1/../../../../arm-none-eabi/lib/thumb/v7-m\libc_nano.a(lib_a-nano-svfprintf.o)
                0x08003e10                __ssputs_r
 *fill*         0x08003ec6        0x2 
 .text._svfprintf_r
                0x08003ec8      0x1e8 c:/ac6/systemworkbench/plugins/fr.ac6.mcu.externaltools.arm-none.win32_1.15.0.201708311556/tools/compiler/bin/../lib/gcc/arm-none-eabi/6.3.1/../../../../arm-none-eabi/lib/thumb/v7-m\libc_nano.a(lib_a-nano-svfprintf.o)
                0x08003ec8                _svfiprintf_r
                0x08003ec8                _svfprintf_r
 .text._printf_common
                0x080040b0       0xee c:/ac6/systemworkbench/plugins/fr.ac6.mcu.externaltools.arm-none.win32_1.15.0.201708311556/tools/compiler/bin/../lib/gcc/arm-none-eabi/6.3.1/../../../../arm-none-eabi/lib/thumb/v7-m\libc_nano.a(lib_a-nano-vfprintf_i.o)
                0x080040b0                _printf_common
 *fill*         0x0800419e        0x2 
 .text._printf_i
                0x080041a0      0x240 c:/ac6/systemworkbench/plugins/fr.ac6.mcu.externaltools.arm-none.win32_1.15.0.201708311556/tools/compiler/bin/../lib/gcc/arm-none-eabi/6.3.1/../../../../arm-none-eabi/lib/thumb/v7-m\libc_nano.a(lib_a-nano-vfprintf_i.o)
                0x080041a0                _printf_i
 .text.memchr   0x080043e0       0x1c c:/ac6/systemworkbench/plugins/fr.ac6.mcu.externaltools.arm-none.win32_1.15.0.201708311556/tools/compiler/bin/../lib/gcc/arm-none-eabi/6.3.1/../../../../arm-none-eabi/lib/thumb/v7-m\libc_nano.a(lib_a-memchr-stub.o)
                0x080043e0                memchr
 .text.memcpy   0x080043fc       0x16 c:/ac6/systemworkbench/plugins/fr.ac6.mcu.externaltools.arm-none.win32_1.15.0.201708311556/tools/compiler/bin/../lib/gcc/arm-none-eabi/6.3.1/../../../../arm-none-eabi/lib/thumb/v7-m\libc_nano.a(lib_a-memcpy-stub.o)
                0x080043fc                memcpy
 .text.memmove  0x08004412       0x34 c:/ac6/systemworkbench/plugins/fr.ac6.mcu.externaltools.arm-none.win32_1.15.0.201708311556/tools/compiler/bin/../lib/gcc/arm-none-eabi/6.3.1/../../../../arm-none-eabi/lib/thumb/v7-m\libc_nano.a(lib_a-memmove.o)
                0x08004412                memmove
 *fill*         0x08004446        0x2 
 .text._free_r  0x08004448       0x98 c:/ac6/systemworkbench/plugins/fr.ac6.mcu.externaltools.arm-none.win32_1.15.0.201708311556/tools/compiler/bin/../lib/gcc/arm-none-eabi/6.3.1/../../../../arm-none-eabi/lib/thumb/v7-m\libc_nano.a(lib_a-nano-freer.o)
                0x08004448                _free_r
 .text._malloc_r
                0x080044e0       0xbc c:/ac6/systemworkbench/plugins/fr.ac6.mcu.externaltools.arm-none.win32_1.15.0.201708311556/tools/compiler/bin/../lib/gcc/arm-none-eabi/6.3.1/../../../../arm-none-eabi/lib/thumb/v7-m\libc_nano.a(lib_a-nano-mallocr.o)
                0x080044e0                _malloc_r
 .text._realloc_r
                0x0800459c       0x4c c:/ac6/systemworkbench/plugins/fr.ac6.mcu.externaltools.arm-none.win32_1.15.0.201708311556/tools/compiler/bin/../lib/gcc/arm-none-eabi/6.3.1/../../../../arm-none-eabi/lib/thumb/v7-m\libc_nano.a(lib_a-nano-reallocr.o)
                0x0800459c                _realloc_r
 .text._sbrk_r  0x080045e8       0x20 c:/ac6/systemworkbench/plugins/fr.ac6.mcu.externaltools.arm-none.win32_1.15.0.201708311556/tools/compiler/bin/../lib/gcc/arm-none-eabi/6.3.1/../../../../arm-none-eabi/lib/thumb/v7-m\libc_nano.a(lib_a-sbrkr.o)
                0x080045e8                _sbrk_r
 .text.__malloc_lock
                0x08004608        0x2 c:/ac6/systemworkbench/plugins/fr.ac6.mcu.externaltools.arm-none.win32_1.15.0.201708311556/tools/compiler/bin/../lib/gcc/arm-none-eabi/6.3.1/../../../../arm-none-eabi/lib/thumb/v7-m\libc_nano.a(lib_a-mlock.o)
                0x08004608                __malloc_lock
 .text.__malloc_unlock
                0x0800460a        0x2 c:/ac6/systemworkbench/plugins/fr.ac6.mcu.externaltools.arm-none.win32_1.15.0.201708311556/tools/compiler/bin/../lib/gcc/arm-none-eabi/6.3.1/../../../../arm-none-eabi/lib/thumb/v7-m\libc_nano.a(lib_a-mlock.o)
                0x0800460a                __malloc_unlock
 .text._malloc_usable_size_r
                0x0800460c       0x12 c:/ac6/systemworkbench/plugins/fr.ac6.mcu.externaltools.arm-none.win32_1.15.0.201708311556/tools/compiler/bin/../lib/gcc/arm-none-eabi/6.3.1/../../../../arm-none-eabi/lib/thumb/v7-m\libc_nano.a(lib_a-nano-msizer.o)
                0x0800460c                _malloc_usable_size_r
 *(.glue_7)
 .glue_7        0x0800461e        0x0 linker stubs
 *(.glue_7t)
 .glue_7t       0x0800461e        0x0 linker stubs
 *(.eh_frame)
 *fill*         0x0800461e        0x2 
 .eh_frame      0x08004620        0x0 c:/ac6/systemworkbench/plugins/fr.ac6.mcu.externaltools.arm-none.win32_1.15.0.201708311556/tools/compiler/bin/../lib/gcc/arm-none-eabi/6.3.1/thumb/v7-m/crtbegin.o
 *(.init)
 .init          0x08004620        0x4 c:/ac6/systemworkbench/plugins/fr.ac6.mcu.externaltools.arm-none.win32_1.15.0.201708311556/tools/compiler/bin/../lib/gcc/arm-none-eabi/6.3.1/thumb/v7-m/crti.o
                0x08004620                _init
 .init          0x08004624        0x8 c:/ac6/systemworkbench/plugins/fr.ac6.mcu.externaltools.arm-none.win32_1.15.0.201708311556/tools/compiler/bin/../lib/gcc/arm-none-eabi/6.3.1/thumb/v7-m/crtn.o
 *(.fini)
 .fini          0x0800462c        0x4 c:/ac6/systemworkbench/plugins/fr.ac6.mcu.externaltools.arm-none.win32_1.15.0.201708311556/tools/compiler/bin/../lib/gcc/arm-none-eabi/6.3.1/thumb/v7-m/crti.o
                0x0800462c                _fini
 .fini          0x08004630        0x8 c:/ac6/systemworkbench/plugins/fr.ac6.mcu.externaltools.arm-none.win32_1.15.0.201708311556/tools/compiler/bin/../lib/gcc/arm-none-eabi/6.3.1/thumb/v7-m/crtn.o
                0x08004638                . = ALIGN (0x4)
                0x08004638                _etext = .

.vfp11_veneer   0x08004638        0x0
 .vfp11_veneer  0x08004638        0x0 linker stubs

.v4_bx          0x08004638        0x0
 .v4_bx         0x08004638        0x0 linker stubs

.iplt           0x08004638        0x0
 .iplt          0x08004638        0x0 c:/ac6/systemworkbench/plugins/fr.ac6.mcu.externaltools.arm-none.win32_1.15.0.201708311556/tools/compiler/bin/../lib/gcc/arm-none-eabi/6.3.1/thumb/v7-m/crtbegin.o

.rodata         0x08004638       0x8c
                0x08004638                . = ALIGN (0x4)
 *(.rodata)
 .rodata        0x08004638       0x12 Drivers/STM32F1xx_HAL_Driver/Src/stm32f1xx_hal_rcc.o
 *fill*         0x0800464a        0x2 
 .rodata        0x0800464c       0x12 Drivers/STM32F1xx_HAL_Driver/Src/stm32f1xx_hal_rcc_ex.o
 *fill*         0x0800465e        0x2 
 .rodata        0x08004660       0x18 Src/system_stm32f1xx.o
                0x08004660                AHBPrescTable
                0x08004670                APBPrescTable
 *(.rodata*)
 .rodata.str1.4
                0x08004678       0x18 Src/DaqSlave.o
                                 0x15 (size before relaxing)
 .rodata._svfprintf_r.str1.1
                0x08004690       0x11 c:/ac6/systemworkbench/plugins/fr.ac6.mcu.externaltools.arm-none.win32_1.15.0.201708311556/tools/compiler/bin/../lib/gcc/arm-none-eabi/6.3.1/../../../../arm-none-eabi/lib/thumb/v7-m\libc_nano.a(lib_a-nano-svfprintf.o)
 .rodata._printf_i.str1.1
                0x080046a1       0x22 c:/ac6/systemworkbench/plugins/fr.ac6.mcu.externaltools.arm-none.win32_1.15.0.201708311556/tools/compiler/bin/../lib/gcc/arm-none-eabi/6.3.1/../../../../arm-none-eabi/lib/thumb/v7-m\libc_nano.a(lib_a-nano-vfprintf_i.o)
                0x080046c4                . = ALIGN (0x4)
 *fill*         0x080046c3        0x1 

.rel.dyn        0x080046c4        0x0
 .rel.iplt      0x080046c4        0x0 c:/ac6/systemworkbench/plugins/fr.ac6.mcu.externaltools.arm-none.win32_1.15.0.201708311556/tools/compiler/bin/../lib/gcc/arm-none-eabi/6.3.1/thumb/v7-m/crtbegin.o

.ARM.extab
 *(.ARM.extab* .gnu.linkonce.armextab.*)

.ARM            0x080046c4        0x0
                0x080046c4                __exidx_start = .
 *(.ARM.exidx*)
                0x080046c4                __exidx_end = .

.preinit_array  0x080046c4        0x0
                0x080046c4                PROVIDE (__preinit_array_start, .)
 *(.preinit_array*)
                0x080046c4                PROVIDE (__preinit_array_end, .)

.init_array     0x080046c4        0x4
                0x080046c4                PROVIDE (__init_array_start, .)
 *(SORT(.init_array.*))
 *(.init_array*)
 .init_array    0x080046c4        0x4 c:/ac6/systemworkbench/plugins/fr.ac6.mcu.externaltools.arm-none.win32_1.15.0.201708311556/tools/compiler/bin/../lib/gcc/arm-none-eabi/6.3.1/thumb/v7-m/crtbegin.o
                0x080046c8                PROVIDE (__init_array_end, .)

.fini_array     0x080046c8        0x4
                [!provide]                PROVIDE (__fini_array_start, .)
 *(SORT(.fini_array.*))
 *(.fini_array*)
 .fini_array    0x080046c8        0x4 c:/ac6/systemworkbench/plugins/fr.ac6.mcu.externaltools.arm-none.win32_1.15.0.201708311556/tools/compiler/bin/../lib/gcc/arm-none-eabi/6.3.1/thumb/v7-m/crtbegin.o
                [!provide]                PROVIDE (__fini_array_end, .)
                0x080046cc                _sidata = LOADADDR (.data)

.data           0x20000000       0xa8 load address 0x080046cc
                0x20000000                . = ALIGN (0x4)
                0x20000000                _sdata = .
 *(.data)
 .data          0x20000000        0x8 Drivers/STM32F1xx_HAL_Driver/Src/stm32f1xx_hal.o
                0x20000000                uwTickFreq
                0x20000004                uwTickPrio
 .data          0x20000008       0x38 Src/DaqSlave.o
                0x20000008                temp
                0x2000000a                IRcan0
                0x2000000c                ext1
                0x20000010                Dado_3
                0x20000014                IRcan5
                0x20000016                IRcan6
                0x20000018                IRcan7
                0x2000001a                IRcan8
                0x2000001c                IRcan9
                0x2000001e                IRcan10
                0x20000020                IRcan11
                0x20000022                IRcan12
                0x20000024                IRcan13
                0x20000026                IRcan14
                0x20000028                IRcan15
                0x2000002a                MLXir
                0x2000002c                IRcan4
                0x2000002e                IRcan3
                0x20000030                IRcan2
                0x20000032                IRcan1
                0x20000034                MLXEEPROM
                0x20000038                Dado_2
                0x2000003c                Dado_1
 .data          0x20000040        0x4 Src/system_stm32f1xx.o
                0x20000040                SystemCoreClock
 *(.data*)
 .data._impure_ptr
                0x20000044        0x4 c:/ac6/systemworkbench/plugins/fr.ac6.mcu.externaltools.arm-none.win32_1.15.0.201708311556/tools/compiler/bin/../lib/gcc/arm-none-eabi/6.3.1/../../../../arm-none-eabi/lib/thumb/v7-m\libc_nano.a(lib_a-impure.o)
                0x20000044                _impure_ptr
 .data.impure_data
                0x20000048       0x60 c:/ac6/systemworkbench/plugins/fr.ac6.mcu.externaltools.arm-none.win32_1.15.0.201708311556/tools/compiler/bin/../lib/gcc/arm-none-eabi/6.3.1/../../../../arm-none-eabi/lib/thumb/v7-m\libc_nano.a(lib_a-impure.o)
                0x200000a8                . = ALIGN (0x4)
                0x200000a8                _edata = .

.jcr            0x200000a8        0x0 load address 0x08004774
 .jcr           0x200000a8        0x0 c:/ac6/systemworkbench/plugins/fr.ac6.mcu.externaltools.arm-none.win32_1.15.0.201708311556/tools/compiler/bin/../lib/gcc/arm-none-eabi/6.3.1/thumb/v7-m/crtbegin.o

.igot.plt       0x200000a8        0x0 load address 0x08004774
 .igot.plt      0x200000a8        0x0 c:/ac6/systemworkbench/plugins/fr.ac6.mcu.externaltools.arm-none.win32_1.15.0.201708311556/tools/compiler/bin/../lib/gcc/arm-none-eabi/6.3.1/thumb/v7-m/crtbegin.o
                0x200000a8                . = ALIGN (0x4)

.bss            0x200000a8      0x698 load address 0x08004774
                0x200000a8                _sbss = .
                0x200000a8                __bss_start__ = _sbss
 *(.bss)
 .bss           0x200000a8       0x1c c:/ac6/systemworkbench/plugins/fr.ac6.mcu.externaltools.arm-none.win32_1.15.0.201708311556/tools/compiler/bin/../lib/gcc/arm-none-eabi/6.3.1/thumb/v7-m/crtbegin.o
 .bss           0x200000c4      0x250 Src/DaqSlave.o
                0x200000c4                buffer
                0x200000ce                configuration
                0x200000d0                bigbuff
                0x200001d4                eepromData
                0x200002d8                resolution
                0x200002da                ptat
                0x200002dc                cpix
                0x200002de                contmlx
                0x200002e0                IRCan
                0x20000300                OFFSET_3
                0x20000304                OFFSET_2
                0x20000308                OFFSET_1
                0x2000030c                Tambient
                0x20000310                k_t2_scale
                0x20000312                k_t1_scale
 .bss           0x20000314        0x1 Src/main.o
                0x20000314                cont
 *fill*         0x20000315        0x3 
 .bss           0x20000318        0x8 Src/syscalls.o
                0x2000031c                __env
 *(.bss*)
 .bss.__malloc_free_list
                0x20000320        0x4 c:/ac6/systemworkbench/plugins/fr.ac6.mcu.externaltools.arm-none.win32_1.15.0.201708311556/tools/compiler/bin/../lib/gcc/arm-none-eabi/6.3.1/../../../../arm-none-eabi/lib/thumb/v7-m\libc_nano.a(lib_a-nano-mallocr.o)
                0x20000320                __malloc_free_list
 .bss.__malloc_sbrk_start
                0x20000324        0x4 c:/ac6/systemworkbench/plugins/fr.ac6.mcu.externaltools.arm-none.win32_1.15.0.201708311556/tools/compiler/bin/../lib/gcc/arm-none-eabi/6.3.1/../../../../arm-none-eabi/lib/thumb/v7-m\libc_nano.a(lib_a-nano-mallocr.o)
                0x20000324                __malloc_sbrk_start
 *(COMMON)
 COMMON         0x20000328        0x4 Drivers/STM32F1xx_HAL_Driver/Src/stm32f1xx_hal.o
                0x20000328                uwTick
 COMMON         0x2000032c      0x2e4 Src/DaqSlave.o
                0x2000032c                IRmedia
                0x2000034c                sFilterConfig
                0x20000374                vetTn
                0x2000037c                Pot
                0x20000380                vetTy
                0x20000388                hi2c2
                0x200003dc                convert_1
                0x200003e0                input
                0x200003e4                vetTx
                0x200003ec                hcan
                0x20000414                vetTz
                0x2000041c                leitura_BetinaInt
                0x20000420                vetTm
                0x20000428                vetTt
                0x20000430                leitura
                0x20000434                vetTv
                0x2000043c                TxData
                0x20000444                leitura_PotInt
                0x20000448                TxMailbox
                0x2000044c                vetTu
                0x20000454                RxData
                0x2000045c                temperatures
                0x2000055c                TxHeader
                0x20000574                irData
                0x200005f4                RxHeader
 COMMON         0x20000610      0x12c Src/main.o
                0x20000610                hadc2
                0x20000640                ext2
                0x20000644                Senp
                0x20000648                htim3
                0x20000688                hadc1
                0x200006b8                huart1
                0x200006f8                htim2
                0x20000738                ext3
 COMMON         0x2000073c        0x4 c:/ac6/systemworkbench/plugins/fr.ac6.mcu.externaltools.arm-none.win32_1.15.0.201708311556/tools/compiler/bin/../lib/gcc/arm-none-eabi/6.3.1/../../../../arm-none-eabi/lib/thumb/v7-m\libc_nano.a(lib_a-reent.o)
                0x2000073c                errno
                0x20000740                . = ALIGN (0x4)
                0x20000740                _ebss = .
                0x20000740                __bss_end__ = _ebss

._user_heap_stack
                0x20000740      0x600 load address 0x08004774
                0x20000740                . = ALIGN (0x8)
                0x20000740                PROVIDE (end, .)
                [!provide]                PROVIDE (_end, .)
                0x20000940                . = (. + _Min_Heap_Size)
 *fill*         0x20000740      0x200 
                0x20000d40                . = (. + _Min_Stack_Size)
 *fill*         0x20000940      0x400 
                0x20000d40                . = ALIGN (0x8)

/DISCARD/
 libc.a(*)
 libm.a(*)
 libgcc.a(*)

.ARM.attributes
                0x00000000       0x29
 *(.ARM.attributes)
 .ARM.attributes
                0x00000000       0x1d c:/ac6/systemworkbench/plugins/fr.ac6.mcu.externaltools.arm-none.win32_1.15.0.201708311556/tools/compiler/bin/../lib/gcc/arm-none-eabi/6.3.1/thumb/v7-m/crti.o
 .ARM.attributes
                0x0000001d       0x2d c:/ac6/systemworkbench/plugins/fr.ac6.mcu.externaltools.arm-none.win32_1.15.0.201708311556/tools/compiler/bin/../lib/gcc/arm-none-eabi/6.3.1/thumb/v7-m/crtbegin.o
 .ARM.attributes
                0x0000004a       0x33 Drivers/STM32F1xx_HAL_Driver/Src/stm32f1xx_hal.o
 .ARM.attributes
                0x0000007d       0x33 Drivers/STM32F1xx_HAL_Driver/Src/stm32f1xx_hal_adc.o
 .ARM.attributes
                0x000000b0       0x33 Drivers/STM32F1xx_HAL_Driver/Src/stm32f1xx_hal_can.o
 .ARM.attributes
                0x000000e3       0x33 Drivers/STM32F1xx_HAL_Driver/Src/stm32f1xx_hal_cortex.o
 .ARM.attributes
                0x00000116       0x33 Drivers/STM32F1xx_HAL_Driver/Src/stm32f1xx_hal_gpio.o
 .ARM.attributes
                0x00000149       0x33 Drivers/STM32F1xx_HAL_Driver/Src/stm32f1xx_hal_i2c.o
 .ARM.attributes
                0x0000017c       0x33 Drivers/STM32F1xx_HAL_Driver/Src/stm32f1xx_hal_rcc.o
 .ARM.attributes
                0x000001af       0x33 Drivers/STM32F1xx_HAL_Driver/Src/stm32f1xx_hal_rcc_ex.o
 .ARM.attributes
                0x000001e2       0x33 Drivers/STM32F1xx_HAL_Driver/Src/stm32f1xx_hal_tim.o
 .ARM.attributes
                0x00000215       0x33 Drivers/STM32F1xx_HAL_Driver/Src/stm32f1xx_hal_tim_ex.o
 .ARM.attributes
                0x00000248       0x33 Drivers/STM32F1xx_HAL_Driver/Src/stm32f1xx_hal_uart.o
 .ARM.attributes
                0x0000027b       0x33 Src/DaqSlave.o
 .ARM.attributes
                0x000002ae       0x33 Src/main.o
 .ARM.attributes
                0x000002e1       0x33 Src/stm32f1xx_hal_msp.o
 .ARM.attributes
                0x00000314       0x33 Src/stm32f1xx_it.o
 .ARM.attributes
                0x00000347       0x33 Src/syscalls.o
 .ARM.attributes
                0x0000037a       0x33 Src/system_stm32f1xx.o
 .ARM.attributes
                0x000003ad       0x21 startup/startup_stm32f103xb.o
 .ARM.attributes
                0x000003ce       0x2d c:/ac6/systemworkbench/plugins/fr.ac6.mcu.externaltools.arm-none.win32_1.15.0.201708311556/tools/compiler/bin/../lib/gcc/arm-none-eabi/6.3.1/../../../../arm-none-eabi/lib/thumb/v7-m\libc_nano.a(lib_a-errno.o)
 .ARM.attributes
                0x000003fb       0x2d c:/ac6/systemworkbench/plugins/fr.ac6.mcu.externaltools.arm-none.win32_1.15.0.201708311556/tools/compiler/bin/../lib/gcc/arm-none-eabi/6.3.1/../../../../arm-none-eabi/lib/thumb/v7-m\libc_nano.a(lib_a-impure.o)
 .ARM.attributes
                0x00000428       0x2d c:/ac6/systemworkbench/plugins/fr.ac6.mcu.externaltools.arm-none.win32_1.15.0.201708311556/tools/compiler/bin/../lib/gcc/arm-none-eabi/6.3.1/../../../../arm-none-eabi/lib/thumb/v7-m\libc_nano.a(lib_a-init.o)
 .ARM.attributes
                0x00000455       0x2d c:/ac6/systemworkbench/plugins/fr.ac6.mcu.externaltools.arm-none.win32_1.15.0.201708311556/tools/compiler/bin/../lib/gcc/arm-none-eabi/6.3.1/../../../../arm-none-eabi/lib/thumb/v7-m\libc_nano.a(lib_a-memset.o)
 .ARM.attributes
                0x00000482       0x2d c:/ac6/systemworkbench/plugins/fr.ac6.mcu.externaltools.arm-none.win32_1.15.0.201708311556/tools/compiler/bin/../lib/gcc/arm-none-eabi/6.3.1/../../../../arm-none-eabi/lib/thumb/v7-m\libc_nano.a(lib_a-vsprintf.o)
 .ARM.attributes
                0x000004af       0x2d c:/ac6/systemworkbench/plugins/fr.ac6.mcu.externaltools.arm-none.win32_1.15.0.201708311556/tools/compiler/bin/../lib/gcc/arm-none-eabi/6.3.1/../../../../arm-none-eabi/lib/thumb/v7-m\libc_nano.a(lib_a-nano-svfprintf.o)
 .ARM.attributes
                0x000004dc       0x2d c:/ac6/systemworkbench/plugins/fr.ac6.mcu.externaltools.arm-none.win32_1.15.0.201708311556/tools/compiler/bin/../lib/gcc/arm-none-eabi/6.3.1/../../../../arm-none-eabi/lib/thumb/v7-m\libc_nano.a(lib_a-nano-vfprintf_i.o)
 .ARM.attributes
                0x00000509       0x2d c:/ac6/systemworkbench/plugins/fr.ac6.mcu.externaltools.arm-none.win32_1.15.0.201708311556/tools/compiler/bin/../lib/gcc/arm-none-eabi/6.3.1/../../../../arm-none-eabi/lib/thumb/v7-m\libc_nano.a(lib_a-memchr-stub.o)
 .ARM.attributes
                0x00000536       0x2d c:/ac6/systemworkbench/plugins/fr.ac6.mcu.externaltools.arm-none.win32_1.15.0.201708311556/tools/compiler/bin/../lib/gcc/arm-none-eabi/6.3.1/../../../../arm-none-eabi/lib/thumb/v7-m\libc_nano.a(lib_a-memcpy-stub.o)
 .ARM.attributes
                0x00000563       0x2d c:/ac6/systemworkbench/plugins/fr.ac6.mcu.externaltools.arm-none.win32_1.15.0.201708311556/tools/compiler/bin/../lib/gcc/arm-none-eabi/6.3.1/../../../../arm-none-eabi/lib/thumb/v7-m\libc_nano.a(lib_a-memmove.o)
 .ARM.attributes
                0x00000590       0x2d c:/ac6/systemworkbench/plugins/fr.ac6.mcu.externaltools.arm-none.win32_1.15.0.201708311556/tools/compiler/bin/../lib/gcc/arm-none-eabi/6.3.1/../../../../arm-none-eabi/lib/thumb/v7-m\libc_nano.a(lib_a-nano-freer.o)
 .ARM.attributes
                0x000005bd       0x2d c:/ac6/systemworkbench/plugins/fr.ac6.mcu.externaltools.arm-none.win32_1.15.0.201708311556/tools/compiler/bin/../lib/gcc/arm-none-eabi/6.3.1/../../../../arm-none-eabi/lib/thumb/v7-m\libc_nano.a(lib_a-nano-mallocr.o)
 .ARM.attributes
                0x000005ea       0x2d c:/ac6/systemworkbench/plugins/fr.ac6.mcu.externaltools.arm-none.win32_1.15.0.201708311556/tools/compiler/bin/../lib/gcc/arm-none-eabi/6.3.1/../../../../arm-none-eabi/lib/thumb/v7-m\libc_nano.a(lib_a-nano-reallocr.o)
 .ARM.attributes
                0x00000617       0x2d c:/ac6/systemworkbench/plugins/fr.ac6.mcu.externaltools.arm-none.win32_1.15.0.201708311556/tools/compiler/bin/../lib/gcc/arm-none-eabi/6.3.1/../../../../arm-none-eabi/lib/thumb/v7-m\libc_nano.a(lib_a-sbrkr.o)
 .ARM.attributes
                0x00000644       0x2d c:/ac6/systemworkbench/plugins/fr.ac6.mcu.externaltools.arm-none.win32_1.15.0.201708311556/tools/compiler/bin/../lib/gcc/arm-none-eabi/6.3.1/../../../../arm-none-eabi/lib/thumb/v7-m\libc_nano.a(lib_a-mlock.o)
 .ARM.attributes
                0x00000671       0x2d c:/ac6/systemworkbench/plugins/fr.ac6.mcu.externaltools.arm-none.win32_1.15.0.201708311556/tools/compiler/bin/../lib/gcc/arm-none-eabi/6.3.1/../../../../arm-none-eabi/lib/thumb/v7-m\libc_nano.a(lib_a-nano-msizer.o)
 .ARM.attributes
                0x0000069e       0x2d c:/ac6/systemworkbench/plugins/fr.ac6.mcu.externaltools.arm-none.win32_1.15.0.201708311556/tools/compiler/bin/../lib/gcc/arm-none-eabi/6.3.1/../../../../arm-none-eabi/lib/thumb/v7-m\libc_nano.a(lib_a-reent.o)
 .ARM.attributes
                0x000006cb       0x1d c:/ac6/systemworkbench/plugins/fr.ac6.mcu.externaltools.arm-none.win32_1.15.0.201708311556/tools/compiler/bin/../lib/gcc/arm-none-eabi/6.3.1/thumb/v7-m/crtn.o
OUTPUT(newcan.elf elf32-littlearm)

.debug_info     0x00000000    0x150e6
 .debug_info    0x00000000      0x7ad Drivers/STM32F1xx_HAL_Driver/Src/stm32f1xx_hal.o
 .debug_info    0x000007ad      0xe50 Drivers/STM32F1xx_HAL_Driver/Src/stm32f1xx_hal_adc.o
 .debug_info    0x000015fd     0x1124 Drivers/STM32F1xx_HAL_Driver/Src/stm32f1xx_hal_can.o
 .debug_info    0x00002721      0xcaf Drivers/STM32F1xx_HAL_Driver/Src/stm32f1xx_hal_cortex.o
 .debug_info    0x000033d0      0x694 Drivers/STM32F1xx_HAL_Driver/Src/stm32f1xx_hal_gpio.o
 .debug_info    0x00003a64     0x38a2 Drivers/STM32F1xx_HAL_Driver/Src/stm32f1xx_hal_i2c.o
 .debug_info    0x00007306      0x9e7 Drivers/STM32F1xx_HAL_Driver/Src/stm32f1xx_hal_rcc.o
 .debug_info    0x00007ced      0x48f Drivers/STM32F1xx_HAL_Driver/Src/stm32f1xx_hal_rcc_ex.o
 .debug_info    0x0000817c     0x3185 Drivers/STM32F1xx_HAL_Driver/Src/stm32f1xx_hal_tim.o
 .debug_info    0x0000b301     0x1498 Drivers/STM32F1xx_HAL_Driver/Src/stm32f1xx_hal_tim_ex.o
 .debug_info    0x0000c799     0x16a0 Drivers/STM32F1xx_HAL_Driver/Src/stm32f1xx_hal_uart.o
 .debug_info    0x0000de39     0x1bae Src/DaqSlave.o
 .debug_info    0x0000f9e7     0x1f2f Src/main.o
 .debug_info    0x00011916     0x18a2 Src/stm32f1xx_hal_msp.o
 .debug_info    0x000131b8      0xab2 Src/stm32f1xx_it.o
 .debug_info    0x00013c6a      0xfcf Src/syscalls.o
 .debug_info    0x00014c39      0x43b Src/system_stm32f1xx.o
 .debug_info    0x00015074       0x72 startup/startup_stm32f103xb.o

.debug_abbrev   0x00000000     0x2731
 .debug_abbrev  0x00000000      0x1fc Drivers/STM32F1xx_HAL_Driver/Src/stm32f1xx_hal.o
 .debug_abbrev  0x000001fc      0x1fb Drivers/STM32F1xx_HAL_Driver/Src/stm32f1xx_hal_adc.o
 .debug_abbrev  0x000003f7      0x243 Drivers/STM32F1xx_HAL_Driver/Src/stm32f1xx_hal_can.o
 .debug_abbrev  0x0000063a      0x301 Drivers/STM32F1xx_HAL_Driver/Src/stm32f1xx_hal_cortex.o
 .debug_abbrev  0x0000093b      0x1dc Drivers/STM32F1xx_HAL_Driver/Src/stm32f1xx_hal_gpio.o
 .debug_abbrev  0x00000b17      0x280 Drivers/STM32F1xx_HAL_Driver/Src/stm32f1xx_hal_i2c.o
 .debug_abbrev  0x00000d97      0x255 Drivers/STM32F1xx_HAL_Driver/Src/stm32f1xx_hal_rcc.o
 .debug_abbrev  0x00000fec      0x1c7 Drivers/STM32F1xx_HAL_Driver/Src/stm32f1xx_hal_rcc_ex.o
 .debug_abbrev  0x000011b3      0x233 Drivers/STM32F1xx_HAL_Driver/Src/stm32f1xx_hal_tim.o
 .debug_abbrev  0x000013e6      0x233 Drivers/STM32F1xx_HAL_Driver/Src/stm32f1xx_hal_tim_ex.o
 .debug_abbrev  0x00001619      0x25d Drivers/STM32F1xx_HAL_Driver/Src/stm32f1xx_hal_uart.o
 .debug_abbrev  0x00001876      0x38d Src/DaqSlave.o
 .debug_abbrev  0x00001c03      0x308 Src/main.o
 .debug_abbrev  0x00001f0b      0x251 Src/stm32f1xx_hal_msp.o
 .debug_abbrev  0x0000215c      0x1bd Src/stm32f1xx_it.o
 .debug_abbrev  0x00002319      0x2d4 Src/syscalls.o
 .debug_abbrev  0x000025ed      0x132 Src/system_stm32f1xx.o
 .debug_abbrev  0x0000271f       0x12 startup/startup_stm32f103xb.o

.debug_loc      0x00000000     0xc9b5
 .debug_loc     0x00000000      0x104 Drivers/STM32F1xx_HAL_Driver/Src/stm32f1xx_hal.o
 .debug_loc     0x00000104      0x952 Drivers/STM32F1xx_HAL_Driver/Src/stm32f1xx_hal_adc.o
 .debug_loc     0x00000a56      0xc0a Drivers/STM32F1xx_HAL_Driver/Src/stm32f1xx_hal_can.o
 .debug_loc     0x00001660      0x5f5 Drivers/STM32F1xx_HAL_Driver/Src/stm32f1xx_hal_cortex.o
 .debug_loc     0x00001c55      0x37c Drivers/STM32F1xx_HAL_Driver/Src/stm32f1xx_hal_gpio.o
 .debug_loc     0x00001fd1     0x38db Drivers/STM32F1xx_HAL_Driver/Src/stm32f1xx_hal_i2c.o
 .debug_loc     0x000058ac      0x47d Drivers/STM32F1xx_HAL_Driver/Src/stm32f1xx_hal_rcc.o
 .debug_loc     0x00005d29      0x2dc Drivers/STM32F1xx_HAL_Driver/Src/stm32f1xx_hal_rcc_ex.o
 .debug_loc     0x00006005     0x381f Drivers/STM32F1xx_HAL_Driver/Src/stm32f1xx_hal_tim.o
 .debug_loc     0x00009824     0x11e3 Drivers/STM32F1xx_HAL_Driver/Src/stm32f1xx_hal_tim_ex.o
 .debug_loc     0x0000aa07     0x1543 Drivers/STM32F1xx_HAL_Driver/Src/stm32f1xx_hal_uart.o
 .debug_loc     0x0000bf4a      0x2f4 Src/DaqSlave.o
 .debug_loc     0x0000c23e       0x49 Src/main.o
 .debug_loc     0x0000c287      0x2a2 Src/stm32f1xx_hal_msp.o
 .debug_loc     0x0000c529      0x3ad Src/syscalls.o
 .debug_loc     0x0000c8d6       0xdf Src/system_stm32f1xx.o

.debug_aranges  0x00000000     0x1130
 .debug_aranges
                0x00000000       0xe0 Drivers/STM32F1xx_HAL_Driver/Src/stm32f1xx_hal.o
 .debug_aranges
                0x000000e0       0xf0 Drivers/STM32F1xx_HAL_Driver/Src/stm32f1xx_hal_adc.o
 .debug_aranges
                0x000001d0      0x138 Drivers/STM32F1xx_HAL_Driver/Src/stm32f1xx_hal_can.o
 .debug_aranges
                0x00000308       0x90 Drivers/STM32F1xx_HAL_Driver/Src/stm32f1xx_hal_cortex.o
 .debug_aranges
                0x00000398       0x58 Drivers/STM32F1xx_HAL_Driver/Src/stm32f1xx_hal_gpio.o
 .debug_aranges
                0x000003f0      0x2a0 Drivers/STM32F1xx_HAL_Driver/Src/stm32f1xx_hal_i2c.o
 .debug_aranges
                0x00000690       0x90 Drivers/STM32F1xx_HAL_Driver/Src/stm32f1xx_hal_rcc.o
 .debug_aranges
                0x00000720       0x30 Drivers/STM32F1xx_HAL_Driver/Src/stm32f1xx_hal_rcc_ex.o
 .debug_aranges
                0x00000750      0x3a8 Drivers/STM32F1xx_HAL_Driver/Src/stm32f1xx_hal_tim.o
 .debug_aranges
                0x00000af8      0x150 Drivers/STM32F1xx_HAL_Driver/Src/stm32f1xx_hal_tim_ex.o
 .debug_aranges
                0x00000c48      0x1d0 Drivers/STM32F1xx_HAL_Driver/Src/stm32f1xx_hal_uart.o
 .debug_aranges
                0x00000e18       0x98 Src/DaqSlave.o
 .debug_aranges
                0x00000eb0       0x98 Src/main.o
 .debug_aranges
                0x00000f48       0x70 Src/stm32f1xx_hal_msp.o
 .debug_aranges
                0x00000fb8       0x78 Src/stm32f1xx_it.o
 .debug_aranges
                0x00001030       0xb0 Src/syscalls.o
 .debug_aranges
                0x000010e0       0x28 Src/system_stm32f1xx.o
 .debug_aranges
                0x00001108       0x28 startup/startup_stm32f103xb.o

.debug_ranges   0x00000000     0x10e0
 .debug_ranges  0x00000000       0xd0 Drivers/STM32F1xx_HAL_Driver/Src/stm32f1xx_hal.o
 .debug_ranges  0x000000d0       0xe0 Drivers/STM32F1xx_HAL_Driver/Src/stm32f1xx_hal_adc.o
 .debug_ranges  0x000001b0      0x128 Drivers/STM32F1xx_HAL_Driver/Src/stm32f1xx_hal_can.o
 .debug_ranges  0x000002d8       0xe0 Drivers/STM32F1xx_HAL_Driver/Src/stm32f1xx_hal_cortex.o
 .debug_ranges  0x000003b8       0x48 Drivers/STM32F1xx_HAL_Driver/Src/stm32f1xx_hal_gpio.o
 .debug_ranges  0x00000400      0x2a8 Drivers/STM32F1xx_HAL_Driver/Src/stm32f1xx_hal_i2c.o
 .debug_ranges  0x000006a8       0xa0 Drivers/STM32F1xx_HAL_Driver/Src/stm32f1xx_hal_rcc.o
 .debug_ranges  0x00000748       0x38 Drivers/STM32F1xx_HAL_Driver/Src/stm32f1xx_hal_rcc_ex.o
 .debug_ranges  0x00000780      0x398 Drivers/STM32F1xx_HAL_Driver/Src/stm32f1xx_hal_tim.o
 .debug_ranges  0x00000b18      0x140 Drivers/STM32F1xx_HAL_Driver/Src/stm32f1xx_hal_tim_ex.o
 .debug_ranges  0x00000c58      0x1c0 Drivers/STM32F1xx_HAL_Driver/Src/stm32f1xx_hal_uart.o
 .debug_ranges  0x00000e18       0xa0 Src/DaqSlave.o
 .debug_ranges  0x00000eb8       0x88 Src/main.o
 .debug_ranges  0x00000f40       0x60 Src/stm32f1xx_hal_msp.o
 .debug_ranges  0x00000fa0       0x68 Src/stm32f1xx_it.o
 .debug_ranges  0x00001008       0xa0 Src/syscalls.o
 .debug_ranges  0x000010a8       0x18 Src/system_stm32f1xx.o
 .debug_ranges  0x000010c0       0x20 startup/startup_stm32f103xb.o

.debug_macro    0x00000000    0x16016
 .debug_macro   0x00000000      0x1e6 Drivers/STM32F1xx_HAL_Driver/Src/stm32f1xx_hal.o
 .debug_macro   0x000001e6      0x8b0 Drivers/STM32F1xx_HAL_Driver/Src/stm32f1xx_hal.o
 .debug_macro   0x00000a96      0x22d Drivers/STM32F1xx_HAL_Driver/Src/stm32f1xx_hal.o
 .debug_macro   0x00000cc3       0x2e Drivers/STM32F1xx_HAL_Driver/Src/stm32f1xx_hal.o
 .debug_macro   0x00000cf1       0x22 Drivers/STM32F1xx_HAL_Driver/Src/stm32f1xx_hal.o
 .debug_macro   0x00000d13       0x22 Drivers/STM32F1xx_HAL_Driver/Src/stm32f1xx_hal.o
 .debug_macro   0x00000d35       0x87 Drivers/STM32F1xx_HAL_Driver/Src/stm32f1xx_hal.o
 .debug_macro   0x00000dbc       0x51 Drivers/STM32F1xx_HAL_Driver/Src/stm32f1xx_hal.o
 .debug_macro   0x00000e0d       0xef Drivers/STM32F1xx_HAL_Driver/Src/stm32f1xx_hal.o
 .debug_macro   0x00000efc       0x6a Drivers/STM32F1xx_HAL_Driver/Src/stm32f1xx_hal.o
 .debug_macro   0x00000f66      0x1df Drivers/STM32F1xx_HAL_Driver/Src/stm32f1xx_hal.o
 .debug_macro   0x00001145       0x1c Drivers/STM32F1xx_HAL_Driver/Src/stm32f1xx_hal.o
 .debug_macro   0x00001161       0x22 Drivers/STM32F1xx_HAL_Driver/Src/stm32f1xx_hal.o
 .debug_macro   0x00001183       0xc3 Drivers/STM32F1xx_HAL_Driver/Src/stm32f1xx_hal.o
 .debug_macro   0x00001246      0xd23 Drivers/STM32F1xx_HAL_Driver/Src/stm32f1xx_hal.o
 .debug_macro   0x00001f69     0xe09e Drivers/STM32F1xx_HAL_Driver/Src/stm32f1xx_hal.o
 .debug_macro   0x00010007       0x43 Drivers/STM32F1xx_HAL_Driver/Src/stm32f1xx_hal.o
 .debug_macro   0x0001004a      0x174 Drivers/STM32F1xx_HAL_Driver/Src/stm32f1xx_hal.o
 .debug_macro   0x000101be       0x5a Drivers/STM32F1xx_HAL_Driver/Src/stm32f1xx_hal.o
 .debug_macro   0x00010218      0x5be Drivers/STM32F1xx_HAL_Driver/Src/stm32f1xx_hal.o
 .debug_macro   0x000107d6      0x289 Drivers/STM32F1xx_HAL_Driver/Src/stm32f1xx_hal.o
 .debug_macro   0x00010a5f      0x1cb Drivers/STM32F1xx_HAL_Driver/Src/stm32f1xx_hal.o
 .debug_macro   0x00010c2a      0x114 Drivers/STM32F1xx_HAL_Driver/Src/stm32f1xx_hal.o
 .debug_macro   0x00010d3e      0x1b2 Drivers/STM32F1xx_HAL_Driver/Src/stm32f1xx_hal.o
 .debug_macro   0x00010ef0       0x27 Drivers/STM32F1xx_HAL_Driver/Src/stm32f1xx_hal.o
 .debug_macro   0x00010f17      0x136 Drivers/STM32F1xx_HAL_Driver/Src/stm32f1xx_hal.o
 .debug_macro   0x0001104d      0x1bc Drivers/STM32F1xx_HAL_Driver/Src/stm32f1xx_hal.o
 .debug_macro   0x00011209       0x34 Drivers/STM32F1xx_HAL_Driver/Src/stm32f1xx_hal.o
 .debug_macro   0x0001123d       0x3c Drivers/STM32F1xx_HAL_Driver/Src/stm32f1xx_hal.o
 .debug_macro   0x00011279      0x408 Drivers/STM32F1xx_HAL_Driver/Src/stm32f1xx_hal.o
 .debug_macro   0x00011681       0x57 Drivers/STM32F1xx_HAL_Driver/Src/stm32f1xx_hal.o
 .debug_macro   0x000116d8      0x46a Drivers/STM32F1xx_HAL_Driver/Src/stm32f1xx_hal.o
 .debug_macro   0x00011b42      0x1b5 Drivers/STM32F1xx_HAL_Driver/Src/stm32f1xx_hal.o
 .debug_macro   0x00011cf7       0x88 Drivers/STM32F1xx_HAL_Driver/Src/stm32f1xx_hal.o
 .debug_macro   0x00011d7f      0x241 Drivers/STM32F1xx_HAL_Driver/Src/stm32f1xx_hal.o
 .debug_macro   0x00011fc0      0x28e Drivers/STM32F1xx_HAL_Driver/Src/stm32f1xx_hal.o
 .debug_macro   0x0001224e      0x141 Drivers/STM32F1xx_HAL_Driver/Src/stm32f1xx_hal.o
 .debug_macro   0x0001238f      0x88b Drivers/STM32F1xx_HAL_Driver/Src/stm32f1xx_hal.o
 .debug_macro   0x00012c1a      0x26b Drivers/STM32F1xx_HAL_Driver/Src/stm32f1xx_hal.o
 .debug_macro   0x00012e85       0x83 Drivers/STM32F1xx_HAL_Driver/Src/stm32f1xx_hal.o
 .debug_macro   0x00012f08      0x1df Drivers/STM32F1xx_HAL_Driver/Src/stm32f1xx_hal_adc.o
 .debug_macro   0x000130e7      0x1ca Drivers/STM32F1xx_HAL_Driver/Src/stm32f1xx_hal_can.o
 .debug_macro   0x000132b1      0x1c2 Drivers/STM32F1xx_HAL_Driver/Src/stm32f1xx_hal_cortex.o
 .debug_macro   0x00013473      0x22d Drivers/STM32F1xx_HAL_Driver/Src/stm32f1xx_hal_gpio.o
 .debug_macro   0x000136a0      0x202 Drivers/STM32F1xx_HAL_Driver/Src/stm32f1xx_hal_i2c.o
 .debug_macro   0x000138a2      0x1d4 Drivers/STM32F1xx_HAL_Driver/Src/stm32f1xx_hal_rcc.o
 .debug_macro   0x00013a76      0x1c2 Drivers/STM32F1xx_HAL_Driver/Src/stm32f1xx_hal_rcc_ex.o
 .debug_macro   0x00013c38      0x1c3 Drivers/STM32F1xx_HAL_Driver/Src/stm32f1xx_hal_tim.o
 .debug_macro   0x00013dfb      0x1c2 Drivers/STM32F1xx_HAL_Driver/Src/stm32f1xx_hal_tim_ex.o
 .debug_macro   0x00013fbd      0x1c3 Drivers/STM32F1xx_HAL_Driver/Src/stm32f1xx_hal_uart.o
 .debug_macro   0x00014180      0x1ee Src/DaqSlave.o
 .debug_macro   0x0001436e       0x46 Src/DaqSlave.o
 .debug_macro   0x000143b4       0xa6 Src/DaqSlave.o
 .debug_macro   0x0001445a      0x207 Src/main.o
 .debug_macro   0x00014661       0x58 Src/main.o
 .debug_macro   0x000146b9      0x1d1 Src/stm32f1xx_hal_msp.o
 .debug_macro   0x0001488a      0x1db Src/stm32f1xx_it.o
 .debug_macro   0x00014a65      0x236 Src/syscalls.o
 .debug_macro   0x00014c9b       0x52 Src/syscalls.o
 .debug_macro   0x00014ced       0x8d Src/syscalls.o
 .debug_macro   0x00014d7a       0x35 Src/syscalls.o
 .debug_macro   0x00014daf       0x9c Src/syscalls.o
 .debug_macro   0x00014e4b       0x57 Src/syscalls.o
 .debug_macro   0x00014ea2      0x330 Src/syscalls.o
 .debug_macro   0x000151d2       0x58 Src/syscalls.o
 .debug_macro   0x0001522a       0x1f Src/syscalls.o
 .debug_macro   0x00015249       0x43 Src/syscalls.o
 .debug_macro   0x0001528c       0x20 Src/syscalls.o
 .debug_macro   0x000152ac      0x187 Src/syscalls.o
 .debug_macro   0x00015433       0x10 Src/syscalls.o
 .debug_macro   0x00015443       0x35 Src/syscalls.o
 .debug_macro   0x00015478       0x10 Src/syscalls.o
 .debug_macro   0x00015488       0x10 Src/syscalls.o
 .debug_macro   0x00015498       0x10 Src/syscalls.o
 .debug_macro   0x000154a8       0x1c Src/syscalls.o
 .debug_macro   0x000154c4       0x52 Src/syscalls.o
 .debug_macro   0x00015516       0x40 Src/syscalls.o
 .debug_macro   0x00015556       0x10 Src/syscalls.o
 .debug_macro   0x00015566       0x40 Src/syscalls.o
 .debug_macro   0x000155a6       0xd7 Src/syscalls.o
 .debug_macro   0x0001567d       0x35 Src/syscalls.o
 .debug_macro   0x000156b2      0x122 Src/syscalls.o
 .debug_macro   0x000157d4       0x16 Src/syscalls.o
 .debug_macro   0x000157ea       0x16 Src/syscalls.o
 .debug_macro   0x00015800       0x29 Src/syscalls.o
 .debug_macro   0x00015829       0x10 Src/syscalls.o
 .debug_macro   0x00015839      0x241 Src/syscalls.o
 .debug_macro   0x00015a7a       0x1c Src/syscalls.o
 .debug_macro   0x00015a96       0x10 Src/syscalls.o
 .debug_macro   0x00015aa6       0x10 Src/syscalls.o
 .debug_macro   0x00015ab6       0x16 Src/syscalls.o
 .debug_macro   0x00015acc      0x18b Src/syscalls.o
 .debug_macro   0x00015c57      0x159 Src/syscalls.o
 .debug_macro   0x00015db0       0x16 Src/syscalls.o
 .debug_macro   0x00015dc6       0x88 Src/syscalls.o
 .debug_macro   0x00015e4e      0x1c8 Src/system_stm32f1xx.o

.debug_line     0x00000000     0xbcd8
 .debug_line    0x00000000      0x82f Drivers/STM32F1xx_HAL_Driver/Src/stm32f1xx_hal.o
 .debug_line    0x0000082f      0xb8a Drivers/STM32F1xx_HAL_Driver/Src/stm32f1xx_hal_adc.o
 .debug_line    0x000013b9      0xb2a Drivers/STM32F1xx_HAL_Driver/Src/stm32f1xx_hal_can.o
 .debug_line    0x00001ee3      0x825 Drivers/STM32F1xx_HAL_Driver/Src/stm32f1xx_hal_cortex.o
 .debug_line    0x00002708      0x7fc Drivers/STM32F1xx_HAL_Driver/Src/stm32f1xx_hal_gpio.o
 .debug_line    0x00002f04     0x1deb Drivers/STM32F1xx_HAL_Driver/Src/stm32f1xx_hal_i2c.o
 .debug_line    0x00004cef      0x929 Drivers/STM32F1xx_HAL_Driver/Src/stm32f1xx_hal_rcc.o
 .debug_line    0x00005618      0x722 Drivers/STM32F1xx_HAL_Driver/Src/stm32f1xx_hal_rcc_ex.o
 .debug_line    0x00005d3a     0x175e Drivers/STM32F1xx_HAL_Driver/Src/stm32f1xx_hal_tim.o
 .debug_line    0x00007498      0xc68 Drivers/STM32F1xx_HAL_Driver/Src/stm32f1xx_hal_tim_ex.o
 .debug_line    0x00008100      0xf76 Drivers/STM32F1xx_HAL_Driver/Src/stm32f1xx_hal_uart.o
 .debug_line    0x00009076      0x88f Src/DaqSlave.o
 .debug_line    0x00009905      0x860 Src/main.o
 .debug_line    0x0000a165      0x783 Src/stm32f1xx_hal_msp.o
 .debug_line    0x0000a8e8      0x71e Src/stm32f1xx_it.o
 .debug_line    0x0000b006      0x5c5 Src/syscalls.o
 .debug_line    0x0000b5cb      0x690 Src/system_stm32f1xx.o
 .debug_line    0x0000bc5b       0x7d startup/startup_stm32f103xb.o

.debug_str      0x00000000    0x7c531
 .debug_str     0x00000000    0x729d2 Drivers/STM32F1xx_HAL_Driver/Src/stm32f1xx_hal.o
                              0x72d11 (size before relaxing)
 .debug_str     0x000729d2      0x6bf Drivers/STM32F1xx_HAL_Driver/Src/stm32f1xx_hal_adc.o
                              0x72d3a (size before relaxing)
 .debug_str     0x00073091      0x7d3 Drivers/STM32F1xx_HAL_Driver/Src/stm32f1xx_hal_can.o
                              0x72e6d (size before relaxing)
 .debug_str     0x00073864      0x2af Drivers/STM32F1xx_HAL_Driver/Src/stm32f1xx_hal_cortex.o
                              0x72cda (size before relaxing)
 .debug_str     0x00073b13      0x3a3 Drivers/STM32F1xx_HAL_Driver/Src/stm32f1xx_hal_gpio.o
                              0x72a05 (size before relaxing)
 .debug_str     0x00073eb6      0xe50 Drivers/STM32F1xx_HAL_Driver/Src/stm32f1xx_hal_i2c.o
                              0x736ae (size before relaxing)
 .debug_str     0x00074d06      0x353 Drivers/STM32F1xx_HAL_Driver/Src/stm32f1xx_hal_rcc.o
                              0x72a65 (size before relaxing)
 .debug_str     0x00075059      0x110 Drivers/STM32F1xx_HAL_Driver/Src/stm32f1xx_hal_rcc_ex.o
                              0x727ec (size before relaxing)
 .debug_str     0x00075169      0xfe8 Drivers/STM32F1xx_HAL_Driver/Src/stm32f1xx_hal_tim.o
                              0x7385c (size before relaxing)
 .debug_str     0x00076151      0x548 Drivers/STM32F1xx_HAL_Driver/Src/stm32f1xx_hal_tim_ex.o
                              0x73074 (size before relaxing)
 .debug_str     0x00076699      0x6d1 Drivers/STM32F1xx_HAL_Driver/Src/stm32f1xx_hal_uart.o
                              0x72fa4 (size before relaxing)
 .debug_str     0x00076d6a      0x607 Src/DaqSlave.o
                              0x7362b (size before relaxing)
 .debug_str     0x00077371      0x213 Src/main.o
                              0x73db3 (size before relaxing)
 .debug_str     0x00077584       0x25 Src/stm32f1xx_hal_msp.o
                              0x736e6 (size before relaxing)
 .debug_str     0x000775a9       0xb6 Src/stm32f1xx_it.o
                              0x72df1 (size before relaxing)
 .debug_str     0x0007765f     0x4e69 Src/syscalls.o
                               0x7d27 (size before relaxing)
 .debug_str     0x0007c4c8       0x69 Src/system_stm32f1xx.o
                              0x726b6 (size before relaxing)

.comment        0x00000000       0x7f
 .comment       0x00000000       0x7f Drivers/STM32F1xx_HAL_Driver/Src/stm32f1xx_hal.o
                                 0x80 (size before relaxing)
 .comment       0x0000007f       0x80 Drivers/STM32F1xx_HAL_Driver/Src/stm32f1xx_hal_adc.o
 .comment       0x0000007f       0x80 Drivers/STM32F1xx_HAL_Driver/Src/stm32f1xx_hal_can.o
 .comment       0x0000007f       0x80 Drivers/STM32F1xx_HAL_Driver/Src/stm32f1xx_hal_cortex.o
 .comment       0x0000007f       0x80 Drivers/STM32F1xx_HAL_Driver/Src/stm32f1xx_hal_gpio.o
 .comment       0x0000007f       0x80 Drivers/STM32F1xx_HAL_Driver/Src/stm32f1xx_hal_i2c.o
 .comment       0x0000007f       0x80 Drivers/STM32F1xx_HAL_Driver/Src/stm32f1xx_hal_rcc.o
 .comment       0x0000007f       0x80 Drivers/STM32F1xx_HAL_Driver/Src/stm32f1xx_hal_rcc_ex.o
 .comment       0x0000007f       0x80 Drivers/STM32F1xx_HAL_Driver/Src/stm32f1xx_hal_tim.o
 .comment       0x0000007f       0x80 Drivers/STM32F1xx_HAL_Driver/Src/stm32f1xx_hal_tim_ex.o
 .comment       0x0000007f       0x80 Drivers/STM32F1xx_HAL_Driver/Src/stm32f1xx_hal_uart.o
 .comment       0x0000007f       0x80 Src/DaqSlave.o
 .comment       0x0000007f       0x80 Src/main.o
 .comment       0x0000007f       0x80 Src/stm32f1xx_hal_msp.o
 .comment       0x0000007f       0x80 Src/stm32f1xx_it.o
 .comment       0x0000007f       0x80 Src/syscalls.o
 .comment       0x0000007f       0x80 Src/system_stm32f1xx.o

.debug_frame    0x00000000     0x32f4
 .debug_frame   0x00000000      0x1d0 Drivers/STM32F1xx_HAL_Driver/Src/stm32f1xx_hal.o
 .debug_frame   0x000001d0      0x2a8 Drivers/STM32F1xx_HAL_Driver/Src/stm32f1xx_hal_adc.o
 .debug_frame   0x00000478      0x2e4 Drivers/STM32F1xx_HAL_Driver/Src/stm32f1xx_hal_can.o
 .debug_frame   0x0000075c      0x12c Drivers/STM32F1xx_HAL_Driver/Src/stm32f1xx_hal_cortex.o
 .debug_frame   0x00000888       0xe4 Drivers/STM32F1xx_HAL_Driver/Src/stm32f1xx_hal_gpio.o
 .debug_frame   0x0000096c      0x93c Drivers/STM32F1xx_HAL_Driver/Src/stm32f1xx_hal_i2c.o
 .debug_frame   0x000012a8      0x194 Drivers/STM32F1xx_HAL_Driver/Src/stm32f1xx_hal_rcc.o
 .debug_frame   0x0000143c       0x6c Drivers/STM32F1xx_HAL_Driver/Src/stm32f1xx_hal_rcc_ex.o
 .debug_frame   0x000014a8      0xa88 Drivers/STM32F1xx_HAL_Driver/Src/stm32f1xx_hal_tim.o
 .debug_frame   0x00001f30      0x3b8 Drivers/STM32F1xx_HAL_Driver/Src/stm32f1xx_hal_tim_ex.o
 .debug_frame   0x000022e8      0x4e0 Drivers/STM32F1xx_HAL_Driver/Src/stm32f1xx_hal_uart.o
 .debug_frame   0x000027c8      0x1b0 Src/DaqSlave.o
 .debug_frame   0x00002978      0x1e0 Src/main.o
 .debug_frame   0x00002b58      0x144 Src/stm32f1xx_hal_msp.o
 .debug_frame   0x00002c9c       0xf0 Src/stm32f1xx_it.o
 .debug_frame   0x00002d8c      0x1ac Src/syscalls.o
 .debug_frame   0x00002f38       0x30 Src/system_stm32f1xx.o
 .debug_frame   0x00002f68       0x20 c:/ac6/systemworkbench/plugins/fr.ac6.mcu.externaltools.arm-none.win32_1.15.0.201708311556/tools/compiler/bin/../lib/gcc/arm-none-eabi/6.3.1/../../../../arm-none-eabi/lib/thumb/v7-m\libc_nano.a(lib_a-errno.o)
 .debug_frame   0x00002f88       0x2c c:/ac6/systemworkbench/plugins/fr.ac6.mcu.externaltools.arm-none.win32_1.15.0.201708311556/tools/compiler/bin/../lib/gcc/arm-none-eabi/6.3.1/../../../../arm-none-eabi/lib/thumb/v7-m\libc_nano.a(lib_a-init.o)
 .debug_frame   0x00002fb4       0x20 c:/ac6/systemworkbench/plugins/fr.ac6.mcu.externaltools.arm-none.win32_1.15.0.201708311556/tools/compiler/bin/../lib/gcc/arm-none-eabi/6.3.1/../../../../arm-none-eabi/lib/thumb/v7-m\libc_nano.a(lib_a-memset.o)
 .debug_frame   0x00002fd4       0x40 c:/ac6/systemworkbench/plugins/fr.ac6.mcu.externaltools.arm-none.win32_1.15.0.201708311556/tools/compiler/bin/../lib/gcc/arm-none-eabi/6.3.1/../../../../arm-none-eabi/lib/thumb/v7-m\libc_nano.a(lib_a-vsprintf.o)
 .debug_frame   0x00003014       0x90 c:/ac6/systemworkbench/plugins/fr.ac6.mcu.externaltools.arm-none.win32_1.15.0.201708311556/tools/compiler/bin/../lib/gcc/arm-none-eabi/6.3.1/../../../../arm-none-eabi/lib/thumb/v7-m\libc_nano.a(lib_a-nano-svfprintf.o)
 .debug_frame   0x000030a4       0x60 c:/ac6/systemworkbench/plugins/fr.ac6.mcu.externaltools.arm-none.win32_1.15.0.201708311556/tools/compiler/bin/../lib/gcc/arm-none-eabi/6.3.1/../../../../arm-none-eabi/lib/thumb/v7-m\libc_nano.a(lib_a-nano-vfprintf_i.o)
 .debug_frame   0x00003104       0x28 c:/ac6/systemworkbench/plugins/fr.ac6.mcu.externaltools.arm-none.win32_1.15.0.201708311556/tools/compiler/bin/../lib/gcc/arm-none-eabi/6.3.1/../../../../arm-none-eabi/lib/thumb/v7-m\libc_nano.a(lib_a-memchr-stub.o)
 .debug_frame   0x0000312c       0x28 c:/ac6/systemworkbench/plugins/fr.ac6.mcu.externaltools.arm-none.win32_1.15.0.201708311556/tools/compiler/bin/../lib/gcc/arm-none-eabi/6.3.1/../../../../arm-none-eabi/lib/thumb/v7-m\libc_nano.a(lib_a-memcpy-stub.o)
 .debug_frame   0x00003154       0x28 c:/ac6/systemworkbench/plugins/fr.ac6.mcu.externaltools.arm-none.win32_1.15.0.201708311556/tools/compiler/bin/../lib/gcc/arm-none-eabi/6.3.1/../../../../arm-none-eabi/lib/thumb/v7-m\libc_nano.a(lib_a-memmove.o)
 .debug_frame   0x0000317c       0x38 c:/ac6/systemworkbench/plugins/fr.ac6.mcu.externaltools.arm-none.win32_1.15.0.201708311556/tools/compiler/bin/../lib/gcc/arm-none-eabi/6.3.1/../../../../arm-none-eabi/lib/thumb/v7-m\libc_nano.a(lib_a-nano-freer.o)
 .debug_frame   0x000031b4       0x2c c:/ac6/systemworkbench/plugins/fr.ac6.mcu.externaltools.arm-none.win32_1.15.0.201708311556/tools/compiler/bin/../lib/gcc/arm-none-eabi/6.3.1/../../../../arm-none-eabi/lib/thumb/v7-m\libc_nano.a(lib_a-nano-mallocr.o)
 .debug_frame   0x000031e0       0x3c c:/ac6/systemworkbench/plugins/fr.ac6.mcu.externaltools.arm-none.win32_1.15.0.201708311556/tools/compiler/bin/../lib/gcc/arm-none-eabi/6.3.1/../../../../arm-none-eabi/lib/thumb/v7-m\libc_nano.a(lib_a-nano-reallocr.o)
 .debug_frame   0x0000321c       0x2c c:/ac6/systemworkbench/plugins/fr.ac6.mcu.externaltools.arm-none.win32_1.15.0.201708311556/tools/compiler/bin/../lib/gcc/arm-none-eabi/6.3.1/../../../../arm-none-eabi/lib/thumb/v7-m\libc_nano.a(lib_a-sbrkr.o)
 .debug_frame   0x00003248       0x30 c:/ac6/systemworkbench/plugins/fr.ac6.mcu.externaltools.arm-none.win32_1.15.0.201708311556/tools/compiler/bin/../lib/gcc/arm-none-eabi/6.3.1/../../../../arm-none-eabi/lib/thumb/v7-m\libc_nano.a(lib_a-mlock.o)
 .debug_frame   0x00003278       0x20 c:/ac6/systemworkbench/plugins/fr.ac6.mcu.externaltools.arm-none.win32_1.15.0.201708311556/tools/compiler/bin/../lib/gcc/arm-none-eabi/6.3.1/../../../../arm-none-eabi/lib/thumb/v7-m\libc_nano.a(lib_a-nano-msizer.o)
 .debug_frame   0x00003298       0x5c c:/ac6/systemworkbench/plugins/fr.ac6.mcu.externaltools.arm-none.win32_1.15.0.201708311556/tools/compiler/bin/../lib/gcc/arm-none-eabi/6.3.1/../../../../arm-none-eabi/lib/thumb/v7-m\libc_nano.a(lib_a-reent.o)
